Archive member included to satisfy reference by file (symbol)

C:/ST/STM32CubeIDE_1.15.1/STM32CubeIDE/plugins/com.st.stm32cube.ide.mcu.externaltools.gnu-tools-for-stm32.12.3.rel1.win32_1.0.100.202403111256/tools/bin/../lib/gcc/arm-none-eabi/12.3.1/../../../../arm-none-eabi/lib/thumb/v7e-m+fp/hard\libc_nano.a(libc_a-exit.o)
                              C:/ST/STM32CubeIDE_1.15.1/STM32CubeIDE/plugins/com.st.stm32cube.ide.mcu.externaltools.gnu-tools-for-stm32.12.3.rel1.win32_1.0.100.202403111256/tools/bin/../lib/gcc/arm-none-eabi/12.3.1/../../../../arm-none-eabi/lib/thumb/v7e-m+fp/hard/crt0.o (exit)
C:/ST/STM32CubeIDE_1.15.1/STM32CubeIDE/plugins/com.st.stm32cube.ide.mcu.externaltools.gnu-tools-for-stm32.12.3.rel1.win32_1.0.100.202403111256/tools/bin/../lib/gcc/arm-none-eabi/12.3.1/../../../../arm-none-eabi/lib/thumb/v7e-m+fp/hard\libc_nano.a(libc_a-qsort.o)
                              ./Core/Src/dbms/utils/lut.o (qsort)
C:/ST/STM32CubeIDE_1.15.1/STM32CubeIDE/plugins/com.st.stm32cube.ide.mcu.externaltools.gnu-tools-for-stm32.12.3.rel1.win32_1.0.100.202403111256/tools/bin/../lib/gcc/arm-none-eabi/12.3.1/../../../../arm-none-eabi/lib/thumb/v7e-m+fp/hard\libc_nano.a(libc_a-findfp.o)
                              C:/ST/STM32CubeIDE_1.15.1/STM32CubeIDE/plugins/com.st.stm32cube.ide.mcu.externaltools.gnu-tools-for-stm32.12.3.rel1.win32_1.0.100.202403111256/tools/bin/../lib/gcc/arm-none-eabi/12.3.1/../../../../arm-none-eabi/lib/thumb/v7e-m+fp/hard\libc_nano.a(libc_a-exit.o) (__stdio_exit_handler)
C:/ST/STM32CubeIDE_1.15.1/STM32CubeIDE/plugins/com.st.stm32cube.ide.mcu.externaltools.gnu-tools-for-stm32.12.3.rel1.win32_1.0.100.202403111256/tools/bin/../lib/gcc/arm-none-eabi/12.3.1/../../../../arm-none-eabi/lib/thumb/v7e-m+fp/hard\libc_nano.a(libc_a-fwalk.o)
                              C:/ST/STM32CubeIDE_1.15.1/STM32CubeIDE/plugins/com.st.stm32cube.ide.mcu.externaltools.gnu-tools-for-stm32.12.3.rel1.win32_1.0.100.202403111256/tools/bin/../lib/gcc/arm-none-eabi/12.3.1/../../../../arm-none-eabi/lib/thumb/v7e-m+fp/hard\libc_nano.a(libc_a-findfp.o) (_fwalk_sglue)
C:/ST/STM32CubeIDE_1.15.1/STM32CubeIDE/plugins/com.st.stm32cube.ide.mcu.externaltools.gnu-tools-for-stm32.12.3.rel1.win32_1.0.100.202403111256/tools/bin/../lib/gcc/arm-none-eabi/12.3.1/../../../../arm-none-eabi/lib/thumb/v7e-m+fp/hard\libc_nano.a(libc_a-printf.o)
                              ./Core/Src/dbms/storage.o (printf)
C:/ST/STM32CubeIDE_1.15.1/STM32CubeIDE/plugins/com.st.stm32cube.ide.mcu.externaltools.gnu-tools-for-stm32.12.3.rel1.win32_1.0.100.202403111256/tools/bin/../lib/gcc/arm-none-eabi/12.3.1/../../../../arm-none-eabi/lib/thumb/v7e-m+fp/hard\libc_nano.a(libc_a-stdio.o)
                              C:/ST/STM32CubeIDE_1.15.1/STM32CubeIDE/plugins/com.st.stm32cube.ide.mcu.externaltools.gnu-tools-for-stm32.12.3.rel1.win32_1.0.100.202403111256/tools/bin/../lib/gcc/arm-none-eabi/12.3.1/../../../../arm-none-eabi/lib/thumb/v7e-m+fp/hard\libc_nano.a(libc_a-findfp.o) (__sread)
C:/ST/STM32CubeIDE_1.15.1/STM32CubeIDE/plugins/com.st.stm32cube.ide.mcu.externaltools.gnu-tools-for-stm32.12.3.rel1.win32_1.0.100.202403111256/tools/bin/../lib/gcc/arm-none-eabi/12.3.1/../../../../arm-none-eabi/lib/thumb/v7e-m+fp/hard\libc_nano.a(libc_a-vsnprintf.o)
                              ./Core/Src/dbms/can/telem.o (vsnprintf)
C:/ST/STM32CubeIDE_1.15.1/STM32CubeIDE/plugins/com.st.stm32cube.ide.mcu.externaltools.gnu-tools-for-stm32.12.3.rel1.win32_1.0.100.202403111256/tools/bin/../lib/gcc/arm-none-eabi/12.3.1/../../../../arm-none-eabi/lib/thumb/v7e-m+fp/hard\libc_nano.a(libc_a-memset.o)
                              C:/ST/STM32CubeIDE_1.15.1/STM32CubeIDE/plugins/com.st.stm32cube.ide.mcu.externaltools.gnu-tools-for-stm32.12.3.rel1.win32_1.0.100.202403111256/tools/bin/../lib/gcc/arm-none-eabi/12.3.1/../../../../arm-none-eabi/lib/thumb/v7e-m+fp/hard/crt0.o (memset)
C:/ST/STM32CubeIDE_1.15.1/STM32CubeIDE/plugins/com.st.stm32cube.ide.mcu.externaltools.gnu-tools-for-stm32.12.3.rel1.win32_1.0.100.202403111256/tools/bin/../lib/gcc/arm-none-eabi/12.3.1/../../../../arm-none-eabi/lib/thumb/v7e-m+fp/hard\libc_nano.a(libc_a-closer.o)
                              C:/ST/STM32CubeIDE_1.15.1/STM32CubeIDE/plugins/com.st.stm32cube.ide.mcu.externaltools.gnu-tools-for-stm32.12.3.rel1.win32_1.0.100.202403111256/tools/bin/../lib/gcc/arm-none-eabi/12.3.1/../../../../arm-none-eabi/lib/thumb/v7e-m+fp/hard\libc_nano.a(libc_a-stdio.o) (_close_r)
C:/ST/STM32CubeIDE_1.15.1/STM32CubeIDE/plugins/com.st.stm32cube.ide.mcu.externaltools.gnu-tools-for-stm32.12.3.rel1.win32_1.0.100.202403111256/tools/bin/../lib/gcc/arm-none-eabi/12.3.1/../../../../arm-none-eabi/lib/thumb/v7e-m+fp/hard\libc_nano.a(libc_a-reent.o)
                              C:/ST/STM32CubeIDE_1.15.1/STM32CubeIDE/plugins/com.st.stm32cube.ide.mcu.externaltools.gnu-tools-for-stm32.12.3.rel1.win32_1.0.100.202403111256/tools/bin/../lib/gcc/arm-none-eabi/12.3.1/../../../../arm-none-eabi/lib/thumb/v7e-m+fp/hard\libc_nano.a(libc_a-closer.o) (errno)
[...]
Memory Configuration

Name             Origin             Length             Attributes
RAM              0x20000000         0x00020000         xrw
FLASH            0x08000000         0x00080000         xr
*default*        0x00000000         0xffffffff

Linker script and memory map

LOAD C:/ST/STM32CubeIDE_1.15.1/STM32CubeIDE/plugins/com.st.stm32cube.ide.mcu.externaltools.gnu-tools-for-stm32.12.3.rel1.win32_1.0.100.202403111256/tools/bin/../lib/gcc/arm-none-eabi/12.3.1/thumb/v7e-m+fp/hard/crti.o
LOAD C:/ST/STM32CubeIDE_1.15.1/STM32CubeIDE/plugins/com.st.stm32cube.ide.mcu.externaltools.gnu-tools-for-stm32.12.3.rel1.win32_1.0.100.202403111256/tools/bin/../lib/gcc/arm-none-eabi/12.3.1/thumb/v7e-m+fp/hard/crtbegin.o
LOAD C:/ST/STM32CubeIDE_1.15.1/STM32CubeIDE/plugins/com.st.stm32cube.ide.mcu.externaltools.gnu-tools-for-stm32.12.3.rel1.win32_1.0.100.202403111256/tools/bin/../lib/gcc/arm-none-eabi/12.3.1/../../../../arm-none-eabi/lib/thumb/v7e-m+fp/hard/crt0.o
LOAD ./Core/Src/dbms/blackbox.o
LOAD ./Core/Src/dbms/dbms.o
LOAD ./Core/Src/dbms/ledctl.o
LOAD ./Core/Src/dbms/pwm.o
LOAD ./Core/Src/dbms/sched.o
LOAD ./Core/Src/dbms/settings.o
LOAD ./Core/Src/dbms/storage.o
LOAD ./Core/Src/dbms/can/canio.o
LOAD ./Core/Src/dbms/can/elcon.o
LOAD ./Core/Src/dbms/can/isense.o
LOAD ./Core/Src/dbms/can/telem.o
LOAD ./Core/Src/dbms/faults/faultcheck.o
LOAD ./Core/Src/dbms/faults/faults.o
LOAD ./Core/Src/dbms/model/data.o
LOAD ./Core/Src/dbms/model/model.o
LOAD ./Core/Src/dbms/stack/stackbal.o
LOAD ./Core/Src/dbms/stack/stackctl.o
LOAD ./Core/Src/dbms/stack/stackfault.o
LOAD ./Core/Src/dbms/stack/stackio.o
LOAD ./Core/Src/dbms/stack/stackled.o
LOAD ./Core/Src/dbms/stack/stacktemp.o
LOAD ./Core/Src/dbms/stack/stackvolt.o
LOAD ./Core/Src/dbms/utils/crc.o
LOAD ./Core/Src/dbms/utils/eswap.o
LOAD ./Core/Src/dbms/utils/lut.o
LOAD ./Core/Src/dbms/utils/ma.o
LOAD ./Core/Src/main.o
LOAD ./Core/Src/stm32f4xx_hal_msp.o
LOAD ./Core/Src/stm32f4xx_it.o
LOAD ./Core/Src/syscalls.o
LOAD ./Core/Src/sysmem.o
LOAD ./Core/Src/system_stm32f4xx.o
LOAD ./Core/Startup/startup_stm32f446retx.o
LOAD ./Drivers/STM32F4xx_HAL_Driver/Src/stm32f4xx_hal.o
LOAD ./Drivers/STM32F4xx_HAL_Driver/Src/stm32f4xx_hal_adc.o
LOAD ./Drivers/STM32F4xx_HAL_Driver/Src/stm32f4xx_hal_adc_ex.o
LOAD ./Drivers/STM32F4xx_HAL_Driver/Src/stm32f4xx_hal_can.o
LOAD ./Drivers/STM32F4xx_HAL_Driver/Src/stm32f4xx_hal_cortex.o
LOAD ./Drivers/STM32F4xx_HAL_Driver/Src/stm32f4xx_hal_dma.o
LOAD ./Drivers/STM32F4xx_HAL_Driver/Src/stm32f4xx_hal_dma_ex.o
LOAD ./Drivers/STM32F4xx_HAL_Driver/Src/stm32f4xx_hal_exti.o
LOAD ./Drivers/STM32F4xx_HAL_Driver/Src/stm32f4xx_hal_flash.o
LOAD ./Drivers/STM32F4xx_HAL_Driver/Src/stm32f4xx_hal_flash_ex.o
LOAD ./Drivers/STM32F4xx_HAL_Driver/Src/stm32f4xx_hal_flash_ramfunc.o
LOAD ./Drivers/STM32F4xx_HAL_Driver/Src/stm32f4xx_hal_gpio.o
LOAD ./Drivers/STM32F4xx_HAL_Driver/Src/stm32f4xx_hal_i2c.o
LOAD ./Drivers/STM32F4xx_HAL_Driver/Src/stm32f4xx_hal_i2c_ex.o
LOAD ./Drivers/STM32F4xx_HAL_Driver/Src/stm32f4xx_hal_pwr.o
LOAD ./Drivers/STM32F4xx_HAL_Driver/Src/stm32f4xx_hal_pwr_ex.o
LOAD ./Drivers/STM32F4xx_HAL_Driver/Src/stm32f4xx_hal_rcc.o
LOAD ./Drivers/STM32F4xx_HAL_Driver/Src/stm32f4xx_hal_rcc_ex.o
LOAD ./Drivers/STM32F4xx_HAL_Driver/Src/stm32f4xx_hal_tim.o
LOAD ./Drivers/STM32F4xx_HAL_Driver/Src/stm32f4xx_hal_tim_ex.o
LOAD ./Drivers/STM32F4xx_HAL_Driver/Src/stm32f4xx_hal_uart.o
LOAD ./Drivers/STM32F4xx_HAL_Driver/Src/stm32f4xx_ll_adc.o
START GROUP
LOAD C:/ST/STM32CubeIDE_1.15.1/STM32CubeIDE/plugins/com.st.stm32cube.ide.mcu.externaltools.gnu-tools-for-stm32.12.3.rel1.win32_1.0.100.202403111256/tools/bin/../lib/gcc/arm-none-eabi/12.3.1/../../../../arm-none-eabi/lib/thumb/v7e-m+fp/hard\libc_nano.a
LOAD C:/ST/STM32CubeIDE_1.15.1/STM32CubeIDE/plugins/com.st.stm32cube.ide.mcu.externaltools.gnu-tools-for-stm32.12.3.rel1.win32_1.0.100.202403111256/tools/bin/../lib/gcc/arm-none-eabi/12.3.1/../../../../arm-none-eabi/lib/thumb/v7e-m+fp/hard\libm.a
END GROUP
START GROUP
LOAD C:/ST/STM32CubeIDE_1.15.1/STM32CubeIDE/plugins/com.st.stm32cube.ide.mcu.externaltools.gnu-tools-for-stm32.12.3.rel1.win32_1.0.100.202403111256/tools/bin/../lib/gcc/arm-none-eabi/12.3.1/thumb/v7e-m+fp/hard\libgcc.a
LOAD C:/ST/STM32CubeIDE_1.15.1/STM32CubeIDE/plugins/com.st.stm32cube.ide.mcu.externaltools.gnu-tools-for-stm32.12.3.rel1.win32_1.0.100.202403111256/tools/bin/../lib/gcc/arm-none-eabi/12.3.1/../../../../arm-none-eabi/lib/thumb/v7e-m+fp/hard\libc_nano.a
END GROUP
START GROUP
LOAD C:/ST/STM32CubeIDE_1.15.1/STM32CubeIDE/plugins/com.st.stm32cube.ide.mcu.externaltools.gnu-tools-for-stm32.12.3.rel1.win32_1.0.100.202403111256/tools/bin/../lib/gcc/arm-none-eabi/12.3.1/thumb/v7e-m+fp/hard\libgcc.a
LOAD C:/ST/STM32CubeIDE_1.15.1/STM32CubeIDE/plugins/com.st.stm32cube.ide.mcu.externaltools.gnu-tools-for-stm32.12.3.rel1.win32_1.0.100.202403111256/tools/bin/../lib/gcc/arm-none-eabi/12.3.1/../../../../arm-none-eabi/lib/thumb/v7e-m+fp/hard\libc_nano.a
LOAD C:/ST/STM32CubeIDE_1.15.1/STM32CubeIDE/plugins/com.st.stm32cube.ide.mcu.externaltools.gnu-tools-for-stm32.12.3.rel1.win32_1.0.100.202403111256/tools/bin/../lib/gcc/arm-none-eabi/12.3.1/../../../../arm-none-eabi/lib/thumb/v7e-m+fp/hard\libnosys.a
END GROUP
START GROUP
LOAD C:/ST/STM32CubeIDE_1.15.1/STM32CubeIDE/plugins/com.st.stm32cube.ide.mcu.externaltools.gnu-tools-for-stm32.12.3.rel1.win32_1.0.100.202403111256/tools/bin/../lib/gcc/arm-none-eabi/12.3.1/thumb/v7e-m+fp/hard\libgcc.a
LOAD C:/ST/STM32CubeIDE_1.15.1/STM32CubeIDE/plugins/com.st.stm32cube.ide.mcu.externaltools.gnu-tools-for-stm32.12.3.rel1.win32_1.0.100.202403111256/tools/bin/../lib/gcc/arm-none-eabi/12.3.1/../../../../arm-none-eabi/lib/thumb/v7e-m+fp/hard\libc_nano.a
LOAD C:/ST/STM32CubeIDE_1.15.1/STM32CubeIDE/plugins/com.st.stm32cube.ide.mcu.externaltools.gnu-tools-for-stm32.12.3.rel1.win32_1.0.100.202403111256/tools/bin/../lib/gcc/arm-none-eabi/12.3.1/../../../../arm-none-eabi/lib/thumb/v7e-m+fp/hard\libnosys.a
END GROUP
LOAD C:/ST/STM32CubeIDE_1.15.1/STM32CubeIDE/plugins/com.st.stm32cube.ide.mcu.externaltools.gnu-tools-for-stm32.12.3.rel1.win32_1.0.100.202403111256/tools/bin/../lib/gcc/arm-none-eabi/12.3.1/thumb/v7e-m+fp/hard/crtend.o
LOAD C:/ST/STM32CubeIDE_1.15.1/STM32CubeIDE/plugins/com.st.stm32cube.ide.mcu.externaltools.gnu-tools-for-stm32.12.3.rel1.win32_1.0.100.202403111256/tools/bin/../lib/gcc/arm-none-eabi/12.3.1/thumb/v7e-m+fp/hard/crtn.o
                0x20020000                        _estack = (ORIGIN (RAM) + LENGTH (RAM))
                0x00000200                        _Min_Heap_Size = 0x200
                0x00000400                        _Min_Stack_Size = 0x400

.isr_vector     0x08000000      0x1c4
                0x08000000                        . = ALIGN (0x4)
 *(.isr_vector)
 .isr_vector    0x08000000      0x1c4 ./Core/Startup/startup_stm32f446retx.o
                0x08000000                g_pfnVectors
                0x080001c4                        . = ALIGN (0x4)

.text           0x080001d0     0xca3c
                0x080001d0                        . = ALIGN (0x4)
 *(.text)
 .text          0x080001d0       0x40 C:/ST/STM32CubeIDE_1.15.1/STM32CubeIDE/plugins/com.st.stm32cube.ide.mcu.externaltools.gnu-tools-for-stm32.12.3.rel1.win32_1.0.100.202403111256/tools/bin/../lib/gcc/arm-none-eabi/12.3.1/thumb/v7e-m+fp/hard/crtbegin.o
 .text          0x08000210       0xa0 C:/ST/STM32CubeIDE_1.15.1/STM32CubeIDE/plugins/com.st.stm32cube.ide.mcu.externaltools.gnu-tools-for-stm32.12.3.rel1.win32_1.0.100.202403111256/tools/bin/../lib/gcc/arm-none-eabi/12.3.1/../../../../arm-none-eabi/lib/thumb/v7e-m+fp/hard\libc_nano.a(libc_a-memchr.o)
                0x08000210                memchr
 .text          0x080002b0      0x378 C:/ST/STM32CubeIDE_1.15.1/STM32CubeIDE/plugins/com.st.stm32cube.ide.mcu.externaltools.gnu-tools-for-stm32.12.3.rel1.win32_1.0.100.202403111256/tools/bin/../lib/gcc/arm-none-eabi/12.3.1/thumb/v7e-m+fp/hard\libgcc.a(_arm_addsubdf3.o)
                0x080002b0                __aeabi_drsub
                0x080002b8                __aeabi_dsub
                0x080002b8                __subdf3
                0x080002bc                __aeabi_dadd
                0x080002bc                __adddf3
                0x08000534                __floatunsidf
                0x08000534                __aeabi_ui2d
                0x08000554                __floatsidf
                0x08000554                __aeabi_i2d
                0x08000578                __aeabi_f2d
                0x08000578                __extendsfdf2
                0x080005bc                __floatundidf
                0x080005bc                __aeabi_ul2d
                0x080005cc                __floatdidf
                0x080005cc                __aeabi_l2d
 .text          0x08000628      0x424 C:/ST/STM32CubeIDE_1.15.1/STM32CubeIDE/plugins/com.st.stm32cube.ide.mcu.externaltools.gnu-tools-for-stm32.12.3.rel1.win32_1.0.100.202403111256/tools/bin/../lib/gcc/arm-none-eabi/12.3.1/thumb/v7e-m+fp/hard\libgcc.a(_arm_muldivdf3.o)
                0x08000628                __aeabi_dmul
                0x08000628                __muldf3
                0x0800087c                __divdf3
                0x0800087c                __aeabi_ddiv
 .text          0x08000a4c       0x50 C:/ST/STM32CubeIDE_1.15.1/STM32CubeIDE/plugins/com.st.stm32cube.ide.mcu.externaltools.gnu-tools-for-stm32.12.3.rel1.win32_1.0.100.202403111256/tools/bin/../lib/gcc/arm-none-eabi/12.3.1/thumb/v7e-m+fp/hard\libgcc.a(_arm_fixdfsi.o)
                0x08000a4c                __aeabi_d2iz
                0x08000a4c                __fixdfsi
 .text          0x08000a9c       0xa0 C:/ST/STM32CubeIDE_1.15.1/STM32CubeIDE/plugins/com.st.stm32cube.ide.mcu.externaltools.gnu-tools-for-stm32.12.3.rel1.win32_1.0.100.202403111256/tools/bin/../lib/gcc/arm-none-eabi/12.3.1/thumb/v7e-m+fp/hard\libgcc.a(_arm_truncdfsf2.o)
                0x08000a9c                __truncdfsf2
                0x08000a9c                __aeabi_d2f
 .text          0x08000b3c       0x30 C:/ST/STM32CubeIDE_1.15.1/STM32CubeIDE/plugins/com.st.stm32cube.ide.mcu.externaltools.gnu-tools-for-stm32.12.3.rel1.win32_1.0.100.202403111256/tools/bin/../lib/gcc/arm-none-eabi/12.3.1/thumb/v7e-m+fp/hard\libgcc.a(_aeabi_uldivmod.o)
                0x08000b3c                __aeabi_uldivmod
 .text          0x08000b6c      0x2bc C:/ST/STM32CubeIDE_1.15.1/STM32CubeIDE/plugins/com.st.stm32cube.ide.mcu.externaltools.gnu-tools-for-stm32.12.3.rel1.win32_1.0.100.202403111256/tools/bin/../lib/gcc/arm-none-eabi/12.3.1/thumb/v7e-m+fp/hard\libgcc.a(_udivmoddi4.o)
                0x08000b6c                __udivmoddi4
 .text          0x08000e28        0x4 C:/ST/STM32CubeIDE_1.15.1/STM32CubeIDE/plugins/com.st.stm32cube.ide.mcu.externaltools.gnu-tools-for-stm32.12.3.rel1.win32_1.0.100.202403111256/tools/bin/../lib/gcc/arm-none-eabi/12.3.1/thumb/v7e-m+fp/hard\libgcc.a(_dvmd_tls.o)
                0x08000e28                __aeabi_idiv0
                0x08000e28                __aeabi_ldiv0
 *(.text*)
 .text.BlackboxInit
                0x08000e2c       0x34 ./Core/Src/dbms/blackbox.o
                0x08000e2c                BlackboxInit
 .text.BlackboxSwapAndUpdate
                0x08000e60       0x3a ./Core/Src/dbms/blackbox.o
                0x08000e60                BlackboxSwapAndUpdate
 .text.PopulateBlackboxInfo
                0x08000e9a      0x12a ./Core/Src/dbms/blackbox.o
                0x08000e9a                PopulateBlackboxInfo
 .text.SendIndividualBlackbox
                0x08000fc4       0xf4 ./Core/Src/dbms/blackbox.o
                0x08000fc4                SendIndividualBlackbox
 .text.BlackboxSend
                0x080010b8       0x3e ./Core/Src/dbms/blackbox.o
                0x080010b8                BlackboxSend
 .text.BlackboxSaveOnFault
                0x080010f6       0x4e ./Core/Src/dbms/blackbox.o
                0x080010f6                BlackboxSaveOnFault
 .text.DbmsAlloc
                0x08001144       0x34 ./Core/Src/dbms/dbms.o
                0x08001144                DbmsAlloc
 .text.DbmsInit
                0x08001178       0xba ./Core/Src/dbms/dbms.o
                0x08001178                DbmsInit
 .text.DbmsPerformWakeup
                0x08001232       0xa4 ./Core/Src/dbms/dbms.o
                0x08001232                DbmsPerformWakeup
 *fill*         0x080012d6        0x2 
 .text.DbmsPerformShutdown
                0x080012d8       0xa4 ./Core/Src/dbms/dbms.o
                0x080012d8                DbmsPerformShutdown
 .text.DbmsIter
                0x0800137c      0x69c ./Core/Src/dbms/dbms.o
                0x0800137c                DbmsIter
 .text.DbmsCanRx
                0x08001a18      0x2e0 ./Core/Src/dbms/dbms.o
                0x08001a18                DbmsCanRx
 .text.DbmsErr  0x08001cf8       0x24 ./Core/Src/dbms/dbms.o
                0x08001cf8                DbmsErr
 .text.ProcessLedAction
                0x08001d1c      0x110 ./Core/Src/dbms/ledctl.o
                0x08001d1c                ProcessLedAction
 .text.LedSet   0x08001e2c       0x68 ./Core/Src/dbms/ledctl.o
                0x08001e2c                LedSet
 .text.ConfigPwmLines
                0x08001e94       0x1e ./Core/Src/dbms/pwm.o
                0x08001e94                ConfigPwmLines
 *fill*         0x08001eb2        0x2 
 .text.SetPwmStates
                0x08001eb4       0x60 ./Core/Src/dbms/pwm.o
                0x08001eb4                SetPwmStates
 .text.DelayUs  0x08001f14       0x46 ./Core/Src/dbms/sched.o
                0x08001f14                DelayUs
 *fill*         0x08001f5a        0x2 
 .text.GetUs    0x08001f5c       0x98 ./Core/Src/dbms/sched.o
                0x08001f5c                GetUs
 .text.CalcIterDelay
                0x08001ff4       0x8c ./Core/Src/dbms/sched.o
                0x08001ff4                CalcIterDelay
 .text.SyncRealTime
                0x08002080       0x3a ./Core/Src/dbms/sched.o
                0x08002080                SyncRealTime
 .text.GetRealTime
                0x080020ba       0x52 ./Core/Src/dbms/sched.o
                0x080020ba                GetRealTime
 .text.GetSetting
                0x0800210c       0x24 ./Core/Src/dbms/settings.o
                0x0800210c                GetSetting
 .text.SetSetting
                0x08002130       0x28 ./Core/Src/dbms/settings.o
                0x08002130                SetSetting
 .text.IsValidSettingIndex
                0x08002158       0x22 ./Core/Src/dbms/settings.o
                0x08002158                IsValidSettingIndex
 .text.LoadSettings
                0x0800217a       0x22 ./Core/Src/dbms/settings.o
                0x0800217a                LoadSettings
 .text.SaveSettings
                0x0800219c       0x22 ./Core/Src/dbms/settings.o
                0x0800219c                SaveSettings
 *fill*         0x080021be        0x2 
 .text.LoadFallbackSettings
                0x080021c0       0xc8 ./Core/Src/dbms/settings.o
                0x080021c0                LoadFallbackSettings
 .text.WriteEEPROM
                0x08002288      0x192 ./Core/Src/dbms/storage.o
                0x08002288                WriteEEPROM
 .text.ReadEEPROM
                0x0800241a       0x74 ./Core/Src/dbms/storage.o
                0x0800241a                ReadEEPROM
 .text.SaveStoredObject
                0x0800248e       0x98 ./Core/Src/dbms/storage.o
                0x0800248e                SaveStoredObject
 *fill*         0x08002526        0x2 
 .text.LoadStoredObject
                0x08002528       0xc4 ./Core/Src/dbms/storage.o
                0x08002528                LoadStoredObject
 .text.ConfigCanFilters
                0x080025ec      0x1b8 ./Core/Src/dbms/can/canio.o
                0x080025ec                ConfigCanFilters
 .text.ConfigCan
                0x080027a4       0xbc ./Core/Src/dbms/can/canio.o
                0x080027a4                ConfigCan
 .text.CanTransmit
                0x08002860       0xec ./Core/Src/dbms/can/canio.o
                0x08002860                CanTransmit
 .text.HandleElconHeartbeat
                0x0800294c       0x90 ./Core/Src/dbms/can/elcon.o
                0x0800294c                HandleElconHeartbeat
 .text.ConfigCurrentSensor
                0x080029dc       0xb8 ./Core/Src/dbms/can/isense.o
                0x080029dc                ConfigCurrentSensor
 .text.UnpackCurrentSensorData
                0x08002a94      0x18a ./Core/Src/dbms/can/isense.o
                0x08002a94                UnpackCurrentSensorData
 *fill*         0x08002c1e        0x2 
 .text.CanTxHeartbeat
                0x08002c20       0x38 ./Core/Src/dbms/can/telem.o
                0x08002c20                CanTxHeartbeat
 .text.HandleCanConfig
                0x08002c58       0xe6 ./Core/Src/dbms/can/telem.o
                0x08002c58                HandleCanConfig
 *fill*         0x08002d3e        0x2 
 .text.SendMetric
                0x08002d40       0xe4 ./Core/Src/dbms/can/telem.o
                0x08002d40                SendMetric
 *fill*         0x08002e24        0x4 
 .text.SendMetrics
                0x08002e28      0x7c4 ./Core/Src/dbms/can/telem.o
                0x08002e28                SendMetrics
 .text.SendPlex32
                0x080035ec       0x48 ./Core/Src/dbms/can/telem.o
                0x080035ec                SendPlex32
 .text.SendPlexMetrics
                0x08003634       0xf4 ./Core/Src/dbms/can/telem.o
                0x08003634                SendPlexMetrics
 .text.CanLog   0x08003728       0xdc ./Core/Src/dbms/can/telem.o
                0x08003728                CanLog
 .text.SendCellDataBuffer
                0x08003804       0x70 ./Core/Src/dbms/can/telem.o
                0x08003804                SendCellDataBuffer
 .text.SendCellVoltages
                0x08003874       0xf8 ./Core/Src/dbms/can/telem.o
                0x08003874                SendCellVoltages
 .text.SendCellTemps
                0x0800396c       0xfc ./Core/Src/dbms/can/telem.o
                0x0800396c                SendCellTemps
 .text.CheckVoltageFaults
                0x08003a68      0x152 ./Core/Src/dbms/faults/faultcheck.o
                0x08003a68                CheckVoltageFaults
 .text.CheckTemperatureFaults
                0x08003bba       0xde ./Core/Src/dbms/faults/faultcheck.o
                0x08003bba                CheckTemperatureFaults
 .text.CheckCurrentFaults
                0x08003c98      0x184 ./Core/Src/dbms/faults/faultcheck.o
                0x08003c98                CheckCurrentFaults
 .text.CtrlSetFault
                0x08003e1c       0x36 ./Core/Src/dbms/faults/faults.o
                0x08003e1c                CtrlSetFault
 .text.CtrlHasAnyFaults
                0x08003e52       0x24 ./Core/Src/dbms/faults/faults.o
                0x08003e52                CtrlHasAnyFaults
 .text.CtrlClearAllFaults
                0x08003e76       0x24 ./Core/Src/dbms/faults/faults.o
                0x08003e76                CtrlClearAllFaults
 *fill*         0x08003e9a        0x2 
 .text.ThrowHardFault
                0x08003e9c       0x6c ./Core/Src/dbms/faults/faults.o
                0x08003e9c                ThrowHardFault
 .text.SaveFaultState
                0x08003f08       0x4a ./Core/Src/dbms/faults/faults.o
                0x08003f08                SaveFaultState
 .text.LoadFaultState
                0x08003f52       0x4e ./Core/Src/dbms/faults/faults.o
                0x08003f52                LoadFaultState
 .text.DataInit
                0x08003fa0       0x28 ./Core/Src/dbms/model/data.o
                0x08003fa0                DataInit
 .text.ThermVoltToTemp
                0x08003fc8       0x2a ./Core/Src/dbms/model/data.o
                0x08003fc8                ThermVoltToTemp
 .text.F_Q      0x08003ff2       0x28 ./Core/Src/dbms/model/model.o
                0x08003ff2                F_Q
 .text.F_Q_max  0x0800401a       0x4c ./Core/Src/dbms/model/model.o
                0x0800401a                F_Q_max
 *fill*         0x08004066        0x2 
 .text.F_Z      0x08004068       0x68 ./Core/Src/dbms/model/model.o
                0x08004068                F_Z
 .text.LookupFromZ
                0x080040d0      0x1f8 ./Core/Src/dbms/model/model.o
                0x080040d0                LookupFromZ
 .text.F_OCV    0x080042c8       0x3c ./Core/Src/dbms/model/model.o
                0x080042c8                F_OCV
 .text.F_RC_R   0x08004304       0x70 ./Core/Src/dbms/model/model.o
                0x08004304                F_RC_R
 .text.F_DCIR   0x08004374       0x38 ./Core/Src/dbms/model/model.o
                0x08004374                F_DCIR
 .text.F_I_Limit
                0x080043ac       0x3c ./Core/Src/dbms/model/model.o
                0x080043ac                F_I_Limit
 .text.ComputeModel
                0x080043e8      0x1c4 ./Core/Src/dbms/model/model.o
                0x080043e8                ComputeModel
 .text.CalcMinTemp
                0x080045ac       0x88 ./Core/Src/dbms/model/model.o
                0x080045ac                CalcMinTemp
 .text.CalcMaxTemp
                0x08004634       0x84 ./Core/Src/dbms/model/model.o
                0x08004634                CalcMaxTemp
 .text.CalcAvgTemp
                0x080046b8       0x78 ./Core/Src/dbms/model/model.o
                0x080046b8                CalcAvgTemp
 .text.CalcMinVoltage
                0x08004730       0x88 ./Core/Src/dbms/model/model.o
                0x08004730                CalcMinVoltage
 .text.CalcMaxVoltage
                0x080047b8       0x84 ./Core/Src/dbms/model/model.o
                0x080047b8                CalcMaxVoltage
 .text.CalcAvgVoltage
                0x0800483c       0x78 ./Core/Src/dbms/model/model.o
                0x0800483c                CalcAvgVoltage
 *fill*         0x080048b4        0x4 
 .text.UpdateModel
                0x080048b8      0x1c0 ./Core/Src/dbms/model/model.o
                0x080048b8                UpdateModel
 .text.LoadQStats
                0x08004a78       0x26 ./Core/Src/dbms/model/model.o
                0x08004a78                LoadQStats
 .text.SaveQStats
                0x08004a9e       0x24 ./Core/Src/dbms/model/model.o
                0x08004a9e                SaveQStats
 .text.SendStackWakeBlip
                0x08004ac2       0x20 ./Core/Src/dbms/stack/stackctl.o
                0x08004ac2                SendStackWakeBlip
 .text.SendStackShutdownBlip
                0x08004ae2       0x20 ./Core/Src/dbms/stack/stackctl.o
                0x08004ae2                SendStackShutdownBlip
 *fill*         0x08004b02        0x2 
 .text.StackWake
                0x08004b04       0x5c ./Core/Src/dbms/stack/stackctl.o
                0x08004b04                StackWake
 .text.StackShutdown
                0x08004b60       0x5c ./Core/Src/dbms/stack/stackctl.o
                0x08004b60                StackShutdown
 .text.SendOtpEccDatain
                0x08004bbc       0x50 ./Core/Src/dbms/stack/stackctl.o
                0x08004bbc                SendOtpEccDatain
 .text.SendAutoAddr
                0x08004c0c       0x50 ./Core/Src/dbms/stack/stackctl.o
                0x08004c0c                SendAutoAddr
 .text.SendSetStackTop
                0x08004c5c       0x84 ./Core/Src/dbms/stack/stackctl.o
                0x08004c5c                SendSetStackTop
 .text.ReadOtpEccDatain
                0x08004ce0       0x50 ./Core/Src/dbms/stack/stackctl.o
                0x08004ce0                ReadOtpEccDatain
 .text.StackAutoAddr
                0x08004d30       0x44 ./Core/Src/dbms/stack/stackctl.o
                0x08004d30                StackAutoAddr
 .text.StackSetNumActiveCells
                0x08004d74       0x3a ./Core/Src/dbms/stack/stackctl.o
                0x08004d74                StackSetNumActiveCells
 .text.CalcStackFrameCrc
                0x08004dae       0x26 ./Core/Src/dbms/stack/stackfault.o
                0x08004dae                CalcStackFrameCrc
 .text.FillStackFrame
                0x08004dd4       0x6e ./Core/Src/dbms/stack/stackfault.o
                0x08004dd4                FillStackFrame
 .text.FillStackFrames
                0x08004e42       0x4a ./Core/Src/dbms/stack/stackfault.o
                0x08004e42                FillStackFrames
 .text.SetFaultMasks
                0x08004e8c       0x3c ./Core/Src/dbms/stack/stackfault.o
                0x08004e8c                SetFaultMasks
 .text.PollFaultSummary
                0x08004ec8      0x200 ./Core/Src/dbms/stack/stackfault.o
                0x08004ec8                PollFaultSummary
 .text.SendStackFrame
                0x080050c8       0x26 ./Core/Src/dbms/stack/stackio.o
                0x080050c8                SendStackFrame
 .text.SendStackFrameSetCrc
                0x080050ee       0x76 ./Core/Src/dbms/stack/stackio.o
                0x080050ee                SendStackFrameSetCrc
 .text.SetBrr   0x08005164       0x38 ./Core/Src/dbms/stack/stackio.o
                0x08005164                SetBrr
 .text.SendStackBlip
                0x0800519c       0x56 ./Core/Src/dbms/stack/stackio.o
                0x0800519c                SendStackBlip
 .text.ToggleAllMonitorChipLeds
                0x080051f2       0x5a ./Core/Src/dbms/stack/stackled.o
                0x080051f2                ToggleAllMonitorChipLeds
 .text.MonitorLedBlink
                0x0800524c       0xa4 ./Core/Src/dbms/stack/stackled.o
                0x0800524c                MonitorLedBlink
 .text.StackSetupGpio
                0x080052f0       0x58 ./Core/Src/dbms/stack/stacktemp.o
                0x080052f0                StackSetupGpio
 .text.StackUpdateTempReadingSingle
                0x08005348      0x1c4 ./Core/Src/dbms/stack/stacktemp.o
                0x08005348                StackUpdateTempReadingSingle
 .text.FillMissingTempReadings
                0x0800550c      0x13c ./Core/Src/dbms/stack/stacktemp.o
                0x0800550c                FillMissingTempReadings
 .text.StackSetupVoltReadings
                0x08005648       0x20 ./Core/Src/dbms/stack/stackvolt.o
                0x08005648                StackSetupVoltReadings
 .text.StackUpdateVoltReadingSingle
                0x08005668      0x190 ./Core/Src/dbms/stack/stackvolt.o
                0x08005668                StackUpdateVoltReadingSingle
 .text.CalcCrc16
                0x080057f8       0x5c ./Core/Src/dbms/utils/crc.o
                0x080057f8                CalcCrc16
 .text.memcpy_eswap2
                0x08005854       0x6c ./Core/Src/dbms/utils/eswap.o
                0x08005854                memcpy_eswap2
 .text.be16_to_u16
                0x080058c0       0x2a ./Core/Src/dbms/utils/eswap.o
                0x080058c0                be16_to_u16
 .text.be32_to_u32
                0x080058ea       0x36 ./Core/Src/dbms/utils/eswap.o
                0x080058ea                be32_to_u32
 .text.be64_to_u64
                0x08005920      0x172 ./Core/Src/dbms/utils/eswap.o
                0x08005920                be64_to_u64
 *fill*         0x08005a92        0x2 
 .text.lut_build
                0x08005a94       0x64 ./Core/Src/dbms/utils/lut.o
                0x08005a94                lut_build
 .text.cmp_lte  0x08005af8       0x5a ./Core/Src/dbms/utils/lut.o
 .text.lut_find_bracket
                0x08005b52      0x156 ./Core/Src/dbms/utils/lut.o
 .text.lut_interpolate
                0x08005ca8       0xd8 ./Core/Src/dbms/utils/lut.o
                0x08005ca8                lut_interpolate
 .text.main     0x08005d80       0x7c ./Core/Src/main.o
                0x08005d80                main
 .text.SystemClock_Config
                0x08005dfc       0xdc ./Core/Src/main.o
                0x08005dfc                SystemClock_Config
 .text.MX_ADC1_Init
                0x08005ed8       0xa4 ./Core/Src/main.o
 .text.MX_CAN2_Init
                0x08005f7c       0x6c ./Core/Src/main.o
 .text.MX_I2C2_Init
                0x08005fe8       0x5c ./Core/Src/main.o
 .text.MX_TIM1_Init
                0x08006044       0xa0 ./Core/Src/main.o
 .text.MX_TIM3_Init
                0x080060e4       0xec ./Core/Src/main.o
 .text.MX_UART4_Init
                0x080061d0       0x54 ./Core/Src/main.o
 .text.MX_GPIO_Init
                0x08006224      0x138 ./Core/Src/main.o
 .text.HAL_CAN_RxFifo0MsgPendingCallback
                0x0800635c       0x7c ./Core/Src/main.o
                0x0800635c                HAL_CAN_RxFifo0MsgPendingCallback
 .text.HAL_CAN_RxFifo1MsgPendingCallback
                0x080063d8       0x7c ./Core/Src/main.o
                0x080063d8                HAL_CAN_RxFifo1MsgPendingCallback
 .text.Error_Handler
                0x08006454       0x18 ./Core/Src/main.o
                0x08006454                Error_Handler
 .text.HAL_MspInit
                0x0800646c       0x50 ./Core/Src/stm32f4xx_hal_msp.o
                0x0800646c                HAL_MspInit
 .text.HAL_ADC_MspInit
                0x080064bc       0x88 ./Core/Src/stm32f4xx_hal_msp.o
                0x080064bc                HAL_ADC_MspInit
 .text.HAL_CAN_MspInit
                0x08006544       0xcc ./Core/Src/stm32f4xx_hal_msp.o
                0x08006544                HAL_CAN_MspInit
 .text.HAL_I2C_MspInit
                0x08006610       0xd4 ./Core/Src/stm32f4xx_hal_msp.o
                0x08006610                HAL_I2C_MspInit
 .text.HAL_TIM_Base_MspInit
                0x080066e4       0x70 ./Core/Src/stm32f4xx_hal_msp.o
                0x080066e4                HAL_TIM_Base_MspInit
 .text.HAL_TIM_MspPostInit
                0x08006754       0x74 ./Core/Src/stm32f4xx_hal_msp.o
                0x08006754                HAL_TIM_MspPostInit
 .text.HAL_UART_MspInit
                0x080067c8       0x90 ./Core/Src/stm32f4xx_hal_msp.o
                0x080067c8                HAL_UART_MspInit
 .text.NMI_Handler
                0x08006858        0x8 ./Core/Src/stm32f4xx_it.o
                0x08006858                NMI_Handler
 .text.HardFault_Handler
                0x08006860        0x8 ./Core/Src/stm32f4xx_it.o
                0x08006860                HardFault_Handler
 .text.MemManage_Handler
                0x08006868        0x8 ./Core/Src/stm32f4xx_it.o
                0x08006868                MemManage_Handler
 .text.BusFault_Handler
                0x08006870        0x8 ./Core/Src/stm32f4xx_it.o
                0x08006870                BusFault_Handler
 .text.UsageFault_Handler
                0x08006878        0x8 ./Core/Src/stm32f4xx_it.o
                0x08006878                UsageFault_Handler
 .text.SVC_Handler
                0x08006880        0xe ./Core/Src/stm32f4xx_it.o
                0x08006880                SVC_Handler
 .text.DebugMon_Handler
                0x0800688e        0xe ./Core/Src/stm32f4xx_it.o
                0x0800688e                DebugMon_Handler
 .text.PendSV_Handler
                0x0800689c        0xe ./Core/Src/stm32f4xx_it.o
                0x0800689c                PendSV_Handler
 .text.SysTick_Handler
                0x080068aa        0xc ./Core/Src/stm32f4xx_it.o
                0x080068aa                SysTick_Handler
 *fill*         0x080068b6        0x2 
 .text.CAN2_RX0_IRQHandler
                0x080068b8       0x14 ./Core/Src/stm32f4xx_it.o
                0x080068b8                CAN2_RX0_IRQHandler
 .text.CAN2_RX1_IRQHandler
                0x080068cc       0x14 ./Core/Src/stm32f4xx_it.o
                0x080068cc                CAN2_RX1_IRQHandler
 .text._read    0x080068e0       0x3a ./Core/Src/syscalls.o
                0x080068e0                _read
 .text._write   0x0800691a       0x38 ./Core/Src/syscalls.o
                0x0800691a                _write
 .text._close   0x08006952       0x18 ./Core/Src/syscalls.o
                0x08006952                _close
 .text._fstat   0x0800696a       0x20 ./Core/Src/syscalls.o
                0x0800696a                _fstat
 .text._isatty  0x0800698a       0x16 ./Core/Src/syscalls.o
                0x0800698a                _isatty
 .text._lseek   0x080069a0       0x1a ./Core/Src/syscalls.o
                0x080069a0                _lseek
 *fill*         0x080069ba        0x2 
 .text._sbrk    0x080069bc       0x6c ./Core/Src/sysmem.o
                0x080069bc                _sbrk
 .text.SystemInit
                0x08006a28       0x24 ./Core/Src/system_stm32f4xx.o
                0x08006a28                SystemInit
 .text.Reset_Handler
                0x08006a4c       0x50 ./Core/Startup/startup_stm32f446retx.o
                0x08006a4c                Reset_Handler
 .text.Default_Handler
                0x08006a9c        0x2 ./Core/Startup/startup_stm32f446retx.o
                0x08006a9c                RTC_Alarm_IRQHandler
                0x08006a9c                EXTI2_IRQHandler
                0x08006a9c                TIM8_CC_IRQHandler
                0x08006a9c                FMPI2C1_EV_IRQHandler
                0x08006a9c                SPI4_IRQHandler
                0x08006a9c                TIM1_CC_IRQHandler
                0x08006a9c                DMA2_Stream5_IRQHandler
                0x08006a9c                DMA1_Stream5_IRQHandler
                0x08006a9c                PVD_IRQHandler
                0x08006a9c                SDIO_IRQHandler
                0x08006a9c                TAMP_STAMP_IRQHandler
                0x08006a9c                EXTI3_IRQHandler
                0x08006a9c                TIM8_TRG_COM_TIM14_IRQHandler
                0x08006a9c                TIM1_UP_TIM10_IRQHandler
                0x08006a9c                TIM8_UP_TIM13_IRQHandler
                0x08006a9c                I2C3_ER_IRQHandler
                0x08006a9c                EXTI0_IRQHandler
                0x08006a9c                I2C2_EV_IRQHandler
                0x08006a9c                DMA1_Stream2_IRQHandler
                0x08006a9c                CAN1_RX0_IRQHandler
                0x08006a9c                FPU_IRQHandler
                0x08006a9c                OTG_HS_WKUP_IRQHandler
                0x08006a9c                CAN2_SCE_IRQHandler
                0x08006a9c                DMA2_Stream2_IRQHandler
                0x08006a9c                SPI1_IRQHandler
                0x08006a9c                TIM6_DAC_IRQHandler
                0x08006a9c                TIM1_BRK_TIM9_IRQHandler
                0x08006a9c                DCMI_IRQHandler
                0x08006a9c                DMA2_Stream3_IRQHandler
                0x08006a9c                SAI2_IRQHandler
                0x08006a9c                USART6_IRQHandler
                0x08006a9c                USART3_IRQHandler
                0x08006a9c                CAN1_RX1_IRQHandler
                0x08006a9c                UART5_IRQHandler
                0x08006a9c                DMA2_Stream0_IRQHandler
                0x08006a9c                TIM4_IRQHandler
                0x08006a9c                QUADSPI_IRQHandler
                0x08006a9c                I2C1_EV_IRQHandler
                0x08006a9c                DMA1_Stream6_IRQHandler
                0x08006a9c                DMA1_Stream1_IRQHandler
                0x08006a9c                UART4_IRQHandler
                0x08006a9c                TIM3_IRQHandler
                0x08006a9c                RCC_IRQHandler
                0x08006a9c                TIM8_BRK_TIM12_IRQHandler
                0x08006a9c                Default_Handler
                0x08006a9c                CEC_IRQHandler
                0x08006a9c                EXTI15_10_IRQHandler
                0x08006a9c                ADC_IRQHandler
                0x08006a9c                DMA1_Stream7_IRQHandler
                0x08006a9c                TIM7_IRQHandler
                0x08006a9c                CAN2_TX_IRQHandler
                0x08006a9c                TIM5_IRQHandler
                0x08006a9c                DMA2_Stream7_IRQHandler
                0x08006a9c                I2C3_EV_IRQHandler
                0x08006a9c                EXTI9_5_IRQHandler
                0x08006a9c                RTC_WKUP_IRQHandler
                0x08006a9c                SPDIF_RX_IRQHandler
                0x08006a9c                SPI2_IRQHandler
                0x08006a9c                OTG_HS_EP1_IN_IRQHandler
                0x08006a9c                DMA1_Stream0_IRQHandler
                0x08006a9c                CAN1_TX_IRQHandler
                0x08006a9c                FMPI2C1_ER_IRQHandler
                0x08006a9c                EXTI4_IRQHandler
                0x08006a9c                OTG_HS_EP1_OUT_IRQHandler
                0x08006a9c                WWDG_IRQHandler
                0x08006a9c                TIM2_IRQHandler
                0x08006a9c                OTG_FS_WKUP_IRQHandler
                0x08006a9c                TIM1_TRG_COM_TIM11_IRQHandler
                0x08006a9c                OTG_HS_IRQHandler
                0x08006a9c                EXTI1_IRQHandler
                0x08006a9c                USART2_IRQHandler
                0x08006a9c                I2C2_ER_IRQHandler
                0x08006a9c                DMA2_Stream1_IRQHandler
                0x08006a9c                CAN1_SCE_IRQHandler
                0x08006a9c                FLASH_IRQHandler
                0x08006a9c                DMA2_Stream4_IRQHandler
                0x08006a9c                USART1_IRQHandler
                0x08006a9c                OTG_FS_IRQHandler
                0x08006a9c                SPI3_IRQHandler
                0x08006a9c                DMA1_Stream4_IRQHandler
                0x08006a9c                I2C1_ER_IRQHandler
                0x08006a9c                FMC_IRQHandler
                0x08006a9c                DMA2_Stream6_IRQHandler
                0x08006a9c                SAI1_IRQHandler
                0x08006a9c                DMA1_Stream3_IRQHandler
 *fill*         0x08006a9e        0x2 
 .text.HAL_Init
                0x08006aa0       0x44 ./Drivers/STM32F4xx_HAL_Driver/Src/stm32f4xx_hal.o
                0x08006aa0                HAL_Init
 .text.HAL_InitTick
                0x08006ae4       0x60 ./Drivers/STM32F4xx_HAL_Driver/Src/stm32f4xx_hal.o
                0x08006ae4                HAL_InitTick
 .text.HAL_IncTick
                0x08006b44       0x28 ./Drivers/STM32F4xx_HAL_Driver/Src/stm32f4xx_hal.o
                0x08006b44                HAL_IncTick
 .text.HAL_GetTick
                0x08006b6c       0x18 ./Drivers/STM32F4xx_HAL_Driver/Src/stm32f4xx_hal.o
                0x08006b6c                HAL_GetTick
 .text.HAL_Delay
                0x08006b84       0x48 ./Drivers/STM32F4xx_HAL_Driver/Src/stm32f4xx_hal.o
                0x08006b84                HAL_Delay
 .text.HAL_ADC_Init
                0x08006bcc       0x86 ./Drivers/STM32F4xx_HAL_Driver/Src/stm32f4xx_hal_adc.o
                0x08006bcc                HAL_ADC_Init
 *fill*         0x08006c52        0x2 
 .text.HAL_ADC_ConfigChannel
                0x08006c54      0x264 ./Drivers/STM32F4xx_HAL_Driver/Src/stm32f4xx_hal_adc.o
                0x08006c54                HAL_ADC_ConfigChannel
 .text.ADC_Init
                0x08006eb8      0x1f8 ./Drivers/STM32F4xx_HAL_Driver/Src/stm32f4xx_hal_adc.o
 .text.HAL_CAN_Init
                0x080070b0      0x1f6 ./Drivers/STM32F4xx_HAL_Driver/Src/stm32f4xx_hal_can.o
                0x080070b0                HAL_CAN_Init
 *fill*         0x080072a6        0x2 
 .text.HAL_CAN_ConfigFilter
                0x080072a8      0x1bc ./Drivers/STM32F4xx_HAL_Driver/Src/stm32f4xx_hal_can.o
                0x080072a8                HAL_CAN_ConfigFilter
 .text.HAL_CAN_Start
                0x08007464       0x88 ./Drivers/STM32F4xx_HAL_Driver/Src/stm32f4xx_hal_can.o
                0x08007464                HAL_CAN_Start
 .text.HAL_CAN_AddTxMessage
                0x080074ec      0x1a0 ./Drivers/STM32F4xx_HAL_Driver/Src/stm32f4xx_hal_can.o
                0x080074ec                HAL_CAN_AddTxMessage
 .text.HAL_CAN_GetTxMailboxesFreeLevel
                0x0800768c       0x6a ./Drivers/STM32F4xx_HAL_Driver/Src/stm32f4xx_hal_can.o
                0x0800768c                HAL_CAN_GetTxMailboxesFreeLevel
 .text.HAL_CAN_GetRxMessage
                0x080076f6      0x244 ./Drivers/STM32F4xx_HAL_Driver/Src/stm32f4xx_hal_can.o
                0x080076f6                HAL_CAN_GetRxMessage
 .text.HAL_CAN_ActivateNotification
                0x0800793a       0x4c ./Drivers/STM32F4xx_HAL_Driver/Src/stm32f4xx_hal_can.o
                0x0800793a                HAL_CAN_ActivateNotification
 .text.HAL_CAN_IRQHandler
                0x08007986      0x36e ./Drivers/STM32F4xx_HAL_Driver/Src/stm32f4xx_hal_can.o
                0x08007986                HAL_CAN_IRQHandler
 .text.HAL_CAN_TxMailbox0CompleteCallback
                0x08007cf4       0x14 ./Drivers/STM32F4xx_HAL_Driver/Src/stm32f4xx_hal_can.o
                0x08007cf4                HAL_CAN_TxMailbox0CompleteCallback
 .text.HAL_CAN_TxMailbox1CompleteCallback
                0x08007d08       0x14 ./Drivers/STM32F4xx_HAL_Driver/Src/stm32f4xx_hal_can.o
                0x08007d08                HAL_CAN_TxMailbox1CompleteCallback
 .text.HAL_CAN_TxMailbox2CompleteCallback
                0x08007d1c       0x14 ./Drivers/STM32F4xx_HAL_Driver/Src/stm32f4xx_hal_can.o
                0x08007d1c                HAL_CAN_TxMailbox2CompleteCallback
 .text.HAL_CAN_TxMailbox0AbortCallback
                0x08007d30       0x14 ./Drivers/STM32F4xx_HAL_Driver/Src/stm32f4xx_hal_can.o
                0x08007d30                HAL_CAN_TxMailbox0AbortCallback
 .text.HAL_CAN_TxMailbox1AbortCallback
                0x08007d44       0x14 ./Drivers/STM32F4xx_HAL_Driver/Src/stm32f4xx_hal_can.o
                0x08007d44                HAL_CAN_TxMailbox1AbortCallback
 .text.HAL_CAN_TxMailbox2AbortCallback
                0x08007d58       0x14 ./Drivers/STM32F4xx_HAL_Driver/Src/stm32f4xx_hal_can.o
                0x08007d58                HAL_CAN_TxMailbox2AbortCallback
 .text.HAL_CAN_RxFifo0FullCallback
                0x08007d6c       0x14 ./Drivers/STM32F4xx_HAL_Driver/Src/stm32f4xx_hal_can.o
                0x08007d6c                HAL_CAN_RxFifo0FullCallback
 .text.HAL_CAN_RxFifo1FullCallback
                0x08007d80       0x14 ./Drivers/STM32F4xx_HAL_Driver/Src/stm32f4xx_hal_can.o
                0x08007d80                HAL_CAN_RxFifo1FullCallback
 .text.HAL_CAN_SleepCallback
                0x08007d94       0x14 ./Drivers/STM32F4xx_HAL_Driver/Src/stm32f4xx_hal_can.o
                0x08007d94                HAL_CAN_SleepCallback
 .text.HAL_CAN_WakeUpFromRxMsgCallback
                0x08007da8       0x14 ./Drivers/STM32F4xx_HAL_Driver/Src/stm32f4xx_hal_can.o
                0x08007da8                HAL_CAN_WakeUpFromRxMsgCallback
 .text.HAL_CAN_ErrorCallback
                0x08007dbc       0x14 ./Drivers/STM32F4xx_HAL_Driver/Src/stm32f4xx_hal_can.o
                0x08007dbc                HAL_CAN_ErrorCallback
 .text.HAL_CAN_GetError
                0x08007dd0       0x18 ./Drivers/STM32F4xx_HAL_Driver/Src/stm32f4xx_hal_can.o
                0x08007dd0                HAL_CAN_GetError
 .text.__NVIC_SetPriorityGrouping
                0x08007de8       0x48 ./Drivers/STM32F4xx_HAL_Driver/Src/stm32f4xx_hal_cortex.o
 .text.__NVIC_GetPriorityGrouping
                0x08007e30       0x1c ./Drivers/STM32F4xx_HAL_Driver/Src/stm32f4xx_hal_cortex.o
 .text.__NVIC_EnableIRQ
                0x08007e4c       0x3c ./Drivers/STM32F4xx_HAL_Driver/Src/stm32f4xx_hal_cortex.o
 .text.__NVIC_SetPriority
                0x08007e88       0x54 ./Drivers/STM32F4xx_HAL_Driver/Src/stm32f4xx_hal_cortex.o
 .text.NVIC_EncodePriority
                0x08007edc       0x66 ./Drivers/STM32F4xx_HAL_Driver/Src/stm32f4xx_hal_cortex.o
 *fill*         0x08007f42        0x2 
 .text.SysTick_Config
                0x08007f44       0x44 ./Drivers/STM32F4xx_HAL_Driver/Src/stm32f4xx_hal_cortex.o
 .text.HAL_NVIC_SetPriorityGrouping
                0x08007f88       0x16 ./Drivers/STM32F4xx_HAL_Driver/Src/stm32f4xx_hal_cortex.o
                0x08007f88                HAL_NVIC_SetPriorityGrouping
 .text.HAL_NVIC_SetPriority
                0x08007f9e       0x38 ./Drivers/STM32F4xx_HAL_Driver/Src/stm32f4xx_hal_cortex.o
                0x08007f9e                HAL_NVIC_SetPriority
 .text.HAL_NVIC_EnableIRQ
                0x08007fd6       0x1c ./Drivers/STM32F4xx_HAL_Driver/Src/stm32f4xx_hal_cortex.o
                0x08007fd6                HAL_NVIC_EnableIRQ
 .text.HAL_SYSTICK_Config
                0x08007ff2       0x18 ./Drivers/STM32F4xx_HAL_Driver/Src/stm32f4xx_hal_cortex.o
                0x08007ff2                HAL_SYSTICK_Config
 *fill*         0x0800800a        0x2 
 .text.HAL_GPIO_Init
                0x0800800c      0x328 ./Drivers/STM32F4xx_HAL_Driver/Src/stm32f4xx_hal_gpio.o
                0x0800800c                HAL_GPIO_Init
 .text.HAL_GPIO_WritePin
                0x08008334       0x32 ./Drivers/STM32F4xx_HAL_Driver/Src/stm32f4xx_hal_gpio.o
                0x08008334                HAL_GPIO_WritePin
 *fill*         0x08008366        0x2 
 .text.HAL_I2C_Init
                0x08008368      0x288 ./Drivers/STM32F4xx_HAL_Driver/Src/stm32f4xx_hal_i2c.o
                0x08008368                HAL_I2C_Init
 .text.HAL_I2C_Master_Transmit
                0x080085f0      0x1fc ./Drivers/STM32F4xx_HAL_Driver/Src/stm32f4xx_hal_i2c.o
                0x080085f0                HAL_I2C_Master_Transmit
 .text.HAL_I2C_Master_Receive
                0x080087ec      0x464 ./Drivers/STM32F4xx_HAL_Driver/Src/stm32f4xx_hal_i2c.o
                0x080087ec                HAL_I2C_Master_Receive
 .text.I2C_MasterRequestWrite
                0x08008c50      0x104 ./Drivers/STM32F4xx_HAL_Driver/Src/stm32f4xx_hal_i2c.o
 .text.I2C_MasterRequestRead
                0x08008d54      0x19c ./Drivers/STM32F4xx_HAL_Driver/Src/stm32f4xx_hal_i2c.o
 .text.I2C_WaitOnFlagUntilTimeout
                0x08008ef0       0xf4 ./Drivers/STM32F4xx_HAL_Driver/Src/stm32f4xx_hal_i2c.o
 .text.I2C_WaitOnMasterAddressFlagUntilTimeout
                0x08008fe4      0x140 ./Drivers/STM32F4xx_HAL_Driver/Src/stm32f4xx_hal_i2c.o
 .text.I2C_WaitOnTXEFlagUntilTimeout
                0x08009124       0x90 ./Drivers/STM32F4xx_HAL_Driver/Src/stm32f4xx_hal_i2c.o
 .text.I2C_WaitOnBTFFlagUntilTimeout
                0x080091b4       0x90 ./Drivers/STM32F4xx_HAL_Driver/Src/stm32f4xx_hal_i2c.o
 .text.I2C_WaitOnRXNEFlagUntilTimeout
                0x08009244       0xba ./Drivers/STM32F4xx_HAL_Driver/Src/stm32f4xx_hal_i2c.o
 .text.I2C_IsAcknowledgeFailed
                0x080092fe       0x5e ./Drivers/STM32F4xx_HAL_Driver/Src/stm32f4xx_hal_i2c.o
 .text.HAL_RCC_ClockConfig
                0x0800935c      0x1cc ./Drivers/STM32F4xx_HAL_Driver/Src/stm32f4xx_hal_rcc.o
                0x0800935c                HAL_RCC_ClockConfig
 .text.HAL_RCC_GetHCLKFreq
                0x08009528       0x18 ./Drivers/STM32F4xx_HAL_Driver/Src/stm32f4xx_hal_rcc.o
                0x08009528                HAL_RCC_GetHCLKFreq
 .text.HAL_RCC_GetPCLK1Freq
                0x08009540       0x28 ./Drivers/STM32F4xx_HAL_Driver/Src/stm32f4xx_hal_rcc.o
                0x08009540                HAL_RCC_GetPCLK1Freq
 .text.HAL_RCC_GetPCLK2Freq
                0x08009568       0x28 ./Drivers/STM32F4xx_HAL_Driver/Src/stm32f4xx_hal_rcc.o
                0x08009568                HAL_RCC_GetPCLK2Freq
 .text.HAL_RCC_GetSysClockFreq
                0x08009590      0x354 ./Drivers/STM32F4xx_HAL_Driver/Src/stm32f4xx_hal_rcc_ex.o
                0x08009590                HAL_RCC_GetSysClockFreq
 .text.HAL_RCC_OscConfig
                0x080098e4      0x53c ./Drivers/STM32F4xx_HAL_Driver/Src/stm32f4xx_hal_rcc_ex.o
                0x080098e4                HAL_RCC_OscConfig
 .text.HAL_TIM_Base_Init
                0x08009e20       0x9e ./Drivers/STM32F4xx_HAL_Driver/Src/stm32f4xx_hal_tim.o
                0x08009e20                HAL_TIM_Base_Init
 *fill*         0x08009ebe        0x2 
 .text.HAL_TIM_Base_Start
                0x08009ec0       0xd0 ./Drivers/STM32F4xx_HAL_Driver/Src/stm32f4xx_hal_tim.o
                0x08009ec0                HAL_TIM_Base_Start
 .text.HAL_TIM_PWM_Init
                0x08009f90       0x9e ./Drivers/STM32F4xx_HAL_Driver/Src/stm32f4xx_hal_tim.o
                0x08009f90                HAL_TIM_PWM_Init
 .text.HAL_TIM_PWM_MspInit
                0x0800a02e       0x14 ./Drivers/STM32F4xx_HAL_Driver/Src/stm32f4xx_hal_tim.o
                0x0800a02e                HAL_TIM_PWM_MspInit
 *fill*         0x0800a042        0x2 
 .text.HAL_TIM_PWM_Start
                0x0800a044      0x190 ./Drivers/STM32F4xx_HAL_Driver/Src/stm32f4xx_hal_tim.o
                0x0800a044                HAL_TIM_PWM_Start
 .text.HAL_TIM_PWM_ConfigChannel
                0x0800a1d4      0x184 ./Drivers/STM32F4xx_HAL_Driver/Src/stm32f4xx_hal_tim.o
                0x0800a1d4                HAL_TIM_PWM_ConfigChannel
 .text.HAL_TIM_ConfigClockSource
                0x0800a358      0x18e ./Drivers/STM32F4xx_HAL_Driver/Src/stm32f4xx_hal_tim.o
                0x0800a358                HAL_TIM_ConfigClockSource
 *fill*         0x0800a4e6        0x2 
 .text.TIM_Base_SetConfig
                0x0800a4e8      0x14c ./Drivers/STM32F4xx_HAL_Driver/Src/stm32f4xx_hal_tim.o
                0x0800a4e8                TIM_Base_SetConfig
 .text.TIM_OC1_SetConfig
                0x0800a634       0xe0 ./Drivers/STM32F4xx_HAL_Driver/Src/stm32f4xx_hal_tim.o
 .text.TIM_OC2_SetConfig
                0x0800a714       0xec ./Drivers/STM32F4xx_HAL_Driver/Src/stm32f4xx_hal_tim.o
                0x0800a714                TIM_OC2_SetConfig
 .text.TIM_OC3_SetConfig
                0x0800a800       0xe8 ./Drivers/STM32F4xx_HAL_Driver/Src/stm32f4xx_hal_tim.o
 .text.TIM_OC4_SetConfig
                0x0800a8e8       0xac ./Drivers/STM32F4xx_HAL_Driver/Src/stm32f4xx_hal_tim.o
 .text.TIM_TI1_ConfigInputStage
                0x0800a994       0x5e ./Drivers/STM32F4xx_HAL_Driver/Src/stm32f4xx_hal_tim.o
 .text.TIM_TI2_ConfigInputStage
                0x0800a9f2       0x60 ./Drivers/STM32F4xx_HAL_Driver/Src/stm32f4xx_hal_tim.o
 .text.TIM_ITRx_SetConfig
                0x0800aa52       0x36 ./Drivers/STM32F4xx_HAL_Driver/Src/stm32f4xx_hal_tim.o
 .text.TIM_ETR_SetConfig
                0x0800aa88       0x40 ./Drivers/STM32F4xx_HAL_Driver/Src/stm32f4xx_hal_tim.o
                0x0800aa88                TIM_ETR_SetConfig
 .text.TIM_CCxChannelCmd
                0x0800aac8       0x4a ./Drivers/STM32F4xx_HAL_Driver/Src/stm32f4xx_hal_tim.o
                0x0800aac8                TIM_CCxChannelCmd
 *fill*         0x0800ab12        0x2 
 .text.HAL_TIMEx_MasterConfigSynchronization
                0x0800ab14       0xf8 ./Drivers/STM32F4xx_HAL_Driver/Src/stm32f4xx_hal_tim_ex.o
                0x0800ab14                HAL_TIMEx_MasterConfigSynchronization
 .text.HAL_UART_Init
                0x0800ac0c       0xa0 ./Drivers/STM32F4xx_HAL_Driver/Src/stm32f4xx_hal_uart.o
                0x0800ac0c                HAL_UART_Init
 .text.HAL_UART_Transmit
                0x0800acac      0x116 ./Drivers/STM32F4xx_HAL_Driver/Src/stm32f4xx_hal_uart.o
                0x0800acac                HAL_UART_Transmit
 .text.HAL_UART_Receive
                0x0800adc2      0x12e ./Drivers/STM32F4xx_HAL_Driver/Src/stm32f4xx_hal_uart.o
                0x0800adc2                HAL_UART_Receive
 .text.UART_WaitOnFlagUntilTimeout
                0x0800aef0       0xb2 ./Drivers/STM32F4xx_HAL_Driver/Src/stm32f4xx_hal_uart.o
 .text.UART_EndRxTransfer
                0x0800afa2       0xc6 ./Drivers/STM32F4xx_HAL_Driver/Src/stm32f4xx_hal_uart.o
 .text.UART_SetConfig
                0x0800b068      0x4e8 ./Drivers/STM32F4xx_HAL_Driver/Src/stm32f4xx_hal_uart.o
 .text.swapfunc
                0x0800b550       0x32 C:/ST/STM32CubeIDE_1.15.1/STM32CubeIDE/plugins/com.st.stm32cube.ide.mcu.externaltools.gnu-tools-for-stm32.12.3.rel1.win32_1.0.100.202403111256/tools/bin/../lib/gcc/arm-none-eabi/12.3.1/../../../../arm-none-eabi/lib/thumb/v7e-m+fp/hard\libc_nano.a(libc_a-qsort.o)
 .text.med3.constprop.0
                0x0800b582       0x40 C:/ST/STM32CubeIDE_1.15.1/STM32CubeIDE/plugins/com.st.stm32cube.ide.mcu.externaltools.gnu-tools-for-stm32.12.3.rel1.win32_1.0.100.202403111256/tools/bin/../lib/gcc/arm-none-eabi/12.3.1/../../../../arm-none-eabi/lib/thumb/v7e-m+fp/hard\libc_nano.a(libc_a-qsort.o)
 .text.qsort    0x0800b5c2      0x28e C:/ST/STM32CubeIDE_1.15.1/STM32CubeIDE/plugins/com.st.stm32cube.ide.mcu.externaltools.gnu-tools-for-stm32.12.3.rel1.win32_1.0.100.202403111256/tools/bin/../lib/gcc/arm-none-eabi/12.3.1/../../../../arm-none-eabi/lib/thumb/v7e-m+fp/hard\libc_nano.a(libc_a-qsort.o)
                0x0800b5c2                qsort
 .text.std      0x0800b850       0x6c C:/ST/STM32CubeIDE_1.15.1/STM32CubeIDE/plugins/com.st.stm32cube.ide.mcu.externaltools.gnu-tools-for-stm32.12.3.rel1.win32_1.0.100.202403111256/tools/bin/../lib/gcc/arm-none-eabi/12.3.1/../../../../arm-none-eabi/lib/thumb/v7e-m+fp/hard\libc_nano.a(libc_a-findfp.o)
 .text.stdio_exit_handler
                0x0800b8bc       0x18 C:/ST/STM32CubeIDE_1.15.1/STM32CubeIDE/plugins/com.st.stm32cube.ide.mcu.externaltools.gnu-tools-for-stm32.12.3.rel1.win32_1.0.100.202403111256/tools/bin/../lib/gcc/arm-none-eabi/12.3.1/../../../../arm-none-eabi/lib/thumb/v7e-m+fp/hard\libc_nano.a(libc_a-findfp.o)
 .text.cleanup_stdio
                0x0800b8d4       0x40 C:/ST/STM32CubeIDE_1.15.1/STM32CubeIDE/plugins/com.st.stm32cube.ide.mcu.externaltools.gnu-tools-for-stm32.12.3.rel1.win32_1.0.100.202403111256/tools/bin/../lib/gcc/arm-none-eabi/12.3.1/../../../../arm-none-eabi/lib/thumb/v7e-m+fp/hard\libc_nano.a(libc_a-findfp.o)
 .text.global_stdio_init.part.0
                0x0800b914       0x3c C:/ST/STM32CubeIDE_1.15.1/STM32CubeIDE/plugins/com.st.stm32cube.ide.mcu.externaltools.gnu-tools-for-stm32.12.3.rel1.win32_1.0.100.202403111256/tools/bin/../lib/gcc/arm-none-eabi/12.3.1/../../../../arm-none-eabi/lib/thumb/v7e-m+fp/hard\libc_nano.a(libc_a-findfp.o)
 .text.__sfp_lock_acquire
                0x0800b950        0xc C:/ST/STM32CubeIDE_1.15.1/STM32CubeIDE/plugins/com.st.stm32cube.ide.mcu.externaltools.gnu-tools-for-stm32.12.3.rel1.win32_1.0.100.202403111256/tools/bin/../lib/gcc/arm-none-eabi/12.3.1/../../../../arm-none-eabi/lib/thumb/v7e-m+fp/hard\libc_nano.a(libc_a-findfp.o)
                0x0800b950                __sfp_lock_acquire
 .text.__sfp_lock_release
                0x0800b95c        0xc C:/ST/STM32CubeIDE_1.15.1/STM32CubeIDE/plugins/com.st.stm32cube.ide.mcu.externaltools.gnu-tools-for-stm32.12.3.rel1.win32_1.0.100.202403111256/tools/bin/../lib/gcc/arm-none-eabi/12.3.1/../../../../arm-none-eabi/lib/thumb/v7e-m+fp/hard\libc_nano.a(libc_a-findfp.o)
                0x0800b95c                __sfp_lock_release
 .text.__sinit  0x0800b968       0x30 C:/ST/STM32CubeIDE_1.15.1/STM32CubeIDE/plugins/com.st.stm32cube.ide.mcu.externaltools.gnu-tools-for-stm32.12.3.rel1.win32_1.0.100.202403111256/tools/bin/../lib/gcc/arm-none-eabi/12.3.1/../../../../arm-none-eabi/lib/thumb/v7e-m+fp/hard\libc_nano.a(libc_a-findfp.o)
                0x0800b968                __sinit
 .text._fwalk_sglue
                0x0800b998       0x3c C:/ST/STM32CubeIDE_1.15.1/STM32CubeIDE/plugins/com.st.stm32cube.ide.mcu.externaltools.gnu-tools-for-stm32.12.3.rel1.win32_1.0.100.202403111256/tools/bin/../lib/gcc/arm-none-eabi/12.3.1/../../../../arm-none-eabi/lib/thumb/v7e-m+fp/hard\libc_nano.a(libc_a-fwalk.o)
                0x0800b998                _fwalk_sglue
 .text.printf   0x0800b9d4       0x24 C:/ST/STM32CubeIDE_1.15.1/STM32CubeIDE/plugins/com.st.stm32cube.ide.mcu.externaltools.gnu-tools-for-stm32.12.3.rel1.win32_1.0.100.202403111256/tools/bin/../lib/gcc/arm-none-eabi/12.3.1/../../../../arm-none-eabi/lib/thumb/v7e-m+fp/hard\libc_nano.a(libc_a-printf.o)
                0x0800b9d4                iprintf
                0x0800b9d4                printf
 .text.__sread  0x0800b9f8       0x22 C:/ST/STM32CubeIDE_1.15.1/STM32CubeIDE/plugins/com.st.stm32cube.ide.mcu.externaltools.gnu-tools-for-stm32.12.3.rel1.win32_1.0.100.202403111256/tools/bin/../lib/gcc/arm-none-eabi/12.3.1/../../../../arm-none-eabi/lib/thumb/v7e-m+fp/hard\libc_nano.a(libc_a-stdio.o)
                0x0800b9f8                __sread
 .text.__swrite
                0x0800ba1a       0x38 C:/ST/STM32CubeIDE_1.15.1/STM32CubeIDE/plugins/com.st.stm32cube.ide.mcu.externaltools.gnu-tools-for-stm32.12.3.rel1.win32_1.0.100.202403111256/tools/bin/../lib/gcc/arm-none-eabi/12.3.1/../../../../arm-none-eabi/lib/thumb/v7e-m+fp/hard\libc_nano.a(libc_a-stdio.o)
                0x0800ba1a                __swrite
 .text.__sseek  0x0800ba52       0x24 C:/ST/STM32CubeIDE_1.15.1/STM32CubeIDE/plugins/com.st.stm32cube.ide.mcu.externaltools.gnu-tools-for-stm32.12.3.rel1.win32_1.0.100.202403111256/tools/bin/../lib/gcc/arm-none-eabi/12.3.1/../../../../arm-none-eabi/lib/thumb/v7e-m+fp/hard\libc_nano.a(libc_a-stdio.o)
                0x0800ba52                __sseek
 .text.__sclose
                0x0800ba76        0x8 C:/ST/STM32CubeIDE_1.15.1/STM32CubeIDE/plugins/com.st.stm32cube.ide.mcu.externaltools.gnu-tools-for-stm32.12.3.rel1.win32_1.0.100.202403111256/tools/bin/../lib/gcc/arm-none-eabi/12.3.1/../../../../arm-none-eabi/lib/thumb/v7e-m+fp/hard\libc_nano.a(libc_a-stdio.o)
                0x0800ba76                __sclose
 .text._vsnprintf_r
                0x0800ba7e       0x56 C:/ST/STM32CubeIDE_1.15.1/STM32CubeIDE/plugins/com.st.stm32cube.ide.mcu.externaltools.gnu-tools-for-stm32.12.3.rel1.win32_1.0.100.202403111256/tools/bin/../lib/gcc/arm-none-eabi/12.3.1/../../../../arm-none-eabi/lib/thumb/v7e-m+fp/hard\libc_nano.a(libc_a-vsnprintf.o)
                0x0800ba7e                _vsniprintf_r
                0x0800ba7e                _vsnprintf_r
 .text.vsnprintf
                0x0800bad4       0x1c C:/ST/STM32CubeIDE_1.15.1/STM32CubeIDE/plugins/com.st.stm32cube.ide.mcu.externaltools.gnu-tools-for-stm32.12.3.rel1.win32_1.0.100.202403111256/tools/bin/../lib/gcc/arm-none-eabi/12.3.1/../../../../arm-none-eabi/lib/thumb/v7e-m+fp/hard\libc_nano.a(libc_a-vsnprintf.o)
                0x0800bad4                vsniprintf
                0x0800bad4                vsnprintf
 .text.memset   0x0800baf0       0x10 C:/ST/STM32CubeIDE_1.15.1/STM32CubeIDE/plugins/com.st.stm32cube.ide.mcu.externaltools.gnu-tools-for-stm32.12.3.rel1.win32_1.0.100.202403111256/tools/bin/../lib/gcc/arm-none-eabi/12.3.1/../../../../arm-none-eabi/lib/thumb/v7e-m+fp/hard\libc_nano.a(libc_a-memset.o)
                0x0800baf0                memset
 .text._close_r
                0x0800bb00       0x20 C:/ST/STM32CubeIDE_1.15.1/STM32CubeIDE/plugins/com.st.stm32cube.ide.mcu.externaltools.gnu-tools-for-stm32.12.3.rel1.win32_1.0.100.202403111256/tools/bin/../lib/gcc/arm-none-eabi/12.3.1/../../../../arm-none-eabi/lib/thumb/v7e-m+fp/hard\libc_nano.a(libc_a-closer.o)
                0x0800bb00                _close_r
 .text._lseek_r
                0x0800bb20       0x24 C:/ST/STM32CubeIDE_1.15.1/STM32CubeIDE/plugins/com.st.stm32cube.ide.mcu.externaltools.gnu-tools-for-stm32.12.3.rel1.win32_1.0.100.202403111256/tools/bin/../lib/gcc/arm-none-eabi/12.3.1/../../../../arm-none-eabi/lib/thumb/v7e-m+fp/hard\libc_nano.a(libc_a-lseekr.o)
                0x0800bb20                _lseek_r
 .text._read_r  0x0800bb44       0x24 C:/ST/STM32CubeIDE_1.15.1/STM32CubeIDE/plugins/com.st.stm32cube.ide.mcu.externaltools.gnu-tools-for-stm32.12.3.rel1.win32_1.0.100.202403111256/tools/bin/../lib/gcc/arm-none-eabi/12.3.1/../../../../arm-none-eabi/lib/thumb/v7e-m+fp/hard\libc_nano.a(libc_a-readr.o)
                0x0800bb44                _read_r
 .text._write_r
                0x0800bb68       0x24 C:/ST/STM32CubeIDE_1.15.1/STM32CubeIDE/plugins/com.st.stm32cube.ide.mcu.externaltools.gnu-tools-for-stm32.12.3.rel1.win32_1.0.100.202403111256/tools/bin/../lib/gcc/arm-none-eabi/12.3.1/../../../../arm-none-eabi/lib/thumb/v7e-m+fp/hard\libc_nano.a(libc_a-writer.o)
                0x0800bb68                _write_r
 .text.__errno  0x0800bb8c        0xc C:/ST/STM32CubeIDE_1.15.1/STM32CubeIDE/plugins/com.st.stm32cube.ide.mcu.externaltools.gnu-tools-for-stm32.12.3.rel1.win32_1.0.100.202403111256/tools/bin/../lib/gcc/arm-none-eabi/12.3.1/../../../../arm-none-eabi/lib/thumb/v7e-m+fp/hard\libc_nano.a(libc_a-errno.o)
                0x0800bb8c                __errno
 .text.__libc_init_array
                0x0800bb98       0x48 C:/ST/STM32CubeIDE_1.15.1/STM32CubeIDE/plugins/com.st.stm32cube.ide.mcu.externaltools.gnu-tools-for-stm32.12.3.rel1.win32_1.0.100.202403111256/tools/bin/../lib/gcc/arm-none-eabi/12.3.1/../../../../arm-none-eabi/lib/thumb/v7e-m+fp/hard\libc_nano.a(libc_a-init.o)
                0x0800bb98                __libc_init_array
 .text.__retarget_lock_init_recursive
                0x0800bbe0        0x2 C:/ST/STM32CubeIDE_1.15.1/STM32CubeIDE/plugins/com.st.stm32cube.ide.mcu.externaltools.gnu-tools-for-stm32.12.3.rel1.win32_1.0.100.202403111256/tools/bin/../lib/gcc/arm-none-eabi/12.3.1/../../../../arm-none-eabi/lib/thumb/v7e-m+fp/hard\libc_nano.a(libc_a-lock.o)
                0x0800bbe0                __retarget_lock_init_recursive
 .text.__retarget_lock_acquire_recursive
                0x0800bbe2        0x2 C:/ST/STM32CubeIDE_1.15.1/STM32CubeIDE/plugins/com.st.stm32cube.ide.mcu.externaltools.gnu-tools-for-stm32.12.3.rel1.win32_1.0.100.202403111256/tools/bin/../lib/gcc/arm-none-eabi/12.3.1/../../../../arm-none-eabi/lib/thumb/v7e-m+fp/hard\libc_nano.a(libc_a-lock.o)
                0x0800bbe2                __retarget_lock_acquire_recursive
 .text.__retarget_lock_release_recursive
                0x0800bbe4        0x2 C:/ST/STM32CubeIDE_1.15.1/STM32CubeIDE/plugins/com.st.stm32cube.ide.mcu.externaltools.gnu-tools-for-stm32.12.3.rel1.win32_1.0.100.202403111256/tools/bin/../lib/gcc/arm-none-eabi/12.3.1/../../../../arm-none-eabi/lib/thumb/v7e-m+fp/hard\libc_nano.a(libc_a-lock.o)
                0x0800bbe4                __retarget_lock_release_recursive
 .text.memcpy   0x0800bbe6       0x1c C:/ST/STM32CubeIDE_1.15.1/STM32CubeIDE/plugins/com.st.stm32cube.ide.mcu.externaltools.gnu-tools-for-stm32.12.3.rel1.win32_1.0.100.202403111256/tools/bin/../lib/gcc/arm-none-eabi/12.3.1/../../../../arm-none-eabi/lib/thumb/v7e-m+fp/hard\libc_nano.a(libc_a-memcpy-stub.o)
                0x0800bbe6                memcpy
 *fill*         0x0800bc02        0x2 
 .text._free_r  0x0800bc04       0x94 C:/ST/STM32CubeIDE_1.15.1/STM32CubeIDE/plugins/com.st.stm32cube.ide.mcu.externaltools.gnu-tools-for-stm32.12.3.rel1.win32_1.0.100.202403111256/tools/bin/../lib/gcc/arm-none-eabi/12.3.1/../../../../arm-none-eabi/lib/thumb/v7e-m+fp/hard\libc_nano.a(libc_a-freer.o)
                0x0800bc04                _free_r
 .text.sbrk_aligned
                0x0800bc98       0x44 C:/ST/STM32CubeIDE_1.15.1/STM32CubeIDE/plugins/com.st.stm32cube.ide.mcu.externaltools.gnu-tools-for-stm32.12.3.rel1.win32_1.0.100.202403111256/tools/bin/../lib/gcc/arm-none-eabi/12.3.1/../../../../arm-none-eabi/lib/thumb/v7e-m+fp/hard\libc_nano.a(libc_a-mallocr.o)
 .text._malloc_r
                0x0800bcdc      0x100 C:/ST/STM32CubeIDE_1.15.1/STM32CubeIDE/plugins/com.st.stm32cube.ide.mcu.externaltools.gnu-tools-for-stm32.12.3.rel1.win32_1.0.100.202403111256/tools/bin/../lib/gcc/arm-none-eabi/12.3.1/../../../../arm-none-eabi/lib/thumb/v7e-m+fp/hard\libc_nano.a(libc_a-mallocr.o)
                0x0800bcdc                _malloc_r
 .text.__malloc_lock
                0x0800bddc        0xc C:/ST/STM32CubeIDE_1.15.1/STM32CubeIDE/plugins/com.st.stm32cube.ide.mcu.externaltools.gnu-tools-for-stm32.12.3.rel1.win32_1.0.100.202403111256/tools/bin/../lib/gcc/arm-none-eabi/12.3.1/../../../../arm-none-eabi/lib/thumb/v7e-m+fp/hard\libc_nano.a(libc_a-mlock.o)
                0x0800bddc                __malloc_lock
 .text.__malloc_unlock
                0x0800bde8        0xc C:/ST/STM32CubeIDE_1.15.1/STM32CubeIDE/plugins/com.st.stm32cube.ide.mcu.externaltools.gnu-tools-for-stm32.12.3.rel1.win32_1.0.100.202403111256/tools/bin/../lib/gcc/arm-none-eabi/12.3.1/../../../../arm-none-eabi/lib/thumb/v7e-m+fp/hard\libc_nano.a(libc_a-mlock.o)
                0x0800bde8                __malloc_unlock
 .text.__ssputs_r
                0x0800bdf4       0xb6 C:/ST/STM32CubeIDE_1.15.1/STM32CubeIDE/plugins/com.st.stm32cube.ide.mcu.externaltools.gnu-tools-for-stm32.12.3.rel1.win32_1.0.100.202403111256/tools/bin/../lib/gcc/arm-none-eabi/12.3.1/../../../../arm-none-eabi/lib/thumb/v7e-m+fp/hard\libc_nano.a(libc_a-nano-svfprintf.o)
                0x0800bdf4                __ssputs_r
 *fill*         0x0800beaa        0x2 
 .text._svfprintf_r
                0x0800beac      0x1f8 C:/ST/STM32CubeIDE_1.15.1/STM32CubeIDE/plugins/com.st.stm32cube.ide.mcu.externaltools.gnu-tools-for-stm32.12.3.rel1.win32_1.0.100.202403111256/tools/bin/../lib/gcc/arm-none-eabi/12.3.1/../../../../arm-none-eabi/lib/thumb/v7e-m+fp/hard\libc_nano.a(libc_a-nano-svfprintf.o)
                0x0800beac                _svfiprintf_r
                0x0800beac                _svfprintf_r
 .text.__sfputc_r
                0x0800c0a4       0x2e C:/ST/STM32CubeIDE_1.15.1/STM32CubeIDE/plugins/com.st.stm32cube.ide.mcu.externaltools.gnu-tools-for-stm32.12.3.rel1.win32_1.0.100.202403111256/tools/bin/../lib/gcc/arm-none-eabi/12.3.1/../../../../arm-none-eabi/lib/thumb/v7e-m+fp/hard\libc_nano.a(libc_a-nano-vfprintf.o)
 .text.__sfputs_r
                0x0800c0d2       0x24 C:/ST/STM32CubeIDE_1.15.1/STM32CubeIDE/plugins/com.st.stm32cube.ide.mcu.externaltools.gnu-tools-for-stm32.12.3.rel1.win32_1.0.100.202403111256/tools/bin/../lib/gcc/arm-none-eabi/12.3.1/../../../../arm-none-eabi/lib/thumb/v7e-m+fp/hard\libc_nano.a(libc_a-nano-vfprintf.o)
                0x0800c0d2                __sfputs_r
 *fill*         0x0800c0f6        0x2 
 .text._vfprintf_r
                0x0800c0f8      0x230 C:/ST/STM32CubeIDE_1.15.1/STM32CubeIDE/plugins/com.st.stm32cube.ide.mcu.externaltools.gnu-tools-for-stm32.12.3.rel1.win32_1.0.100.202403111256/tools/bin/../lib/gcc/arm-none-eabi/12.3.1/../../../../arm-none-eabi/lib/thumb/v7e-m+fp/hard\libc_nano.a(libc_a-nano-vfprintf.o)
                0x0800c0f8                _vfprintf_r
                0x0800c0f8                _vfiprintf_r
 .text._printf_common
                0x0800c328       0xda C:/ST/STM32CubeIDE_1.15.1/STM32CubeIDE/plugins/com.st.stm32cube.ide.mcu.externaltools.gnu-tools-for-stm32.12.3.rel1.win32_1.0.100.202403111256/tools/bin/../lib/gcc/arm-none-eabi/12.3.1/../../../../arm-none-eabi/lib/thumb/v7e-m+fp/hard\libc_nano.a(libc_a-nano-vfprintf_i.o)
                0x0800c328                _printf_common
 *fill*         0x0800c402        0x2 
 .text._printf_i
                0x0800c404      0x240 C:/ST/STM32CubeIDE_1.15.1/STM32CubeIDE/plugins/com.st.stm32cube.ide.mcu.externaltools.gnu-tools-for-stm32.12.3.rel1.win32_1.0.100.202403111256/tools/bin/../lib/gcc/arm-none-eabi/12.3.1/../../../../arm-none-eabi/lib/thumb/v7e-m+fp/hard\libc_nano.a(libc_a-nano-vfprintf_i.o)
                0x0800c404                _printf_i
 .text.__sflush_r
                0x0800c644      0x108 C:/ST/STM32CubeIDE_1.15.1/STM32CubeIDE/plugins/com.st.stm32cube.ide.mcu.externaltools.gnu-tools-for-stm32.12.3.rel1.win32_1.0.100.202403111256/tools/bin/../lib/gcc/arm-none-eabi/12.3.1/../../../../arm-none-eabi/lib/thumb/v7e-m+fp/hard\libc_nano.a(libc_a-fflush.o)
                0x0800c644                __sflush_r
 .text._fflush_r
                0x0800c74c       0x50 C:/ST/STM32CubeIDE_1.15.1/STM32CubeIDE/plugins/com.st.stm32cube.ide.mcu.externaltools.gnu-tools-for-stm32.12.3.rel1.win32_1.0.100.202403111256/tools/bin/../lib/gcc/arm-none-eabi/12.3.1/../../../../arm-none-eabi/lib/thumb/v7e-m+fp/hard\libc_nano.a(libc_a-fflush.o)
                0x0800c74c                _fflush_r
 .text.__swbuf_r
                0x0800c79c       0x7c C:/ST/STM32CubeIDE_1.15.1/STM32CubeIDE/plugins/com.st.stm32cube.ide.mcu.externaltools.gnu-tools-for-stm32.12.3.rel1.win32_1.0.100.202403111256/tools/bin/../lib/gcc/arm-none-eabi/12.3.1/../../../../arm-none-eabi/lib/thumb/v7e-m+fp/hard\libc_nano.a(libc_a-wbuf.o)
                0x0800c79c                __swbuf_r
 .text.__swsetup_r
                0x0800c818       0xac C:/ST/STM32CubeIDE_1.15.1/STM32CubeIDE/plugins/com.st.stm32cube.ide.mcu.externaltools.gnu-tools-for-stm32.12.3.rel1.win32_1.0.100.202403111256/tools/bin/../lib/gcc/arm-none-eabi/12.3.1/../../../../arm-none-eabi/lib/thumb/v7e-m+fp/hard\libc_nano.a(libc_a-wsetup.o)
                0x0800c818                __swsetup_r
 .text.memmove  0x0800c8c4       0x34 C:/ST/STM32CubeIDE_1.15.1/STM32CubeIDE/plugins/com.st.stm32cube.ide.mcu.externaltools.gnu-tools-for-stm32.12.3.rel1.win32_1.0.100.202403111256/tools/bin/../lib/gcc/arm-none-eabi/12.3.1/../../../../arm-none-eabi/lib/thumb/v7e-m+fp/hard\libc_nano.a(libc_a-memmove.o)
                0x0800c8c4                memmove
 .text._sbrk_r  0x0800c8f8       0x20 C:/ST/STM32CubeIDE_1.15.1/STM32CubeIDE/plugins/com.st.stm32cube.ide.mcu.externaltools.gnu-tools-for-stm32.12.3.rel1.win32_1.0.100.202403111256/tools/bin/../lib/gcc/arm-none-eabi/12.3.1/../../../../arm-none-eabi/lib/thumb/v7e-m+fp/hard\libc_nano.a(libc_a-sbrkr.o)
                0x0800c8f8                _sbrk_r
 .text._realloc_r
                0x0800c918       0x5c C:/ST/STM32CubeIDE_1.15.1/STM32CubeIDE/plugins/com.st.stm32cube.ide.mcu.externaltools.gnu-tools-for-stm32.12.3.rel1.win32_1.0.100.202403111256/tools/bin/../lib/gcc/arm-none-eabi/12.3.1/../../../../arm-none-eabi/lib/thumb/v7e-m+fp/hard\libc_nano.a(libc_a-reallocr.o)
                0x0800c918                _realloc_r
 .text.__swhatbuf_r
                0x0800c974       0x4c C:/ST/STM32CubeIDE_1.15.1/STM32CubeIDE/plugins/com.st.stm32cube.ide.mcu.externaltools.gnu-tools-for-stm32.12.3.rel1.win32_1.0.100.202403111256/tools/bin/../lib/gcc/arm-none-eabi/12.3.1/../../../../arm-none-eabi/lib/thumb/v7e-m+fp/hard\libc_nano.a(libc_a-makebuf.o)
                0x0800c974                __swhatbuf_r
 .text.__smakebuf_r
                0x0800c9c0       0x78 C:/ST/STM32CubeIDE_1.15.1/STM32CubeIDE/plugins/com.st.stm32cube.ide.mcu.externaltools.gnu-tools-for-stm32.12.3.rel1.win32_1.0.100.202403111256/tools/bin/../lib/gcc/arm-none-eabi/12.3.1/../../../../arm-none-eabi/lib/thumb/v7e-m+fp/hard\libc_nano.a(libc_a-makebuf.o)
                0x0800c9c0                __smakebuf_r
 .text._fstat_r
                0x0800ca38       0x24 C:/ST/STM32CubeIDE_1.15.1/STM32CubeIDE/plugins/com.st.stm32cube.ide.mcu.externaltools.gnu-tools-for-stm32.12.3.rel1.win32_1.0.100.202403111256/tools/bin/../lib/gcc/arm-none-eabi/12.3.1/../../../../arm-none-eabi/lib/thumb/v7e-m+fp/hard\libc_nano.a(libc_a-fstatr.o)
                0x0800ca38                _fstat_r
 .text._isatty_r
                0x0800ca5c       0x20 C:/ST/STM32CubeIDE_1.15.1/STM32CubeIDE/plugins/com.st.stm32cube.ide.mcu.externaltools.gnu-tools-for-stm32.12.3.rel1.win32_1.0.100.202403111256/tools/bin/../lib/gcc/arm-none-eabi/12.3.1/../../../../arm-none-eabi/lib/thumb/v7e-m+fp/hard\libc_nano.a(libc_a-isattyr.o)
                0x0800ca5c                _isatty_r
 .text._malloc_usable_size_r
                0x0800ca7c       0x10 C:/ST/STM32CubeIDE_1.15.1/STM32CubeIDE/plugins/com.st.stm32cube.ide.mcu.externaltools.gnu-tools-for-stm32.12.3.rel1.win32_1.0.100.202403111256/tools/bin/../lib/gcc/arm-none-eabi/12.3.1/../../../../arm-none-eabi/lib/thumb/v7e-m+fp/hard\libc_nano.a(libc_a-msizer.o)
                0x0800ca7c                _malloc_usable_size_r
 .text.lroundf  0x0800ca8c       0x5a C:/ST/STM32CubeIDE_1.15.1/STM32CubeIDE/plugins/com.st.stm32cube.ide.mcu.externaltools.gnu-tools-for-stm32.12.3.rel1.win32_1.0.100.202403111256/tools/bin/../lib/gcc/arm-none-eabi/12.3.1/../../../../arm-none-eabi/lib/thumb/v7e-m+fp/hard\libm.a(libm_a-sf_lround.o)
                0x0800ca8c                lroundf
 *fill*         0x0800cae6        0x2 
 .text.ceilf    0x0800cae8       0x84 C:/ST/STM32CubeIDE_1.15.1/STM32CubeIDE/plugins/com.st.stm32cube.ide.mcu.externaltools.gnu-tools-for-stm32.12.3.rel1.win32_1.0.100.202403111256/tools/bin/../lib/gcc/arm-none-eabi/12.3.1/../../../../arm-none-eabi/lib/thumb/v7e-m+fp/hard\libm.a(libm_a-sf_ceil.o)
                0x0800cae8                ceilf
 .text.floorf   0x0800cb6c       0x88 C:/ST/STM32CubeIDE_1.15.1/STM32CubeIDE/plugins/com.st.stm32cube.ide.mcu.externaltools.gnu-tools-for-stm32.12.3.rel1.win32_1.0.100.202403111256/tools/bin/../lib/gcc/arm-none-eabi/12.3.1/../../../../arm-none-eabi/lib/thumb/v7e-m+fp/hard\libm.a(libm_a-sf_floor.o)
                0x0800cb6c                floorf
 *(.glue_7)
 .glue_7        0x0800cbf4        0x0 linker stubs
 *(.glue_7t)
 .glue_7t       0x0800cbf4        0x0 linker stubs
 *(.eh_frame)
 .eh_frame      0x0800cbf4        0x0 C:/ST/STM32CubeIDE_1.15.1/STM32CubeIDE/plugins/com.st.stm32cube.ide.mcu.externaltools.gnu-tools-for-stm32.12.3.rel1.win32_1.0.100.202403111256/tools/bin/../lib/gcc/arm-none-eabi/12.3.1/thumb/v7e-m+fp/hard/crtbegin.o
 *(.init)
 .init          0x0800cbf4        0x4 C:/ST/STM32CubeIDE_1.15.1/STM32CubeIDE/plugins/com.st.stm32cube.ide.mcu.externaltools.gnu-tools-for-stm32.12.3.rel1.win32_1.0.100.202403111256/tools/bin/../lib/gcc/arm-none-eabi/12.3.1/thumb/v7e-m+fp/hard/crti.o
                0x0800cbf4                _init
 .init          0x0800cbf8        0x8 C:/ST/STM32CubeIDE_1.15.1/STM32CubeIDE/plugins/com.st.stm32cube.ide.mcu.externaltools.gnu-tools-for-stm32.12.3.rel1.win32_1.0.100.202403111256/tools/bin/../lib/gcc/arm-none-eabi/12.3.1/thumb/v7e-m+fp/hard/crtn.o
 *(.fini)
 .fini          0x0800cc00        0x4 C:/ST/STM32CubeIDE_1.15.1/STM32CubeIDE/plugins/com.st.stm32cube.ide.mcu.externaltools.gnu-tools-for-stm32.12.3.rel1.win32_1.0.100.202403111256/tools/bin/../lib/gcc/arm-none-eabi/12.3.1/thumb/v7e-m+fp/hard/crti.o
                0x0800cc00                _fini
 .fini          0x0800cc04        0x8 C:/ST/STM32CubeIDE_1.15.1/STM32CubeIDE/plugins/com.st.stm32cube.ide.mcu.externaltools.gnu-tools-for-stm32.12.3.rel1.win32_1.0.100.202403111256/tools/bin/../lib/gcc/arm-none-eabi/12.3.1/thumb/v7e-m+fp/hard/crtn.o
                0x0800cc0c                        . = ALIGN (0x4)
                0x0800cc0c                        _etext = .

.vfp11_veneer   0x0800cc0c        0x0
 .vfp11_veneer  0x0800cc0c        0x0 linker stubs

.v4_bx          0x0800cc0c        0x0
 .v4_bx         0x0800cc0c        0x0 linker stubs

.iplt           0x0800cc0c        0x0
 .iplt          0x0800cc0c        0x0 C:/ST/STM32CubeIDE_1.15.1/STM32CubeIDE/plugins/com.st.stm32cube.ide.mcu.externaltools.gnu-tools-for-stm32.12.3.rel1.win32_1.0.100.202403111256/tools/bin/../lib/gcc/arm-none-eabi/12.3.1/thumb/v7e-m+fp/hard/crtbegin.o

.rodata         0x0800cc0c     0x14fc
                0x0800cc0c                        . = ALIGN (0x4)
 *(.rodata)
 .rodata        0x0800cc0c       0x13 ./Core/Src/dbms/dbms.o
 *fill*         0x0800cc1f        0x1 
 .rodata        0x0800cc20        0x7 ./Core/Src/dbms/storage.o
 *fill*         0x0800cc27        0x1 
 .rodata        0x0800cc28       0x30 ./Core/Src/dbms/can/canio.o
 .rodata        0x0800cc58        0xc ./Core/Src/dbms/can/elcon.o
 .rodata        0x0800cc64       0x2e ./Core/Src/dbms/stack/stackctl.o
 *fill*         0x0800cc92        0x2 
 .rodata        0x0800cc94       0x1a ./Core/Src/dbms/stack/stackfault.o
 *fill*         0x0800ccae        0x2 
 .rodata        0x0800ccb0       0x12 ./Core/Src/dbms/stack/stacktemp.o
 *(.rodata*)
 *fill*         0x0800ccc2        0x2 
 .rodata.leds   0x0800ccc4       0x30 ./Core/Src/dbms/ledctl.o
 .rodata.system_led_patterns
                0x0800ccf4       0x3f ./Core/Src/dbms/ledctl.o
 *fill*         0x0800cd33        0x1 
 .rodata.therm_voltages
                0x0800cd34      0x1e4 ./Core/Src/dbms/model/data.o
 .rodata.therm_temps
                0x0800cf18      0x1e4 ./Core/Src/dbms/model/data.o
 .rodata.ocv_t_low
                0x0800d0fc      0x324 ./Core/Src/dbms/model/data.o
                0x0800d0fc                ocv_t_low
 .rodata.ocv_t_high
                0x0800d420      0x324 ./Core/Src/dbms/model/data.o
                0x0800d420                ocv_t_high
 .rodata.rc_t_low
                0x0800d744      0x4bc ./Core/Src/dbms/model/data.o
                0x0800d744                rc_t_low
 .rodata.rc_t_high
                0x0800dc00      0x4bc ./Core/Src/dbms/model/data.o
                0x0800dc00                rc_t_high
 .rodata.AHBPrescTable
                0x0800e0bc       0x10 ./Core/Src/system_stm32f4xx.o
                0x0800e0bc                AHBPrescTable
 .rodata.APBPrescTable
                0x0800e0cc        0x8 ./Core/Src/system_stm32f4xx.o
                0x0800e0cc                APBPrescTable
 .rodata._svfprintf_r.str1.1
                0x0800e0d4       0x11 C:/ST/STM32CubeIDE_1.15.1/STM32CubeIDE/plugins/com.st.stm32cube.ide.mcu.externaltools.gnu-tools-for-stm32.12.3.rel1.win32_1.0.100.202403111256/tools/bin/../lib/gcc/arm-none-eabi/12.3.1/../../../../arm-none-eabi/lib/thumb/v7e-m+fp/hard\libc_nano.a(libc_a-nano-svfprintf.o)
 .rodata._vfprintf_r.str1.1
                0x0800e0e5       0x11 C:/ST/STM32CubeIDE_1.15.1/STM32CubeIDE/plugins/com.st.stm32cube.ide.mcu.externaltools.gnu-tools-for-stm32.12.3.rel1.win32_1.0.100.202403111256/tools/bin/../lib/gcc/arm-none-eabi/12.3.1/../../../../arm-none-eabi/lib/thumb/v7e-m+fp/hard\libc_nano.a(libc_a-nano-vfprintf.o)
 .rodata._printf_i.str1.1
                0x0800e0e5       0x22 C:/ST/STM32CubeIDE_1.15.1/STM32CubeIDE/plugins/com.st.stm32cube.ide.mcu.externaltools.gnu-tools-for-stm32.12.3.rel1.win32_1.0.100.202403111256/tools/bin/../lib/gcc/arm-none-eabi/12.3.1/../../../../arm-none-eabi/lib/thumb/v7e-m+fp/hard\libc_nano.a(libc_a-nano-vfprintf_i.o)
                0x0800e108                        . = ALIGN (0x4)
 *fill*         0x0800e107        0x1 

.ARM.extab      0x0800e108        0x0
                0x0800e108                        . = ALIGN (0x4)
 *(.ARM.extab* .gnu.linkonce.armextab.*)
                0x0800e108                        . = ALIGN (0x4)

.ARM            0x0800e108        0x8
                0x0800e108                        . = ALIGN (0x4)
                0x0800e108                        __exidx_start = .
 *(.ARM.exidx*)
 .ARM.exidx     0x0800e108        0x8 C:/ST/STM32CubeIDE_1.15.1/STM32CubeIDE/plugins/com.st.stm32cube.ide.mcu.externaltools.gnu-tools-for-stm32.12.3.rel1.win32_1.0.100.202403111256/tools/bin/../lib/gcc/arm-none-eabi/12.3.1/../../../../arm-none-eabi/lib/thumb/v7e-m+fp/hard\libc_nano.a(libc_a-memchr.o)
 .ARM.exidx     0x0800e110        0x0 C:/ST/STM32CubeIDE_1.15.1/STM32CubeIDE/plugins/com.st.stm32cube.ide.mcu.externaltools.gnu-tools-for-stm32.12.3.rel1.win32_1.0.100.202403111256/tools/bin/../lib/gcc/arm-none-eabi/12.3.1/thumb/v7e-m+fp/hard\libgcc.a(_udivmoddi4.o)
                                  0x8 (size before relaxing)
                0x0800e110                        __exidx_end = .
                0x0800e110                        . = ALIGN (0x4)

.preinit_array  0x0800e110        0x0
                0x0800e110                        . = ALIGN (0x4)
                0x0800e110                        PROVIDE (__preinit_array_start = .)
 *(.preinit_array*)
                0x0800e110                        PROVIDE (__preinit_array_end = .)
                0x0800e110                        . = ALIGN (0x4)

.init_array     0x0800e110        0x4
                0x0800e110                        . = ALIGN (0x4)
                0x0800e110                        PROVIDE (__init_array_start = .)
 *(SORT_BY_NAME(.init_array.*))
 *(.init_array*)
 .init_array    0x0800e110        0x4 C:/ST/STM32CubeIDE_1.15.1/STM32CubeIDE/plugins/com.st.stm32cube.ide.mcu.externaltools.gnu-tools-for-stm32.12.3.rel1.win32_1.0.100.202403111256/tools/bin/../lib/gcc/arm-none-eabi/12.3.1/thumb/v7e-m+fp/hard/crtbegin.o
                0x0800e114                        PROVIDE (__init_array_end = .)
                0x0800e114                        . = ALIGN (0x4)

.fini_array     0x0800e114        0x4
                0x0800e114                        . = ALIGN (0x4)
                [!provide]                        PROVIDE (__fini_array_start = .)
 *(SORT_BY_NAME(.fini_array.*))
 *(.fini_array*)
 .fini_array    0x0800e114        0x4 C:/ST/STM32CubeIDE_1.15.1/STM32CubeIDE/plugins/com.st.stm32cube.ide.mcu.externaltools.gnu-tools-for-stm32.12.3.rel1.win32_1.0.100.202403111256/tools/bin/../lib/gcc/arm-none-eabi/12.3.1/thumb/v7e-m+fp/hard/crtbegin.o
                [!provide]                        PROVIDE (__fini_array_end = .)
                0x0800e118                        . = ALIGN (0x4)
                0x0800e118                        _sidata = LOADADDR (.data)

.rel.dyn        0x0800e118        0x0
 .rel.iplt      0x0800e118        0x0 C:/ST/STM32CubeIDE_1.15.1/STM32CubeIDE/plugins/com.st.stm32cube.ide.mcu.externaltools.gnu-tools-for-stm32.12.3.rel1.win32_1.0.100.202403111256/tools/bin/../lib/gcc/arm-none-eabi/12.3.1/thumb/v7e-m+fp/hard/crtbegin.o

.data           0x20000000      0x2b0 load address 0x0800e118
                0x20000000                        . = ALIGN (0x4)
                0x20000000                        _sdata = .
 *(.data)
 *(.data*)
 .data.frame_set_metric_cycle.2
                0x20000000        0x8 ./Core/Src/dbms/can/isense.o
 .data.frame_set_stop_mode.1
                0x20000008        0x8 ./Core/Src/dbms/can/isense.o
 .data.frame_set_run_mode.0
                0x20000010        0x8 ./Core/Src/dbms/can/isense.o
 .data.frame.1  0x20000018        0x8 ./Core/Src/dbms/can/telem.o
 .data.FRAME_WAKE_STACK.3
                0x20000020        0x7 ./Core/Src/dbms/stack/stackctl.o
 *fill*         0x20000027        0x1 
 .data.FRAME_SHUTDOWN_STACK.2
                0x20000028        0x6 ./Core/Src/dbms/stack/stackctl.o
 *fill*         0x2000002e        0x2 
 .data.FRAME_ENABLE_AUTO_ADDR.1
                0x20000030        0x6 ./Core/Src/dbms/stack/stackctl.o
 *fill*         0x20000036        0x2 
 .data.FRAME_SET_ALL_STACK.0
                0x20000038        0x6 ./Core/Src/dbms/stack/stackctl.o
 *fill*         0x2000003e        0x2 
 .data.FRAME_SET_ADC_CONT_RUN.1
                0x20000040        0x6 ./Core/Src/dbms/stack/stackvolt.o
 *fill*         0x20000046        0x2 
 .data.crc16_table
                0x20000048      0x200 ./Core/Src/dbms/utils/crc.o
 .data.SystemCoreClock
                0x20000248        0x4 ./Core/Src/system_stm32f4xx.o
                0x20000248                SystemCoreClock
 .data.uwTickPrio
                0x2000024c        0x4 ./Drivers/STM32F4xx_HAL_Driver/Src/stm32f4xx_hal.o
                0x2000024c                uwTickPrio
 .data.uwTickFreq
                0x20000250        0x1 ./Drivers/STM32F4xx_HAL_Driver/Src/stm32f4xx_hal.o
                0x20000250                uwTickFreq
 *fill*         0x20000251        0x3 
 .data.__sglue  0x20000254        0xc C:/ST/STM32CubeIDE_1.15.1/STM32CubeIDE/plugins/com.st.stm32cube.ide.mcu.externaltools.gnu-tools-for-stm32.12.3.rel1.win32_1.0.100.202403111256/tools/bin/../lib/gcc/arm-none-eabi/12.3.1/../../../../arm-none-eabi/lib/thumb/v7e-m+fp/hard\libc_nano.a(libc_a-findfp.o)
                0x20000254                __sglue
 .data._impure_ptr
                0x20000260        0x4 C:/ST/STM32CubeIDE_1.15.1/STM32CubeIDE/plugins/com.st.stm32cube.ide.mcu.externaltools.gnu-tools-for-stm32.12.3.rel1.win32_1.0.100.202403111256/tools/bin/../lib/gcc/arm-none-eabi/12.3.1/../../../../arm-none-eabi/lib/thumb/v7e-m+fp/hard\libc_nano.a(libc_a-impure.o)
                0x20000260                _impure_ptr
 .data._impure_data
                0x20000264       0x4c C:/ST/STM32CubeIDE_1.15.1/STM32CubeIDE/plugins/com.st.stm32cube.ide.mcu.externaltools.gnu-tools-for-stm32.12.3.rel1.win32_1.0.100.202403111256/tools/bin/../lib/gcc/arm-none-eabi/12.3.1/../../../../arm-none-eabi/lib/thumb/v7e-m+fp/hard\libc_nano.a(libc_a-impure.o)
                0x20000264                _impure_data
 *(.RamFunc)
 *(.RamFunc*)
                0x200002b0                        . = ALIGN (0x4)
                0x200002b0                        _edata = .

.igot.plt       0x200002b0        0x0 load address 0x0800e3c8
 .igot.plt      0x200002b0        0x0 C:/ST/STM32CubeIDE_1.15.1/STM32CubeIDE/plugins/com.st.stm32cube.ide.mcu.externaltools.gnu-tools-for-stm32.12.3.rel1.win32_1.0.100.202403111256/tools/bin/../lib/gcc/arm-none-eabi/12.3.1/thumb/v7e-m+fp/hard/crtbegin.o
                0x200002b0                        . = ALIGN (0x4)

.bss            0x200002b0     0x1c6c load address 0x0800e3c8
                0x200002b0                        _sbss = .
                0x200002b0                        __bss_start__ = _sbss
 *(.bss)
 .bss           0x200002b0       0x1c C:/ST/STM32CubeIDE_1.15.1/STM32CubeIDE/plugins/com.st.stm32cube.ide.mcu.externaltools.gnu-tools-for-stm32.12.3.rel1.win32_1.0.100.202403111256/tools/bin/../lib/gcc/arm-none-eabi/12.3.1/thumb/v7e-m+fp/hard/crtbegin.o
 *(.bss*)
 *fill*         0x200002cc        0x4 
 .bss.snapshot_storage
                0x200002d0       0xc0 ./Core/Src/dbms/blackbox.o
 .bss.mem_settings
                0x20000390       0x44 ./Core/Src/dbms/dbms.o
 .bss.last_blink_time.1
                0x200003d4        0x4 ./Core/Src/dbms/ledctl.o
 .bss.blink_on.0
                0x200003d8        0x1 ./Core/Src/dbms/ledctl.o
 *fill*         0x200003d9        0x3 
 .bss.rollover.2
                0x200003dc        0x4 ./Core/Src/dbms/sched.o
 .bss.last_cnt.1
                0x200003e0        0x4 ./Core/Src/dbms/sched.o
 *fill*         0x200003e4        0x4 
 .bss.high_us.0
                0x200003e8        0x8 ./Core/Src/dbms/sched.o
 .bss.data.0    0x200003f0        0x8 ./Core/Src/dbms/can/telem.o
 .bss.rx_fault_readings.0
                0x200003f8      0x400 ./Core/Src/dbms/stack/stackfault.o
 .bss.rx_buffer_t.0
                0x200007f8      0x400 ./Core/Src/dbms/stack/stacktemp.o
 .bss.rx_buffer_v.0
                0x20000bf8      0x400 ./Core/Src/dbms/stack/stackvolt.o
 .bss.hadc1     0x20000ff8       0x48 ./Core/Src/main.o
                0x20000ff8                hadc1
 .bss.hcan2     0x20001040       0x28 ./Core/Src/main.o
                0x20001040                hcan2
 .bss.hi2c2     0x20001068       0x54 ./Core/Src/main.o
                0x20001068                hi2c2
 .bss.htim1     0x200010bc       0x48 ./Core/Src/main.o
                0x200010bc                htim1
 .bss.htim3     0x20001104       0x48 ./Core/Src/main.o
                0x20001104                htim3
 .bss.huart4    0x2000114c       0x48 ./Core/Src/main.o
                0x2000114c                huart4
 *fill*         0x20001194        0x4 
 .bss.dbms_ctx  0x20001198      0xc30 ./Core/Src/main.o
 .bss.__sbrk_heap_end
                0x20001dc8        0x4 ./Core/Src/sysmem.o
 .bss.uwTick    0x20001dcc        0x4 ./Drivers/STM32F4xx_HAL_Driver/Src/stm32f4xx_hal.o
                0x20001dcc                uwTick
 .bss.__sf      0x20001dd0      0x138 C:/ST/STM32CubeIDE_1.15.1/STM32CubeIDE/plugins/com.st.stm32cube.ide.mcu.externaltools.gnu-tools-for-stm32.12.3.rel1.win32_1.0.100.202403111256/tools/bin/../lib/gcc/arm-none-eabi/12.3.1/../../../../arm-none-eabi/lib/thumb/v7e-m+fp/hard\libc_nano.a(libc_a-findfp.o)
                0x20001dd0                __sf
 .bss.__stdio_exit_handler
                0x20001f08        0x4 C:/ST/STM32CubeIDE_1.15.1/STM32CubeIDE/plugins/com.st.stm32cube.ide.mcu.externaltools.gnu-tools-for-stm32.12.3.rel1.win32_1.0.100.202403111256/tools/bin/../lib/gcc/arm-none-eabi/12.3.1/../../../../arm-none-eabi/lib/thumb/v7e-m+fp/hard\libc_nano.a(libc_a-findfp.o)
                0x20001f08                __stdio_exit_handler
 .bss.errno     0x20001f0c        0x4 C:/ST/STM32CubeIDE_1.15.1/STM32CubeIDE/plugins/com.st.stm32cube.ide.mcu.externaltools.gnu-tools-for-stm32.12.3.rel1.win32_1.0.100.202403111256/tools/bin/../lib/gcc/arm-none-eabi/12.3.1/../../../../arm-none-eabi/lib/thumb/v7e-m+fp/hard\libc_nano.a(libc_a-reent.o)
                0x20001f0c                errno
 .bss.__lock___malloc_recursive_mutex
                0x20001f10        0x1 C:/ST/STM32CubeIDE_1.15.1/STM32CubeIDE/plugins/com.st.stm32cube.ide.mcu.externaltools.gnu-tools-for-stm32.12.3.rel1.win32_1.0.100.202403111256/tools/bin/../lib/gcc/arm-none-eabi/12.3.1/../../../../arm-none-eabi/lib/thumb/v7e-m+fp/hard\libc_nano.a(libc_a-lock.o)
                0x20001f10                __lock___malloc_recursive_mutex
 .bss.__lock___sfp_recursive_mutex
                0x20001f11        0x1 C:/ST/STM32CubeIDE_1.15.1/STM32CubeIDE/plugins/com.st.stm32cube.ide.mcu.externaltools.gnu-tools-for-stm32.12.3.rel1.win32_1.0.100.202403111256/tools/bin/../lib/gcc/arm-none-eabi/12.3.1/../../../../arm-none-eabi/lib/thumb/v7e-m+fp/hard\libc_nano.a(libc_a-lock.o)
                0x20001f11                __lock___sfp_recursive_mutex
 *fill*         0x20001f12        0x2 
 .bss.__malloc_sbrk_start
                0x20001f14        0x4 C:/ST/STM32CubeIDE_1.15.1/STM32CubeIDE/plugins/com.st.stm32cube.ide.mcu.externaltools.gnu-tools-for-stm32.12.3.rel1.win32_1.0.100.202403111256/tools/bin/../lib/gcc/arm-none-eabi/12.3.1/../../../../arm-none-eabi/lib/thumb/v7e-m+fp/hard\libc_nano.a(libc_a-mallocr.o)
                0x20001f14                __malloc_sbrk_start
 .bss.__malloc_free_list
                0x20001f18        0x4 C:/ST/STM32CubeIDE_1.15.1/STM32CubeIDE/plugins/com.st.stm32cube.ide.mcu.externaltools.gnu-tools-for-stm32.12.3.rel1.win32_1.0.100.202403111256/tools/bin/../lib/gcc/arm-none-eabi/12.3.1/../../../../arm-none-eabi/lib/thumb/v7e-m+fp/hard\libc_nano.a(libc_a-mallocr.o)
                0x20001f18                __malloc_free_list
 *(COMMON)
                0x20001f1c                        . = ALIGN (0x4)
                0x20001f1c                        _ebss = .
                0x20001f1c                        __bss_end__ = _ebss

._user_heap_stack
                0x20001f1c      0x604 load address 0x0800e3c8
                0x20001f20                        . = ALIGN (0x8)
 *fill*         0x20001f1c        0x4 
                [!provide]                        PROVIDE (end = .)
                0x20001f20                        PROVIDE (_end = .)
                0x20002120                        . = (. + _Min_Heap_Size)
 *fill*         0x20001f20      0x200 
                0x20002520                        . = (. + _Min_Stack_Size)
 *fill*         0x20002120      0x400 
                0x20002520                        . = ALIGN (0x8)

/DISCARD/
 libc.a(*)
 libm.a(*)
 libgcc.a(*)

.ARM.attributes
                0x00000000       0x30
 *(.ARM.attributes)
 .ARM.attributes
                0x00000000       0x22 C:/ST/STM32CubeIDE_1.15.1/STM32CubeIDE/plugins/com.st.stm32cube.ide.mcu.externaltools.gnu-tools-for-stm32.12.3.rel1.win32_1.0.100.202403111256/tools/bin/../lib/gcc/arm-none-eabi/12.3.1/thumb/v7e-m+fp/hard/crti.o
 .ARM.attributes
                0x00000022       0x34 C:/ST/STM32CubeIDE_1.15.1/STM32CubeIDE/plugins/com.st.stm32cube.ide.mcu.externaltools.gnu-tools-for-stm32.12.3.rel1.win32_1.0.100.202403111256/tools/bin/../lib/gcc/arm-none-eabi/12.3.1/thumb/v7e-m+fp/hard/crtbegin.o
 .ARM.attributes
                0x00000056       0x34 ./Core/Src/dbms/blackbox.o
 .ARM.attributes
                0x0000008a       0x34 ./Core/Src/dbms/dbms.o
 .ARM.attributes
                0x000000be       0x34 ./Core/Src/dbms/ledctl.o
 .ARM.attributes
                0x000000f2       0x34 ./Core/Src/dbms/pwm.o
 .ARM.attributes
                0x00000126       0x34 ./Core/Src/dbms/sched.o
 .ARM.attributes
                0x0000015a       0x34 ./Core/Src/dbms/settings.o
 .ARM.attributes
                0x0000018e       0x34 ./Core/Src/dbms/storage.o
 .ARM.attributes
                0x000001c2       0x34 ./Core/Src/dbms/can/canio.o
 .ARM.attributes
                0x000001f6       0x34 ./Core/Src/dbms/can/elcon.o
 .ARM.attributes
                0x0000022a       0x34 ./Core/Src/dbms/can/isense.o
 .ARM.attributes
                0x0000025e       0x34 ./Core/Src/dbms/can/telem.o
 .ARM.attributes
                0x00000292       0x34 ./Core/Src/dbms/faults/faultcheck.o
 .ARM.attributes
                0x000002c6       0x34 ./Core/Src/dbms/faults/faults.o
 .ARM.attributes
                0x000002fa       0x34 ./Core/Src/dbms/model/data.o
 .ARM.attributes
                0x0000032e       0x34 ./Core/Src/dbms/model/model.o
 .ARM.attributes
                0x00000362       0x34 ./Core/Src/dbms/stack/stackctl.o
 .ARM.attributes
                0x00000396       0x34 ./Core/Src/dbms/stack/stackfault.o
 .ARM.attributes
                0x000003ca       0x34 ./Core/Src/dbms/stack/stackio.o
 .ARM.attributes
                0x000003fe       0x34 ./Core/Src/dbms/stack/stackled.o
 .ARM.attributes
                0x00000432       0x34 ./Core/Src/dbms/stack/stacktemp.o
 .ARM.attributes
                0x00000466       0x34 ./Core/Src/dbms/stack/stackvolt.o
 .ARM.attributes
                0x0000049a       0x34 ./Core/Src/dbms/utils/crc.o
 .ARM.attributes
                0x000004ce       0x34 ./Core/Src/dbms/utils/eswap.o
 .ARM.attributes
                0x00000502       0x34 ./Core/Src/dbms/utils/lut.o
 .ARM.attributes
                0x00000536       0x34 ./Core/Src/main.o
 .ARM.attributes
                0x0000056a       0x34 ./Core/Src/stm32f4xx_hal_msp.o
 .ARM.attributes
                0x0000059e       0x34 ./Core/Src/stm32f4xx_it.o
 .ARM.attributes
                0x000005d2       0x34 ./Core/Src/syscalls.o
 .ARM.attributes
                0x00000606       0x34 ./Core/Src/sysmem.o
 .ARM.attributes
                0x0000063a       0x34 ./Core/Src/system_stm32f4xx.o
 .ARM.attributes
                0x0000066e       0x21 ./Core/Startup/startup_stm32f446retx.o
 .ARM.attributes
                0x0000068f       0x34 ./Drivers/STM32F4xx_HAL_Driver/Src/stm32f4xx_hal.o
 .ARM.attributes
                0x000006c3       0x34 ./Drivers/STM32F4xx_HAL_Driver/Src/stm32f4xx_hal_adc.o
 .ARM.attributes
                0x000006f7       0x34 ./Drivers/STM32F4xx_HAL_Driver/Src/stm32f4xx_hal_can.o
 .ARM.attributes
                0x0000072b       0x34 ./Drivers/STM32F4xx_HAL_Driver/Src/stm32f4xx_hal_cortex.o
 .ARM.attributes
                0x0000075f       0x34 ./Drivers/STM32F4xx_HAL_Driver/Src/stm32f4xx_hal_gpio.o
 .ARM.attributes
                0x00000793       0x34 ./Drivers/STM32F4xx_HAL_Driver/Src/stm32f4xx_hal_i2c.o
 .ARM.attributes
                0x000007c7       0x34 ./Drivers/STM32F4xx_HAL_Driver/Src/stm32f4xx_hal_rcc.o
 .ARM.attributes
                0x000007fb       0x34 ./Drivers/STM32F4xx_HAL_Driver/Src/stm32f4xx_hal_rcc_ex.o
 .ARM.attributes
                0x0000082f       0x34 ./Drivers/STM32F4xx_HAL_Driver/Src/stm32f4xx_hal_tim.o
 .ARM.attributes
                0x00000863       0x34 ./Drivers/STM32F4xx_HAL_Driver/Src/stm32f4xx_hal_tim_ex.o
 .ARM.attributes