Archive member included to satisfy reference by file (symbol)

/opt/stm32cubeide/plugins/com.st.stm32cube.ide.mcu.externaltools.gnu-tools-for-stm32.13.3.rel1.linux64_1.0.0.202410170706/tools/bin/../lib/gcc/arm-none-eabi/13.3.1/../../../../arm-none-eabi/lib/thumb/v7e-m+fp/hard/libc_nano.a(libc_a-exit.o)
                              /opt/stm32cubeide/plugins/com.st.stm32cube.ide.mcu.externaltools.gnu-tools-for-stm32.13.3.rel1.linux64_1.0.0.202410170706/tools/bin/../lib/gcc/arm-none-eabi/13.3.1/../../../../arm-none-eabi/lib/thumb/v7e-m+fp/hard/crt0.o (exit)
/opt/stm32cubeide/plugins/com.st.stm32cube.ide.mcu.externaltools.gnu-tools-for-stm32.13.3.rel1.linux64_1.0.0.202410170706/tools/bin/../lib/gcc/arm-none-eabi/13.3.1/../../../../arm-none-eabi/lib/thumb/v7e-m+fp/hard/libc_nano.a(libc_a-qsort.o)
                              ./Core/Src/dbms/utils/lut.o (qsort)
/opt/stm32cubeide/plugins/com.st.stm32cube.ide.mcu.externaltools.gnu-tools-for-stm32.13.3.rel1.linux64_1.0.0.202410170706/tools/bin/../lib/gcc/arm-none-eabi/13.3.1/../../../../arm-none-eabi/lib/thumb/v7e-m+fp/hard/libc_nano.a(libc_a-findfp.o)
                              /opt/stm32cubeide/plugins/com.st.stm32cube.ide.mcu.externaltools.gnu-tools-for-stm32.13.3.rel1.linux64_1.0.0.202410170706/tools/bin/../lib/gcc/arm-none-eabi/13.3.1/../../../../arm-none-eabi/lib/thumb/v7e-m+fp/hard/libc_nano.a(libc_a-exit.o) (__stdio_exit_handler)
/opt/stm32cubeide/plugins/com.st.stm32cube.ide.mcu.externaltools.gnu-tools-for-stm32.13.3.rel1.linux64_1.0.0.202410170706/tools/bin/../lib/gcc/arm-none-eabi/13.3.1/../../../../arm-none-eabi/lib/thumb/v7e-m+fp/hard/libc_nano.a(libc_a-fwalk.o)
                              /opt/stm32cubeide/plugins/com.st.stm32cube.ide.mcu.externaltools.gnu-tools-for-stm32.13.3.rel1.linux64_1.0.0.202410170706/tools/bin/../lib/gcc/arm-none-eabi/13.3.1/../../../../arm-none-eabi/lib/thumb/v7e-m+fp/hard/libc_nano.a(libc_a-findfp.o) (_fwalk_sglue)
/opt/stm32cubeide/plugins/com.st.stm32cube.ide.mcu.externaltools.gnu-tools-for-stm32.13.3.rel1.linux64_1.0.0.202410170706/tools/bin/../lib/gcc/arm-none-eabi/13.3.1/../../../../arm-none-eabi/lib/thumb/v7e-m+fp/hard/libc_nano.a(libc_a-stdio.o)
                              /opt/stm32cubeide/plugins/com.st.stm32cube.ide.mcu.externaltools.gnu-tools-for-stm32.13.3.rel1.linux64_1.0.0.202410170706/tools/bin/../lib/gcc/arm-none-eabi/13.3.1/../../../../arm-none-eabi/lib/thumb/v7e-m+fp/hard/libc_nano.a(libc_a-findfp.o) (__sread)
/opt/stm32cubeide/plugins/com.st.stm32cube.ide.mcu.externaltools.gnu-tools-for-stm32.13.3.rel1.linux64_1.0.0.202410170706/tools/bin/../lib/gcc/arm-none-eabi/13.3.1/../../../../arm-none-eabi/lib/thumb/v7e-m+fp/hard/libc_nano.a(libc_a-vsnprintf.o)
                              ./Core/Src/dbms/vinterface.o (vsnprintf)
/opt/stm32cubeide/plugins/com.st.stm32cube.ide.mcu.externaltools.gnu-tools-for-stm32.13.3.rel1.linux64_1.0.0.202410170706/tools/bin/../lib/gcc/arm-none-eabi/13.3.1/../../../../arm-none-eabi/lib/thumb/v7e-m+fp/hard/libc_nano.a(libc_a-memset.o)
                              /opt/stm32cubeide/plugins/com.st.stm32cube.ide.mcu.externaltools.gnu-tools-for-stm32.13.3.rel1.linux64_1.0.0.202410170706/tools/bin/../lib/gcc/arm-none-eabi/13.3.1/../../../../arm-none-eabi/lib/thumb/v7e-m+fp/hard/crt0.o (memset)
/opt/stm32cubeide/plugins/com.st.stm32cube.ide.mcu.externaltools.gnu-tools-for-stm32.13.3.rel1.linux64_1.0.0.202410170706/tools/bin/../lib/gcc/arm-none-eabi/13.3.1/../../../../arm-none-eabi/lib/thumb/v7e-m+fp/hard/libc_nano.a(libc_a-closer.o)
                              /opt/stm32cubeide/plugins/com.st.stm32cube.ide.mcu.externaltools.gnu-tools-for-stm32.13.3.rel1.linux64_1.0.0.202410170706/tools/bin/../lib/gcc/arm-none-eabi/13.3.1/../../../../arm-none-eabi/lib/thumb/v7e-m+fp/hard/libc_nano.a(libc_a-stdio.o) (_close_r)
/opt/stm32cubeide/plugins/com.st.stm32cube.ide.mcu.externaltools.gnu-tools-for-stm32.13.3.rel1.linux64_1.0.0.202410170706/tools/bin/../lib/gcc/arm-none-eabi/13.3.1/../../../../arm-none-eabi/lib/thumb/v7e-m+fp/hard/libc_nano.a(libc_a-reent.o)
                              /opt/stm32cubeide/plugins/com.st.stm32cube.ide.mcu.externaltools.gnu-tools-for-stm32.13.3.rel1.linux64_1.0.0.202410170706/tools/bin/../lib/gcc/arm-none-eabi/13.3.1/../../../../arm-none-eabi/lib/thumb/v7e-m+fp/hard/libc_nano.a(libc_a-closer.o) (errno)
/opt/stm32cubeide/plugins/com.st.stm32cube.ide.mcu.externaltools.gnu-tools-for-stm32.13.3.rel1.linux64_1.0.0.202410170706/tools/bin/../lib/gcc/arm-none-eabi/13.3.1/../../../../arm-none-eabi/lib/thumb/v7e-m+fp/hard/libc_nano.a(libc_a-impure.o)
                              /opt/stm32cubeide/plugins/com.st.stm32cube.ide.mcu.externaltools.gnu-tools-for-stm32.13.3.rel1.linux64_1.0.0.202410170706/tools/bin/../lib/gcc/arm-none-eabi/13.3.1/../../../../arm-none-eabi/lib/thumb/v7e-m+fp/hard/libc_nano.a(libc_a-vsnprintf.o) (_impure_ptr)
[...]
Memory Configuration

Name             Origin             Length             Attributes
RAM              0x20000000         0x00020000         xrw
FLASH            0x08000000         0x00080000         xr
*default*        0x00000000         0xffffffff

Linker script and memory map

LOAD /opt/stm32cubeide/plugins/com.st.stm32cube.ide.mcu.externaltools.gnu-tools-for-stm32.13.3.rel1.linux64_1.0.0.202410170706/tools/bin/../lib/gcc/arm-none-eabi/13.3.1/thumb/v7e-m+fp/hard/crti.o
LOAD /opt/stm32cubeide/plugins/com.st.stm32cube.ide.mcu.externaltools.gnu-tools-for-stm32.13.3.rel1.linux64_1.0.0.202410170706/tools/bin/../lib/gcc/arm-none-eabi/13.3.1/thumb/v7e-m+fp/hard/crtbegin.o
LOAD /opt/stm32cubeide/plugins/com.st.stm32cube.ide.mcu.externaltools.gnu-tools-for-stm32.13.3.rel1.linux64_1.0.0.202410170706/tools/bin/../lib/gcc/arm-none-eabi/13.3.1/../../../../arm-none-eabi/lib/thumb/v7e-m+fp/hard/crt0.o
LOAD ./Core/Src/dbms/blackbox.o
LOAD ./Core/Src/dbms/bridge.o
LOAD ./Core/Src/dbms/can.o
LOAD ./Core/Src/dbms/charging.o
LOAD ./Core/Src/dbms/dbms.o
LOAD ./Core/Src/dbms/elcon.o
LOAD ./Core/Src/dbms/fan.o
LOAD ./Core/Src/dbms/isense.o
LOAD ./Core/Src/dbms/j1772.o
LOAD ./Core/Src/dbms/ledctl.o
LOAD ./Core/Src/dbms/sched.o
LOAD ./Core/Src/dbms/settings.o
LOAD ./Core/Src/dbms/stack.o
LOAD ./Core/Src/dbms/storage.o
LOAD ./Core/Src/dbms/vinterface.o
LOAD ./Core/Src/dbms/faults/faultcheck.o
LOAD ./Core/Src/dbms/faults/faults.o
LOAD ./Core/Src/dbms/model/data.o
LOAD ./Core/Src/dbms/model/model.o
LOAD ./Core/Src/dbms/utils/crc.o
LOAD ./Core/Src/dbms/utils/eswap.o
LOAD ./Core/Src/dbms/utils/lut.o
LOAD ./Core/Src/dbms/utils/ma.o
LOAD ./Core/Src/main.o
LOAD ./Core/Src/stm32f4xx_hal_msp.o
LOAD ./Core/Src/stm32f4xx_it.o
LOAD ./Core/Src/syscalls.o
LOAD ./Core/Src/sysmem.o
LOAD ./Core/Src/system_stm32f4xx.o
LOAD ./Core/Startup/startup_stm32f446retx.o
LOAD ./Drivers/STM32F4xx_HAL_Driver/Src/stm32f4xx_hal.o
LOAD ./Drivers/STM32F4xx_HAL_Driver/Src/stm32f4xx_hal_adc.o
LOAD ./Drivers/STM32F4xx_HAL_Driver/Src/stm32f4xx_hal_adc_ex.o
LOAD ./Drivers/STM32F4xx_HAL_Driver/Src/stm32f4xx_hal_can.o
LOAD ./Drivers/STM32F4xx_HAL_Driver/Src/stm32f4xx_hal_cortex.o
LOAD ./Drivers/STM32F4xx_HAL_Driver/Src/stm32f4xx_hal_dma.o
LOAD ./Drivers/STM32F4xx_HAL_Driver/Src/stm32f4xx_hal_dma_ex.o
LOAD ./Drivers/STM32F4xx_HAL_Driver/Src/stm32f4xx_hal_exti.o
LOAD ./Drivers/STM32F4xx_HAL_Driver/Src/stm32f4xx_hal_flash.o
LOAD ./Drivers/STM32F4xx_HAL_Driver/Src/stm32f4xx_hal_flash_ex.o
LOAD ./Drivers/STM32F4xx_HAL_Driver/Src/stm32f4xx_hal_flash_ramfunc.o
LOAD ./Drivers/STM32F4xx_HAL_Driver/Src/stm32f4xx_hal_gpio.o
LOAD ./Drivers/STM32F4xx_HAL_Driver/Src/stm32f4xx_hal_i2c.o
LOAD ./Drivers/STM32F4xx_HAL_Driver/Src/stm32f4xx_hal_i2c_ex.o
LOAD ./Drivers/STM32F4xx_HAL_Driver/Src/stm32f4xx_hal_pwr.o
LOAD ./Drivers/STM32F4xx_HAL_Driver/Src/stm32f4xx_hal_pwr_ex.o
LOAD ./Drivers/STM32F4xx_HAL_Driver/Src/stm32f4xx_hal_rcc.o
LOAD ./Drivers/STM32F4xx_HAL_Driver/Src/stm32f4xx_hal_rcc_ex.o
LOAD ./Drivers/STM32F4xx_HAL_Driver/Src/stm32f4xx_hal_tim.o
LOAD ./Drivers/STM32F4xx_HAL_Driver/Src/stm32f4xx_hal_tim_ex.o
LOAD ./Drivers/STM32F4xx_HAL_Driver/Src/stm32f4xx_hal_uart.o
LOAD ./Drivers/STM32F4xx_HAL_Driver/Src/stm32f4xx_ll_adc.o
START GROUP
LOAD /opt/stm32cubeide/plugins/com.st.stm32cube.ide.mcu.externaltools.gnu-tools-for-stm32.13.3.rel1.linux64_1.0.0.202410170706/tools/bin/../lib/gcc/arm-none-eabi/13.3.1/../../../../arm-none-eabi/lib/thumb/v7e-m+fp/hard/libc_nano.a
LOAD /opt/stm32cubeide/plugins/com.st.stm32cube.ide.mcu.externaltools.gnu-tools-for-stm32.13.3.rel1.linux64_1.0.0.202410170706/tools/bin/../lib/gcc/arm-none-eabi/13.3.1/../../../../arm-none-eabi/lib/thumb/v7e-m+fp/hard/libm.a
END GROUP
START GROUP
LOAD /opt/stm32cubeide/plugins/com.st.stm32cube.ide.mcu.externaltools.gnu-tools-for-stm32.13.3.rel1.linux64_1.0.0.202410170706/tools/bin/../lib/gcc/arm-none-eabi/13.3.1/thumb/v7e-m+fp/hard/libgcc.a
LOAD /opt/stm32cubeide/plugins/com.st.stm32cube.ide.mcu.externaltools.gnu-tools-for-stm32.13.3.rel1.linux64_1.0.0.202410170706/tools/bin/../lib/gcc/arm-none-eabi/13.3.1/../../../../arm-none-eabi/lib/thumb/v7e-m+fp/hard/libc_nano.a
END GROUP
START GROUP
LOAD /opt/stm32cubeide/plugins/com.st.stm32cube.ide.mcu.externaltools.gnu-tools-for-stm32.13.3.rel1.linux64_1.0.0.202410170706/tools/bin/../lib/gcc/arm-none-eabi/13.3.1/thumb/v7e-m+fp/hard/libgcc.a
LOAD /opt/stm32cubeide/plugins/com.st.stm32cube.ide.mcu.externaltools.gnu-tools-for-stm32.13.3.rel1.linux64_1.0.0.202410170706/tools/bin/../lib/gcc/arm-none-eabi/13.3.1/../../../../arm-none-eabi/lib/thumb/v7e-m+fp/hard/libc_nano.a
LOAD /opt/stm32cubeide/plugins/com.st.stm32cube.ide.mcu.externaltools.gnu-tools-for-stm32.13.3.rel1.linux64_1.0.0.202410170706/tools/bin/../lib/gcc/arm-none-eabi/13.3.1/../../../../arm-none-eabi/lib/thumb/v7e-m+fp/hard/libnosys.a
END GROUP
START GROUP
LOAD /opt/stm32cubeide/plugins/com.st.stm32cube.ide.mcu.externaltools.gnu-tools-for-stm32.13.3.rel1.linux64_1.0.0.202410170706/tools/bin/../lib/gcc/arm-none-eabi/13.3.1/thumb/v7e-m+fp/hard/libgcc.a
LOAD /opt/stm32cubeide/plugins/com.st.stm32cube.ide.mcu.externaltools.gnu-tools-for-stm32.13.3.rel1.linux64_1.0.0.202410170706/tools/bin/../lib/gcc/arm-none-eabi/13.3.1/../../../../arm-none-eabi/lib/thumb/v7e-m+fp/hard/libc_nano.a
LOAD /opt/stm32cubeide/plugins/com.st.stm32cube.ide.mcu.externaltools.gnu-tools-for-stm32.13.3.rel1.linux64_1.0.0.202410170706/tools/bin/../lib/gcc/arm-none-eabi/13.3.1/../../../../arm-none-eabi/lib/thumb/v7e-m+fp/hard/libnosys.a
END GROUP
LOAD /opt/stm32cubeide/plugins/com.st.stm32cube.ide.mcu.externaltools.gnu-tools-for-stm32.13.3.rel1.linux64_1.0.0.202410170706/tools/bin/../lib/gcc/arm-none-eabi/13.3.1/thumb/v7e-m+fp/hard/crtend.o
LOAD /opt/stm32cubeide/plugins/com.st.stm32cube.ide.mcu.externaltools.gnu-tools-for-stm32.13.3.rel1.linux64_1.0.0.202410170706/tools/bin/../lib/gcc/arm-none-eabi/13.3.1/thumb/v7e-m+fp/hard/crtn.o
                0x20020000                        _estack = (ORIGIN (RAM) + LENGTH (RAM))
                0x00000200                        _Min_Heap_Size = 0x200
                0x00000400                        _Min_Stack_Size = 0x400

.isr_vector     0x08000000      0x1c4
                0x08000000                        . = ALIGN (0x4)
 *(.isr_vector)
 .isr_vector    0x08000000      0x1c4 ./Core/Startup/startup_stm32f446retx.o
                0x08000000                g_pfnVectors
                0x080001c4                        . = ALIGN (0x4)

.text           0x080001d0     0xd8dc
                0x080001d0                        . = ALIGN (0x4)
 *(.text)
 .text          0x080001d0       0x40 /opt/stm32cubeide/plugins/com.st.stm32cube.ide.mcu.externaltools.gnu-tools-for-stm32.13.3.rel1.linux64_1.0.0.202410170706/tools/bin/../lib/gcc/arm-none-eabi/13.3.1/thumb/v7e-m+fp/hard/crtbegin.o
 .text          0x08000210       0xa0 /opt/stm32cubeide/plugins/com.st.stm32cube.ide.mcu.externaltools.gnu-tools-for-stm32.13.3.rel1.linux64_1.0.0.202410170706/tools/bin/../lib/gcc/arm-none-eabi/13.3.1/../../../../arm-none-eabi/lib/thumb/v7e-m+fp/hard/libc_nano.a(libc_a-memchr.o)
                0x08000210                memchr
 .text          0x080002b0      0x378 /opt/stm32cubeide/plugins/com.st.stm32cube.ide.mcu.externaltools.gnu-tools-for-stm32.13.3.rel1.linux64_1.0.0.202410170706/tools/bin/../lib/gcc/arm-none-eabi/13.3.1/thumb/v7e-m+fp/hard/libgcc.a(_arm_addsubdf3.o)
                0x080002b0                __aeabi_drsub
                0x080002b8                __aeabi_dsub
                0x080002b8                __subdf3
                0x080002bc                __adddf3
                0x080002bc                __aeabi_dadd
                0x08000534                __aeabi_ui2d
                0x08000534                __floatunsidf
                0x08000554                __floatsidf
                0x08000554                __aeabi_i2d
                0x08000578                __extendsfdf2
                0x08000578                __aeabi_f2d
                0x080005bc                __aeabi_ul2d
                0x080005bc                __floatundidf
                0x080005cc                __floatdidf
                0x080005cc                __aeabi_l2d
 .text          0x08000628      0x424 /opt/stm32cubeide/plugins/com.st.stm32cube.ide.mcu.externaltools.gnu-tools-for-stm32.13.3.rel1.linux64_1.0.0.202410170706/tools/bin/../lib/gcc/arm-none-eabi/13.3.1/thumb/v7e-m+fp/hard/libgcc.a(_arm_muldivdf3.o)
                0x08000628                __aeabi_dmul
                0x08000628                __muldf3
                0x0800087c                __aeabi_ddiv
                0x0800087c                __divdf3
 .text          0x08000a4c       0x50 /opt/stm32cubeide/plugins/com.st.stm32cube.ide.mcu.externaltools.gnu-tools-for-stm32.13.3.rel1.linux64_1.0.0.202410170706/tools/bin/../lib/gcc/arm-none-eabi/13.3.1/thumb/v7e-m+fp/hard/libgcc.a(_arm_fixdfsi.o)
                0x08000a4c                __fixdfsi
                0x08000a4c                __aeabi_d2iz
 .text          0x08000a9c       0x40 /opt/stm32cubeide/plugins/com.st.stm32cube.ide.mcu.externaltools.gnu-tools-for-stm32.13.3.rel1.linux64_1.0.0.202410170706/tools/bin/../lib/gcc/arm-none-eabi/13.3.1/thumb/v7e-m+fp/hard/libgcc.a(_arm_fixunsdfsi.o)
                0x08000a9c                __fixunsdfsi
                0x08000a9c                __aeabi_d2uiz
 .text          0x08000adc       0xa0 /opt/stm32cubeide/plugins/com.st.stm32cube.ide.mcu.externaltools.gnu-tools-for-stm32.13.3.rel1.linux64_1.0.0.202410170706/tools/bin/../lib/gcc/arm-none-eabi/13.3.1/thumb/v7e-m+fp/hard/libgcc.a(_arm_truncdfsf2.o)
                0x08000adc                __aeabi_d2f
                0x08000adc                __truncdfsf2
 .text          0x08000b7c       0x30 /opt/stm32cubeide/plugins/com.st.stm32cube.ide.mcu.externaltools.gnu-tools-for-stm32.13.3.rel1.linux64_1.0.0.202410170706/tools/bin/../lib/gcc/arm-none-eabi/13.3.1/thumb/v7e-m+fp/hard/libgcc.a(_aeabi_uldivmod.o)
                0x08000b7c                __aeabi_uldivmod
 .text          0x08000bac      0x2f8 /opt/stm32cubeide/plugins/com.st.stm32cube.ide.mcu.externaltools.gnu-tools-for-stm32.13.3.rel1.linux64_1.0.0.202410170706/tools/bin/../lib/gcc/arm-none-eabi/13.3.1/thumb/v7e-m+fp/hard/libgcc.a(_udivmoddi4.o)
                0x08000bac                __udivmoddi4
 .text          0x08000ea4        0x4 /opt/stm32cubeide/plugins/com.st.stm32cube.ide.mcu.externaltools.gnu-tools-for-stm32.13.3.rel1.linux64_1.0.0.202410170706/tools/bin/../lib/gcc/arm-none-eabi/13.3.1/thumb/v7e-m+fp/hard/libgcc.a(_dvmd_tls.o)
                0x08000ea4                __aeabi_ldiv0
                0x08000ea4                __aeabi_idiv0
 *(.text*)
 .text.BlackboxInit
                0x08000ea8       0x34 ./Core/Src/dbms/blackbox.o
                0x08000ea8                BlackboxInit
 .text.BlackboxSwapAndUpdate
                0x08000edc       0x3a ./Core/Src/dbms/blackbox.o
                0x08000edc                BlackboxSwapAndUpdate
 .text.PopulateBlackboxInfo
                0x08000f16      0x12a ./Core/Src/dbms/blackbox.o
                0x08000f16                PopulateBlackboxInfo
 .text.SendIndividualBlackbox
                0x08001040       0xf8 ./Core/Src/dbms/blackbox.o
                0x08001040                SendIndividualBlackbox
 .text.BlackboxSend
                0x08001138       0x3e ./Core/Src/dbms/blackbox.o
                0x08001138                BlackboxSend
 .text.BlackboxSaveOnFault
                0x08001176       0x4e ./Core/Src/dbms/blackbox.o
                0x08001176                BlackboxSaveOnFault
 .text.SendStackFrame
                0x080011c4       0x26 ./Core/Src/dbms/bridge.o
                0x080011c4                SendStackFrame
 .text.SendStackFrameSetCrc
                0x080011ea       0x76 ./Core/Src/dbms/bridge.o
                0x080011ea                SendStackFrameSetCrc
 .text.SetBrr   0x08001260       0x38 ./Core/Src/dbms/bridge.o
                0x08001260                SetBrr
 .text.SendStackBlip
                0x08001298       0x56 ./Core/Src/dbms/bridge.o
                0x08001298                SendStackBlip
 .text.ConfigCanFilters
                0x080012ee      0x1b8 ./Core/Src/dbms/can.o
                0x080012ee                ConfigCanFilters
 *fill*         0x080014a6        0x2 
 .text.ConfigCan
                0x080014a8       0xbc ./Core/Src/dbms/can.o
                0x080014a8                ConfigCan
 .text.CanTransmit
                0x08001564       0xe4 ./Core/Src/dbms/can.o
                0x08001564                CanTransmit
 .text.ElconConnected
                0x08001648       0x50 ./Core/Src/dbms/charging.o
                0x08001648                ElconConnected
 .text.ChargingConnected
                0x08001698       0x3c ./Core/Src/dbms/charging.o
                0x08001698                ChargingConnected
 .text.NeedsToBalance
                0x080016d4       0xc8 ./Core/Src/dbms/charging.o
                0x080016d4                NeedsToBalance
 .text.NeedsToBalanceMore
                0x0800179c       0x5c ./Core/Src/dbms/charging.o
                0x0800179c                NeedsToBalanceMore
 .text.ChargingComplete
                0x080017f8       0x88 ./Core/Src/dbms/charging.o
                0x080017f8                ChargingComplete
 .text.DoneBalancing
                0x08001880       0x8c ./Core/Src/dbms/charging.o
                0x08001880                DoneBalancing
 .text.ChargingEnterState
                0x0800190c      0x1ac ./Core/Src/dbms/charging.o
                0x0800190c                ChargingEnterState
 .text.ChargingUpdate
                0x08001ab8      0x24c ./Core/Src/dbms/charging.o
                0x08001ab8                ChargingUpdate
 .text.DbmsAlloc
                0x08001d04       0x34 ./Core/Src/dbms/dbms.o
                0x08001d04                DbmsAlloc
 .text.DbmsInit
                0x08001d38       0xa6 ./Core/Src/dbms/dbms.o
                0x08001d38                DbmsInit
 .text.DbmsPerformWakeup
                0x08001dde       0x9a ./Core/Src/dbms/dbms.o
                0x08001dde                DbmsPerformWakeup
 .text.DbmsPerformShutdown
                0x08001e78       0x9c ./Core/Src/dbms/dbms.o
                0x08001e78                DbmsPerformShutdown
 .text.DbmsHandleActive
                0x08001f14      0x156 ./Core/Src/dbms/dbms.o
                0x08001f14                DbmsHandleActive
 *fill*         0x0800206a        0x2 
 .text.DbmsIter
                0x0800206c      0x2c0 ./Core/Src/dbms/dbms.o
                0x0800206c                DbmsIter
 .text.DbmsCanRx
                0x0800232c      0x2f0 ./Core/Src/dbms/dbms.o
                0x0800232c                DbmsCanRx
 .text.DbmsErr  0x0800261c       0x1e ./Core/Src/dbms/dbms.o
                0x0800261c                DbmsErr
 *fill*         0x0800263a        0x2 
 .text.HandleElconHeartbeat
                0x0800263c       0x74 ./Core/Src/dbms/elcon.o
                0x0800263c                HandleElconHeartbeat
 .text.SendElconRequest
                0x080026b0       0x94 ./Core/Src/dbms/elcon.o
                0x080026b0                SendElconRequest
 .text.InitFan  0x08002744       0x1e ./Core/Src/dbms/fan.o
                0x08002744                InitFan
 *fill*         0x08002762        0x2 
 .text.UpdateFan
                0x08002764       0xa4 ./Core/Src/dbms/fan.o
                0x08002764                UpdateFan
 .text.ConfigCurrentSensor
                0x08002808       0xb8 ./Core/Src/dbms/isense.o
                0x08002808                ConfigCurrentSensor
 .text.UnpackCurrentSensorData
                0x080028c0      0x18a ./Core/Src/dbms/isense.o
                0x080028c0                UnpackCurrentSensorData
 *fill*         0x08002a4a        0x2 
 .text.J1772SetChargeEnable
                0x08002a4c       0x30 ./Core/Src/dbms/j1772.o
                0x08002a4c                J1772SetChargeEnable
 *fill*         0x08002a7c        0x4 
 .text.J1772ReadState
                0x08002a80      0x198 ./Core/Src/dbms/j1772.o
                0x08002a80                J1772ReadState
 .text.ProcessLedAction
                0x08002c18      0x110 ./Core/Src/dbms/ledctl.o
                0x08002c18                ProcessLedAction
 .text.LedSet   0x08002d28       0x68 ./Core/Src/dbms/ledctl.o
                0x08002d28                LedSet
 .text.DelayUs  0x08002d90       0x46 ./Core/Src/dbms/sched.o
                0x08002d90                DelayUs
 *fill*         0x08002dd6        0x2 
 .text.GetUs    0x08002dd8       0x98 ./Core/Src/dbms/sched.o
                0x08002dd8                GetUs
 .text.CalcIterDelay
                0x08002e70       0x8c ./Core/Src/dbms/sched.o
                0x08002e70                CalcIterDelay
 .text.SyncRealTime
                0x08002efc       0x3a ./Core/Src/dbms/sched.o
                0x08002efc                SyncRealTime
 .text.GetRealTime
                0x08002f36       0x52 ./Core/Src/dbms/sched.o
                0x08002f36                GetRealTime
 .text.GetSetting
                0x08002f88       0x24 ./Core/Src/dbms/settings.o
                0x08002f88                GetSetting
 .text.SetSetting
                0x08002fac       0x28 ./Core/Src/dbms/settings.o
                0x08002fac                SetSetting
 .text.IsValidSettingIndex
                0x08002fd4       0x22 ./Core/Src/dbms/settings.o
                0x08002fd4                IsValidSettingIndex
 .text.LoadSettings
                0x08002ff6       0x22 ./Core/Src/dbms/settings.o
                0x08002ff6                LoadSettings
 .text.SaveSettings
                0x08003018       0x22 ./Core/Src/dbms/settings.o
                0x08003018                SaveSettings
 *fill*         0x0800303a        0x2 
 .text.LoadFallbackSettings
                0x0800303c      0x11c ./Core/Src/dbms/settings.o
                0x0800303c                LoadFallbackSettings
 .text.SendStackWakeBlip
                0x08003158       0x20 ./Core/Src/dbms/stack.o
                0x08003158                SendStackWakeBlip
 .text.SendStackShutdownBlip
                0x08003178       0x20 ./Core/Src/dbms/stack.o
                0x08003178                SendStackShutdownBlip
 .text.StackWake
                0x08003198       0x5c ./Core/Src/dbms/stack.o
                0x08003198                StackWake
 .text.StackShutdown
                0x080031f4       0x5c ./Core/Src/dbms/stack.o
                0x080031f4                StackShutdown
 .text.SendOtpEccDatain
                0x08003250       0x48 ./Core/Src/dbms/stack.o
                0x08003250                SendOtpEccDatain
 .text.SendAutoAddr
                0x08003298       0x48 ./Core/Src/dbms/stack.o
                0x08003298                SendAutoAddr
 .text.SendSetStackTop
                0x080032e0       0x78 ./Core/Src/dbms/stack.o
                0x080032e0                SendSetStackTop
 .text.ReadOtpEccDatain
                0x08003358       0x48 ./Core/Src/dbms/stack.o
                0x08003358                ReadOtpEccDatain
 .text.StackAutoAddr
                0x080033a0       0x44 ./Core/Src/dbms/stack.o
                0x080033a0                StackAutoAddr
 .text.StackSetNumActiveCells
                0x080033e4       0x3a ./Core/Src/dbms/stack.o
                0x080033e4                StackSetNumActiveCells
 *fill*         0x0800341e        0x2 
 .text.StackSetupVoltReadings
                0x08003420       0x20 ./Core/Src/dbms/stack.o
                0x08003420                StackSetupVoltReadings
 .text.StackUpdateVoltReadingSingle
                0x08003440      0x190 ./Core/Src/dbms/stack.o
                0x08003440                StackUpdateVoltReadingSingle
 .text.StackSetupGpio
                0x080035d0       0x50 ./Core/Src/dbms/stack.o
                0x080035d0                StackSetupGpio
 .text.StackUpdateTempReadingSingle
                0x08003620      0x1c4 ./Core/Src/dbms/stack.o
                0x08003620                StackUpdateTempReadingSingle
 .text.FillMissingTempReadings
                0x080037e4      0x13c ./Core/Src/dbms/stack.o
                0x080037e4                FillMissingTempReadings
 .text.StackCalcStats
                0x08003920      0x1a4 ./Core/Src/dbms/stack.o
                0x08003920                StackCalcStats
 .text.ToggleAllMonitorChipLeds
                0x08003ac4       0x5a ./Core/Src/dbms/stack.o
                0x08003ac4                ToggleAllMonitorChipLeds
 *fill*         0x08003b1e        0x2 
 .text.MonitorLedBlink
                0x08003b20       0xa4 ./Core/Src/dbms/stack.o
                0x08003b20                MonitorLedBlink
 .text.SetFaultMasks
                0x08003bc4       0x16 ./Core/Src/dbms/stack.o
                0x08003bc4                SetFaultMasks
 *fill*         0x08003bda        0x2 
 .text.StackBalancingConfig
                0x08003bdc       0x2c ./Core/Src/dbms/stack.o
                0x08003bdc                StackBalancingConfig
 .text.StackSetDeviceBalanceTimers
                0x08003c08       0xb6 ./Core/Src/dbms/stack.o
                0x08003c08                StackSetDeviceBalanceTimers
 .text.StackStartDeviceBalancing
                0x08003cbe       0x44 ./Core/Src/dbms/stack.o
                0x08003cbe                StackStartDeviceBalancing
 .text.StackStartBalancing
                0x08003d02       0x4e ./Core/Src/dbms/stack.o
                0x08003d02                StackStartBalancing
 .text.StackComputeCellsToBalance
                0x08003d50       0xbc ./Core/Src/dbms/stack.o
                0x08003d50                StackComputeCellsToBalance
 .text.WriteEEPROM
                0x08003e0c      0x192 ./Core/Src/dbms/storage.o
                0x08003e0c                WriteEEPROM
 .text.ReadEEPROM
                0x08003f9e       0x74 ./Core/Src/dbms/storage.o
                0x08003f9e                ReadEEPROM
 .text.SaveStoredObject
                0x08004012       0x98 ./Core/Src/dbms/storage.o
                0x08004012                SaveStoredObject
 .text.LoadStoredObject
                0x080040aa       0xb6 ./Core/Src/dbms/storage.o
                0x080040aa                LoadStoredObject
 .text.CanTxHeartbeat
                0x08004160       0x38 ./Core/Src/dbms/vinterface.o
                0x08004160                CanTxHeartbeat
 .text.HandleCanConfig
                0x08004198       0xf8 ./Core/Src/dbms/vinterface.o
                0x08004198                HandleCanConfig
 .text.SendMetric
                0x08004290       0xe4 ./Core/Src/dbms/vinterface.o
                0x08004290                SendMetric
 *fill*         0x08004374        0x4 
 .text.SendMetrics
                0x08004378      0x99c ./Core/Src/dbms/vinterface.o
                0x08004378                SendMetrics
 .text.SendPlex32
                0x08004d14       0x4a ./Core/Src/dbms/vinterface.o
                0x08004d14                SendPlex32
 .text.SendPlex16x4
                0x08004d5e       0x7a ./Core/Src/dbms/vinterface.o
                0x08004d5e                SendPlex16x4
 .text.SendPlexMetrics
                0x08004dd8      0x1d4 ./Core/Src/dbms/vinterface.o
                0x08004dd8                SendPlexMetrics
 .text.CanLog   0x08004fac      0x120 ./Core/Src/dbms/vinterface.o
                0x08004fac                CanLog
 .text.SendCellDataBuffer
                0x080050cc       0x70 ./Core/Src/dbms/vinterface.o
                0x080050cc                SendCellDataBuffer
 .text.SendCellVoltages
                0x0800513c       0xfc ./Core/Src/dbms/vinterface.o
                0x0800513c                SendCellVoltages
 .text.SendCellTemps
                0x08005238       0xfc ./Core/Src/dbms/vinterface.o
                0x08005238                SendCellTemps
 .text.SendCellsToBalance
                0x08005334       0x7c ./Core/Src/dbms/vinterface.o
                0x08005334                SendCellsToBalance
 .text.CheckVoltageFaults
                0x080053b0       0xf0 ./Core/Src/dbms/faults/faultcheck.o
                0x080053b0                CheckVoltageFaults
 .text.CheckTemperatureFaults
                0x080054a0       0x9a ./Core/Src/dbms/faults/faultcheck.o
                0x080054a0                CheckTemperatureFaults
 .text.CheckCurrentFaults
                0x0800553a      0x184 ./Core/Src/dbms/faults/faultcheck.o
                0x0800553a                CheckCurrentFaults
 .text.CtrlSetFault
                0x080056be       0x36 ./Core/Src/dbms/faults/faults.o
                0x080056be                CtrlSetFault
 .text.CtrlHasAnyFaults
                0x080056f4       0x24 ./Core/Src/dbms/faults/faults.o
                0x080056f4                CtrlHasAnyFaults
 .text.CtrlClearAllFaults
                0x08005718       0x24 ./Core/Src/dbms/faults/faults.o
                0x08005718                CtrlClearAllFaults
 .text.SetFaultLine
                0x0800573c       0x34 ./Core/Src/dbms/faults/faults.o
                0x0800573c                SetFaultLine
 .text.ThrowHardFault
                0x08005770       0x62 ./Core/Src/dbms/faults/faults.o
                0x08005770                ThrowHardFault
 .text.SaveFaultState
                0x080057d2       0x4a ./Core/Src/dbms/faults/faults.o
                0x080057d2                SaveFaultState
 .text.LoadFaultState
                0x0800581c       0x4e ./Core/Src/dbms/faults/faults.o
                0x0800581c                LoadFaultState
 *fill*         0x0800586a        0x2 
 .text.DataInit
                0x0800586c       0x28 ./Core/Src/dbms/model/data.o
                0x0800586c                DataInit
 .text.ThermVoltToTemp
                0x08005894       0x2a ./Core/Src/dbms/model/data.o
                0x08005894                ThermVoltToTemp
 .text.F_Q      0x080058be       0x28 ./Core/Src/dbms/model/model.o
                0x080058be                F_Q
 .text.F_Q_max  0x080058e6       0x4c ./Core/Src/dbms/model/model.o
                0x080058e6                F_Q_max
 *fill*         0x08005932        0x2 
 .text.F_Z      0x08005934       0x68 ./Core/Src/dbms/model/model.o
                0x08005934                F_Z
 .text.LookupFromZ
                0x0800599c      0x1f8 ./Core/Src/dbms/model/model.o
                0x0800599c                LookupFromZ
 .text.F_OCV    0x08005b94       0x3c ./Core/Src/dbms/model/model.o
                0x08005b94                F_OCV
 .text.F_RC_R   0x08005bd0       0x70 ./Core/Src/dbms/model/model.o
                0x08005bd0                F_RC_R
 .text.F_DCIR   0x08005c40       0x38 ./Core/Src/dbms/model/model.o
                0x08005c40                F_DCIR
 .text.F_I_Limit
                0x08005c78       0x3c ./Core/Src/dbms/model/model.o
                0x08005c78                F_I_Limit
 .text.ComputeModel
                0x08005cb4      0x1c4 ./Core/Src/dbms/model/model.o
                0x08005cb4                ComputeModel
 .text.UpdateModel
                0x08005e78      0x130 ./Core/Src/dbms/model/model.o
                0x08005e78                UpdateModel
 .text.LoadQStats
                0x08005fa8       0x26 ./Core/Src/dbms/model/model.o
                0x08005fa8                LoadQStats
 .text.SaveQStats
                0x08005fce       0x24 ./Core/Src/dbms/model/model.o
                0x08005fce                SaveQStats
 *fill*         0x08005ff2        0x2 
 .text.CalcCrc16
                0x08005ff4       0x5c ./Core/Src/dbms/utils/crc.o
                0x08005ff4                CalcCrc16
 .text.memcpy_eswap2
                0x08006050       0x6c ./Core/Src/dbms/utils/eswap.o
                0x08006050                memcpy_eswap2
 .text.be16_to_u16
                0x080060bc       0x2c ./Core/Src/dbms/utils/eswap.o
                0x080060bc                be16_to_u16
 .text.be32_to_u32
                0x080060e8       0x36 ./Core/Src/dbms/utils/eswap.o
                0x080060e8                be32_to_u32
 .text.be64_to_u64
                0x0800611e      0x172 ./Core/Src/dbms/utils/eswap.o
                0x0800611e                be64_to_u64
 .text.lut_build
                0x08006290       0x64 ./Core/Src/dbms/utils/lut.o
                0x08006290                lut_build
 .text.cmp_lte  0x080062f4       0x5a ./Core/Src/dbms/utils/lut.o
 .text.lut_find_bracket
                0x0800634e      0x156 ./Core/Src/dbms/utils/lut.o
 .text.lut_interpolate
                0x080064a4       0xd8 ./Core/Src/dbms/utils/lut.o
                0x080064a4                lut_interpolate
 .text.main     0x0800657c       0x80 ./Core/Src/main.o
                0x0800657c                main
 .text.SystemClock_Config
                0x080065fc       0xdc ./Core/Src/main.o
                0x080065fc                SystemClock_Config
 .text.MX_ADC1_Init
                0x080066d8       0xa4 ./Core/Src/main.o
 .text.MX_CAN2_Init
                0x0800677c       0x6c ./Core/Src/main.o
 .text.MX_I2C2_Init
                0x080067e8       0x5c ./Core/Src/main.o
 .text.MX_TIM1_Init
                0x08006844       0xa0 ./Core/Src/main.o
 .text.MX_TIM2_Init
                0x080068e4      0x14c ./Core/Src/main.o
 .text.MX_TIM3_Init
                0x08006a30       0xec ./Core/Src/main.o
 .text.MX_UART4_Init
                0x08006b1c       0x54 ./Core/Src/main.o
 .text.MX_GPIO_Init
                0x08006b70      0x11c ./Core/Src/main.o
 .text.HAL_CAN_RxFifo0MsgPendingCallback
                0x08006c8c       0x60 ./Core/Src/main.o
                0x08006c8c                HAL_CAN_RxFifo0MsgPendingCallback
 .text.HAL_CAN_RxFifo1MsgPendingCallback
                0x08006cec       0x60 ./Core/Src/main.o
                0x08006cec                HAL_CAN_RxFifo1MsgPendingCallback
 .text.HAL_TIM_IC_CaptureCallback
                0x08006d4c       0x60 ./Core/Src/main.o
                0x08006d4c                HAL_TIM_IC_CaptureCallback
 .text.Error_Handler
                0x08006dac       0x18 ./Core/Src/main.o
                0x08006dac                Error_Handler
 .text.HAL_MspInit
                0x08006dc4       0x50 ./Core/Src/stm32f4xx_hal_msp.o
                0x08006dc4                HAL_MspInit
 .text.HAL_ADC_MspInit
                0x08006e14       0x88 ./Core/Src/stm32f4xx_hal_msp.o
                0x08006e14                HAL_ADC_MspInit
 .text.HAL_CAN_MspInit
                0x08006e9c       0xcc ./Core/Src/stm32f4xx_hal_msp.o
                0x08006e9c                HAL_CAN_MspInit
 .text.HAL_I2C_MspInit
                0x08006f68       0xd4 ./Core/Src/stm32f4xx_hal_msp.o
                0x08006f68                HAL_I2C_MspInit
 .text.HAL_TIM_Base_MspInit
                0x0800703c       0xf4 ./Core/Src/stm32f4xx_hal_msp.o
                0x0800703c                HAL_TIM_Base_MspInit
 .text.HAL_TIM_MspPostInit
                0x08007130       0x74 ./Core/Src/stm32f4xx_hal_msp.o
                0x08007130                HAL_TIM_MspPostInit
 .text.HAL_UART_MspInit
                0x080071a4       0x90 ./Core/Src/stm32f4xx_hal_msp.o
                0x080071a4                HAL_UART_MspInit
 .text.NMI_Handler
                0x08007234        0x8 ./Core/Src/stm32f4xx_it.o
                0x08007234                NMI_Handler
 .text.HardFault_Handler
                0x0800723c        0x8 ./Core/Src/stm32f4xx_it.o
                0x0800723c                HardFault_Handler
 .text.MemManage_Handler
                0x08007244        0x8 ./Core/Src/stm32f4xx_it.o
                0x08007244                MemManage_Handler
 .text.BusFault_Handler
                0x0800724c        0x8 ./Core/Src/stm32f4xx_it.o
                0x0800724c                BusFault_Handler
 .text.UsageFault_Handler
                0x08007254        0x8 ./Core/Src/stm32f4xx_it.o
                0x08007254                UsageFault_Handler
 .text.SVC_Handler
                0x0800725c        0xe ./Core/Src/stm32f4xx_it.o
                0x0800725c                SVC_Handler
 .text.DebugMon_Handler
                0x0800726a        0xe ./Core/Src/stm32f4xx_it.o
                0x0800726a                DebugMon_Handler
 .text.PendSV_Handler
                0x08007278        0xe ./Core/Src/stm32f4xx_it.o
                0x08007278                PendSV_Handler
 .text.SysTick_Handler
                0x08007286        0xc ./Core/Src/stm32f4xx_it.o
                0x08007286                SysTick_Handler
 *fill*         0x08007292        0x2 
 .text.TIM2_IRQHandler
                0x08007294       0x14 ./Core/Src/stm32f4xx_it.o
                0x08007294                TIM2_IRQHandler
 .text.CAN2_RX0_IRQHandler
                0x080072a8       0x14 ./Core/Src/stm32f4xx_it.o
                0x080072a8                CAN2_RX0_IRQHandler
 .text.CAN2_RX1_IRQHandler
                0x080072bc       0x14 ./Core/Src/stm32f4xx_it.o
                0x080072bc                CAN2_RX1_IRQHandler
 .text._sbrk    0x080072d0       0x6c ./Core/Src/sysmem.o
                0x080072d0                _sbrk
 .text.SystemInit
                0x0800733c       0x24 ./Core/Src/system_stm32f4xx.o
                0x0800733c                SystemInit
 .text.Reset_Handler
                0x08007360       0x50 ./Core/Startup/startup_stm32f446retx.o
                0x08007360                Reset_Handler
 .text.Default_Handler
                0x080073b0        0x2 ./Core/Startup/startup_stm32f446retx.o
                0x080073b0                RTC_Alarm_IRQHandler
                0x080073b0                EXTI2_IRQHandler
                0x080073b0                TIM8_CC_IRQHandler
                0x080073b0                FMPI2C1_EV_IRQHandler
                0x080073b0                SPI4_IRQHandler
                0x080073b0                TIM1_CC_IRQHandler
                0x080073b0                DMA2_Stream5_IRQHandler
                0x080073b0                DMA1_Stream5_IRQHandler
                0x080073b0                PVD_IRQHandler
                0x080073b0                SDIO_IRQHandler
                0x080073b0                TAMP_STAMP_IRQHandler
                0x080073b0                EXTI3_IRQHandler
                0x080073b0                TIM8_TRG_COM_TIM14_IRQHandler
                0x080073b0                TIM1_UP_TIM10_IRQHandler
                0x080073b0                TIM8_UP_TIM13_IRQHandler
                0x080073b0                I2C3_ER_IRQHandler
                0x080073b0                EXTI0_IRQHandler
                0x080073b0                I2C2_EV_IRQHandler
                0x080073b0                DMA1_Stream2_IRQHandler
                0x080073b0                CAN1_RX0_IRQHandler
                0x080073b0                FPU_IRQHandler
                0x080073b0                OTG_HS_WKUP_IRQHandler
                0x080073b0                CAN2_SCE_IRQHandler
                0x080073b0                DMA2_Stream2_IRQHandler
                0x080073b0                SPI1_IRQHandler
                0x080073b0                TIM6_DAC_IRQHandler
                0x080073b0                TIM1_BRK_TIM9_IRQHandler
                0x080073b0                DCMI_IRQHandler
                0x080073b0                DMA2_Stream3_IRQHandler
                0x080073b0                SAI2_IRQHandler
                0x080073b0                USART6_IRQHandler
                0x080073b0                USART3_IRQHandler
                0x080073b0                CAN1_RX1_IRQHandler
                0x080073b0                UART5_IRQHandler
                0x080073b0                DMA2_Stream0_IRQHandler
                0x080073b0                TIM4_IRQHandler
                0x080073b0                QUADSPI_IRQHandler
                0x080073b0                I2C1_EV_IRQHandler
                0x080073b0                DMA1_Stream6_IRQHandler
                0x080073b0                DMA1_Stream1_IRQHandler
                0x080073b0                UART4_IRQHandler
                0x080073b0                TIM3_IRQHandler
                0x080073b0                RCC_IRQHandler
                0x080073b0                TIM8_BRK_TIM12_IRQHandler
                0x080073b0                Default_Handler
                0x080073b0                CEC_IRQHandler
                0x080073b0                EXTI15_10_IRQHandler
                0x080073b0                ADC_IRQHandler
                0x080073b0                DMA1_Stream7_IRQHandler
                0x080073b0                TIM7_IRQHandler
                0x080073b0                CAN2_TX_IRQHandler
                0x080073b0                TIM5_IRQHandler
                0x080073b0                DMA2_Stream7_IRQHandler
                0x080073b0                I2C3_EV_IRQHandler
                0x080073b0                EXTI9_5_IRQHandler
                0x080073b0                RTC_WKUP_IRQHandler
                0x080073b0                SPDIF_RX_IRQHandler
                0x080073b0                SPI2_IRQHandler
                0x080073b0                OTG_HS_EP1_IN_IRQHandler
                0x080073b0                DMA1_Stream0_IRQHandler
                0x080073b0                CAN1_TX_IRQHandler
                0x080073b0                FMPI2C1_ER_IRQHandler
                0x080073b0                EXTI4_IRQHandler
                0x080073b0                OTG_HS_EP1_OUT_IRQHandler
                0x080073b0                WWDG_IRQHandler
                0x080073b0                OTG_FS_WKUP_IRQHandler
                0x080073b0                TIM1_TRG_COM_TIM11_IRQHandler
                0x080073b0                OTG_HS_IRQHandler
                0x080073b0                EXTI1_IRQHandler
                0x080073b0                USART2_IRQHandler
                0x080073b0                I2C2_ER_IRQHandler
                0x080073b0                DMA2_Stream1_IRQHandler
                0x080073b0                CAN1_SCE_IRQHandler
                0x080073b0                FLASH_IRQHandler
                0x080073b0                DMA2_Stream4_IRQHandler
                0x080073b0                USART1_IRQHandler
                0x080073b0                OTG_FS_IRQHandler
                0x080073b0                SPI3_IRQHandler
                0x080073b0                DMA1_Stream4_IRQHandler
                0x080073b0                I2C1_ER_IRQHandler
                0x080073b0                FMC_IRQHandler
                0x080073b0                DMA2_Stream6_IRQHandler
                0x080073b0                SAI1_IRQHandler
                0x080073b0                DMA1_Stream3_IRQHandler
 *fill*         0x080073b2        0x2 
 .text.HAL_Init
                0x080073b4       0x44 ./Drivers/STM32F4xx_HAL_Driver/Src/stm32f4xx_hal.o
                0x080073b4                HAL_Init
 .text.HAL_InitTick
                0x080073f8       0x60 ./Drivers/STM32F4xx_HAL_Driver/Src/stm32f4xx_hal.o
                0x080073f8                HAL_InitTick
 .text.HAL_IncTick
                0x08007458       0x28 ./Drivers/STM32F4xx_HAL_Driver/Src/stm32f4xx_hal.o
                0x08007458                HAL_IncTick
 .text.HAL_GetTick
                0x08007480       0x18 ./Drivers/STM32F4xx_HAL_Driver/Src/stm32f4xx_hal.o
                0x08007480                HAL_GetTick
 .text.HAL_Delay
                0x08007498       0x48 ./Drivers/STM32F4xx_HAL_Driver/Src/stm32f4xx_hal.o
                0x08007498                HAL_Delay
 .text.HAL_ADC_Init
                0x080074e0       0x86 ./Drivers/STM32F4xx_HAL_Driver/Src/stm32f4xx_hal_adc.o
                0x080074e0                HAL_ADC_Init
 *fill*         0x08007566        0x2 
 .text.HAL_ADC_Start
                0x08007568      0x1a4 ./Drivers/STM32F4xx_HAL_Driver/Src/stm32f4xx_hal_adc.o
                0x08007568                HAL_ADC_Start
 .text.HAL_ADC_Stop
                0x0800770c       0x66 ./Drivers/STM32F4xx_HAL_Driver/Src/stm32f4xx_hal_adc.o
                0x0800770c                HAL_ADC_Stop
 .text.HAL_ADC_PollForConversion
                0x08007772      0x116 ./Drivers/STM32F4xx_HAL_Driver/Src/stm32f4xx_hal_adc.o
                0x08007772                HAL_ADC_PollForConversion
 .text.HAL_ADC_GetValue
                0x08007888       0x1a ./Drivers/STM32F4xx_HAL_Driver/Src/stm32f4xx_hal_adc.o
                0x08007888                HAL_ADC_GetValue
 *fill*         0x080078a2        0x2 
 .text.HAL_ADC_ConfigChannel
                0x080078a4      0x264 ./Drivers/STM32F4xx_HAL_Driver/Src/stm32f4xx_hal_adc.o
                0x080078a4                HAL_ADC_ConfigChannel
 .text.ADC_Init
                0x08007b08      0x1f8 ./Drivers/STM32F4xx_HAL_Driver/Src/stm32f4xx_hal_adc.o
 .text.HAL_CAN_Init
                0x08007d00      0x1f6 ./Drivers/STM32F4xx_HAL_Driver/Src/stm32f4xx_hal_can.o
                0x08007d00                HAL_CAN_Init
 *fill*         0x08007ef6        0x2 
 .text.HAL_CAN_ConfigFilter
                0x08007ef8      0x1bc ./Drivers/STM32F4xx_HAL_Driver/Src/stm32f4xx_hal_can.o
                0x08007ef8                HAL_CAN_ConfigFilter
 .text.HAL_CAN_Start
                0x080080b4       0x88 ./Drivers/STM32F4xx_HAL_Driver/Src/stm32f4xx_hal_can.o
                0x080080b4                HAL_CAN_Start
 .text.HAL_CAN_AddTxMessage
                0x0800813c      0x1a0 ./Drivers/STM32F4xx_HAL_Driver/Src/stm32f4xx_hal_can.o
                0x0800813c                HAL_CAN_AddTxMessage
 .text.HAL_CAN_GetTxMailboxesFreeLevel
                0x080082dc       0x6a ./Drivers/STM32F4xx_HAL_Driver/Src/stm32f4xx_hal_can.o
                0x080082dc                HAL_CAN_GetTxMailboxesFreeLevel
 .text.HAL_CAN_GetRxMessage
                0x08008346      0x244 ./Drivers/STM32F4xx_HAL_Driver/Src/stm32f4xx_hal_can.o
                0x08008346                HAL_CAN_GetRxMessage
 .text.HAL_CAN_ActivateNotification
                0x0800858a       0x4c ./Drivers/STM32F4xx_HAL_Driver/Src/stm32f4xx_hal_can.o
                0x0800858a                HAL_CAN_ActivateNotification
 .text.HAL_CAN_IRQHandler
                0x080085d6      0x36e ./Drivers/STM32F4xx_HAL_Driver/Src/stm32f4xx_hal_can.o
                0x080085d6                HAL_CAN_IRQHandler
 .text.HAL_CAN_TxMailbox0CompleteCallback
                0x08008944       0x14 ./Drivers/STM32F4xx_HAL_Driver/Src/stm32f4xx_hal_can.o
                0x08008944                HAL_CAN_TxMailbox0CompleteCallback
 .text.HAL_CAN_TxMailbox1CompleteCallback
                0x08008958       0x14 ./Drivers/STM32F4xx_HAL_Driver/Src/stm32f4xx_hal_can.o
                0x08008958                HAL_CAN_TxMailbox1CompleteCallback
 .text.HAL_CAN_TxMailbox2CompleteCallback
                0x0800896c       0x14 ./Drivers/STM32F4xx_HAL_Driver/Src/stm32f4xx_hal_can.o
                0x0800896c                HAL_CAN_TxMailbox2CompleteCallback
 .text.HAL_CAN_TxMailbox0AbortCallback
                0x08008980       0x14 ./Drivers/STM32F4xx_HAL_Driver/Src/stm32f4xx_hal_can.o
                0x08008980                HAL_CAN_TxMailbox0AbortCallback
 .text.HAL_CAN_TxMailbox1AbortCallback
                0x08008994       0x14 ./Drivers/STM32F4xx_HAL_Driver/Src/stm32f4xx_hal_can.o
                0x08008994                HAL_CAN_TxMailbox1AbortCallback
 .text.HAL_CAN_TxMailbox2AbortCallback
                0x080089a8       0x14 ./Drivers/STM32F4xx_HAL_Driver/Src/stm32f4xx_hal_can.o
                0x080089a8                HAL_CAN_TxMailbox2AbortCallback
 .text.HAL_CAN_RxFifo0FullCallback
                0x080089bc       0x14 ./Drivers/STM32F4xx_HAL_Driver/Src/stm32f4xx_hal_can.o
                0x080089bc                HAL_CAN_RxFifo0FullCallback
 .text.HAL_CAN_RxFifo1FullCallback
                0x080089d0       0x14 ./Drivers/STM32F4xx_HAL_Driver/Src/stm32f4xx_hal_can.o
                0x080089d0                HAL_CAN_RxFifo1FullCallback
 .text.HAL_CAN_SleepCallback
                0x080089e4       0x14 ./Drivers/STM32F4xx_HAL_Driver/Src/stm32f4xx_hal_can.o
                0x080089e4                HAL_CAN_SleepCallback
 .text.HAL_CAN_WakeUpFromRxMsgCallback
                0x080089f8       0x14 ./Drivers/STM32F4xx_HAL_Driver/Src/stm32f4xx_hal_can.o
                0x080089f8                HAL_CAN_WakeUpFromRxMsgCallback
 .text.HAL_CAN_ErrorCallback
                0x08008a0c       0x14 ./Drivers/STM32F4xx_HAL_Driver/Src/stm32f4xx_hal_can.o
                0x08008a0c                HAL_CAN_ErrorCallback
 .text.HAL_CAN_GetError
                0x08008a20       0x18 ./Drivers/STM32F4xx_HAL_Driver/Src/stm32f4xx_hal_can.o
                0x08008a20                HAL_CAN_GetError
 .text.__NVIC_SetPriorityGrouping
                0x08008a38       0x48 ./Drivers/STM32F4xx_HAL_Driver/Src/stm32f4xx_hal_cortex.o
 .text.__NVIC_GetPriorityGrouping
                0x08008a80       0x1c ./Drivers/STM32F4xx_HAL_Driver/Src/stm32f4xx_hal_cortex.o
 .text.__NVIC_EnableIRQ
                0x08008a9c       0x3c ./Drivers/STM32F4xx_HAL_Driver/Src/stm32f4xx_hal_cortex.o
 .text.__NVIC_SetPriority
                0x08008ad8       0x54 ./Drivers/STM32F4xx_HAL_Driver/Src/stm32f4xx_hal_cortex.o
 .text.NVIC_EncodePriority
                0x08008b2c       0x66 ./Drivers/STM32F4xx_HAL_Driver/Src/stm32f4xx_hal_cortex.o
 *fill*         0x08008b92        0x2 
 .text.SysTick_Config
                0x08008b94       0x44 ./Drivers/STM32F4xx_HAL_Driver/Src/stm32f4xx_hal_cortex.o
 .text.HAL_NVIC_SetPriorityGrouping
                0x08008bd8       0x16 ./Drivers/STM32F4xx_HAL_Driver/Src/stm32f4xx_hal_cortex.o
                0x08008bd8                HAL_NVIC_SetPriorityGrouping
 .text.HAL_NVIC_SetPriority
                0x08008bee       0x38 ./Drivers/STM32F4xx_HAL_Driver/Src/stm32f4xx_hal_cortex.o
                0x08008bee                HAL_NVIC_SetPriority
 .text.HAL_NVIC_EnableIRQ
                0x08008c26       0x1c ./Drivers/STM32F4xx_HAL_Driver/Src/stm32f4xx_hal_cortex.o
                0x08008c26                HAL_NVIC_EnableIRQ
 .text.HAL_SYSTICK_Config
                0x08008c42       0x18 ./Drivers/STM32F4xx_HAL_Driver/Src/stm32f4xx_hal_cortex.o
                0x08008c42                HAL_SYSTICK_Config
 *fill*         0x08008c5a        0x2 
 .text.HAL_GPIO_Init
                0x08008c5c      0x328 ./Drivers/STM32F4xx_HAL_Driver/Src/stm32f4xx_hal_gpio.o
                0x08008c5c                HAL_GPIO_Init
 .text.HAL_GPIO_WritePin
                0x08008f84       0x32 ./Drivers/STM32F4xx_HAL_Driver/Src/stm32f4xx_hal_gpio.o
                0x08008f84                HAL_GPIO_WritePin
 *fill*         0x08008fb6        0x2 
 .text.HAL_I2C_Init
                0x08008fb8      0x288 ./Drivers/STM32F4xx_HAL_Driver/Src/stm32f4xx_hal_i2c.o
                0x08008fb8                HAL_I2C_Init
 .text.HAL_I2C_Master_Transmit
                0x08009240      0x1fc ./Drivers/STM32F4xx_HAL_Driver/Src/stm32f4xx_hal_i2c.o
                0x08009240                HAL_I2C_Master_Transmit
 .text.HAL_I2C_Master_Receive
                0x0800943c      0x464 ./Drivers/STM32F4xx_HAL_Driver/Src/stm32f4xx_hal_i2c.o
                0x0800943c                HAL_I2C_Master_Receive
 .text.I2C_MasterRequestWrite
                0x080098a0      0x104 ./Drivers/STM32F4xx_HAL_Driver/Src/stm32f4xx_hal_i2c.o
 .text.I2C_MasterRequestRead
                0x080099a4      0x19c ./Drivers/STM32F4xx_HAL_Driver/Src/stm32f4xx_hal_i2c.o
 .text.I2C_WaitOnFlagUntilTimeout
                0x08009b40       0xf4 ./Drivers/STM32F4xx_HAL_Driver/Src/stm32f4xx_hal_i2c.o
 .text.I2C_WaitOnMasterAddressFlagUntilTimeout
                0x08009c34      0x140 ./Drivers/STM32F4xx_HAL_Driver/Src/stm32f4xx_hal_i2c.o
 .text.I2C_WaitOnTXEFlagUntilTimeout
                0x08009d74       0x90 ./Drivers/STM32F4xx_HAL_Driver/Src/stm32f4xx_hal_i2c.o
 .text.I2C_WaitOnBTFFlagUntilTimeout
                0x08009e04       0x90 ./Drivers/STM32F4xx_HAL_Driver/Src/stm32f4xx_hal_i2c.o
 .text.I2C_WaitOnRXNEFlagUntilTimeout
                0x08009e94       0xba ./Drivers/STM32F4xx_HAL_Driver/Src/stm32f4xx_hal_i2c.o
 .text.I2C_IsAcknowledgeFailed
                0x08009f4e       0x5e ./Drivers/STM32F4xx_HAL_Driver/Src/stm32f4xx_hal_i2c.o
 .text.HAL_RCC_ClockConfig
                0x08009fac      0x1cc ./Drivers/STM32F4xx_HAL_Driver/Src/stm32f4xx_hal_rcc.o
                0x08009fac                HAL_RCC_ClockConfig
 .text.HAL_RCC_GetHCLKFreq
                0x0800a178       0x18 ./Drivers/STM32F4xx_HAL_Driver/Src/stm32f4xx_hal_rcc.o
                0x0800a178                HAL_RCC_GetHCLKFreq
 .text.HAL_RCC_GetPCLK1Freq
                0x0800a190       0x28 ./Drivers/STM32F4xx_HAL_Driver/Src/stm32f4xx_hal_rcc.o
                0x0800a190                HAL_RCC_GetPCLK1Freq
 .text.HAL_RCC_GetPCLK2Freq
                0x0800a1b8       0x28 ./Drivers/STM32F4xx_HAL_Driver/Src/stm32f4xx_hal_rcc.o
                0x0800a1b8                HAL_RCC_GetPCLK2Freq
 .text.HAL_RCC_GetSysClockFreq
                0x0800a1e0      0x354 ./Drivers/STM32F4xx_HAL_Driver/Src/stm32f4xx_hal_rcc_ex.o
                0x0800a1e0                HAL_RCC_GetSysClockFreq
 .text.HAL_RCC_OscConfig
                0x0800a534      0x53c ./Drivers/STM32F4xx_HAL_Driver/Src/stm32f4xx_hal_rcc_ex.o
                0x0800a534                HAL_RCC_OscConfig
 .text.HAL_TIM_Base_Init
                0x0800aa70       0x9e ./Drivers/STM32F4xx_HAL_Driver/Src/stm32f4xx_hal_tim.o
                0x0800aa70                HAL_TIM_Base_Init
 *fill*         0x0800ab0e        0x2 
 .text.HAL_TIM_Base_Start
                0x0800ab10       0xd0 ./Drivers/STM32F4xx_HAL_Driver/Src/stm32f4xx_hal_tim.o
                0x0800ab10                HAL_TIM_Base_Start
 .text.HAL_TIM_PWM_Init
                0x0800abe0       0x9e ./Drivers/STM32F4xx_HAL_Driver/Src/stm32f4xx_hal_tim.o
                0x0800abe0                HAL_TIM_PWM_Init
 .text.HAL_TIM_PWM_MspInit
                0x0800ac7e       0x14 ./Drivers/STM32F4xx_HAL_Driver/Src/stm32f4xx_hal_tim.o
                0x0800ac7e                HAL_TIM_PWM_MspInit
 *fill*         0x0800ac92        0x2 
 .text.HAL_TIM_PWM_Start
                0x0800ac94      0x190 ./Drivers/STM32F4xx_HAL_Driver/Src/stm32f4xx_hal_tim.o
                0x0800ac94                HAL_TIM_PWM_Start
 .text.HAL_TIM_IC_Init
                0x0800ae24       0x9e ./Drivers/STM32F4xx_HAL_Driver/Src/stm32f4xx_hal_tim.o
                0x0800ae24                HAL_TIM_IC_Init
 .text.HAL_TIM_IC_MspInit
                0x0800aec2       0x14 ./Drivers/STM32F4xx_HAL_Driver/Src/stm32f4xx_hal_tim.o
                0x0800aec2                HAL_TIM_IC_MspInit
 *fill*         0x0800aed6        0x2 
 .text.HAL_TIM_IC_Start_IT
                0x0800aed8      0x250 ./Drivers/STM32F4xx_HAL_Driver/Src/stm32f4xx_hal_tim.o
                0x0800aed8                HAL_TIM_IC_Start_IT
 .text.HAL_TIM_IRQHandler
                0x0800b128      0x1e0 ./Drivers/STM32F4xx_HAL_Driver/Src/stm32f4xx_hal_tim.o
                0x0800b128                HAL_TIM_IRQHandler
 .text.HAL_TIM_IC_ConfigChannel
                0x0800b308      0x138 ./Drivers/STM32F4xx_HAL_Driver/Src/stm32f4xx_hal_tim.o
                0x0800b308                HAL_TIM_IC_ConfigChannel
 .text.HAL_TIM_PWM_ConfigChannel
                0x0800b440      0x184 ./Drivers/STM32F4xx_HAL_Driver/Src/stm32f4xx_hal_tim.o
                0x0800b440                HAL_TIM_PWM_ConfigChannel
 .text.HAL_TIM_ConfigClockSource
                0x0800b5c4      0x18e ./Drivers/STM32F4xx_HAL_Driver/Src/stm32f4xx_hal_tim.o
                0x0800b5c4                HAL_TIM_ConfigClockSource
 .text.HAL_TIM_SlaveConfigSynchro
                0x0800b752       0x84 ./Drivers/STM32F4xx_HAL_Driver/Src/stm32f4xx_hal_tim.o
                0x0800b752                HAL_TIM_SlaveConfigSynchro
 *fill*         0x0800b7d6        0x2 
 .text.HAL_TIM_ReadCapturedValue
                0x0800b7d8       0x88 ./Drivers/STM32F4xx_HAL_Driver/Src/stm32f4xx_hal_tim.o
                0x0800b7d8                HAL_TIM_ReadCapturedValue
 .text.HAL_TIM_PeriodElapsedCallback
                0x0800b860       0x14 ./Drivers/STM32F4xx_HAL_Driver/Src/stm32f4xx_hal_tim.o
                0x0800b860                HAL_TIM_PeriodElapsedCallback
 .text.HAL_TIM_OC_DelayElapsedCallback
                0x0800b874       0x14 ./Drivers/STM32F4xx_HAL_Driver/Src/stm32f4xx_hal_tim.o
                0x0800b874                HAL_TIM_OC_DelayElapsedCallback
 .text.HAL_TIM_PWM_PulseFinishedCallback
                0x0800b888       0x14 ./Drivers/STM32F4xx_HAL_Driver/Src/stm32f4xx_hal_tim.o
                0x0800b888                HAL_TIM_PWM_PulseFinishedCallback
 .text.HAL_TIM_TriggerCallback
                0x0800b89c       0x14 ./Drivers/STM32F4xx_HAL_Driver/Src/stm32f4xx_hal_tim.o
                0x0800b89c                HAL_TIM_TriggerCallback
 .text.TIM_Base_SetConfig
                0x0800b8b0      0x14c ./Drivers/STM32F4xx_HAL_Driver/Src/stm32f4xx_hal_tim.o
                0x0800b8b0                TIM_Base_SetConfig
 .text.TIM_OC1_SetConfig
                0x0800b9fc       0xe0 ./Drivers/STM32F4xx_HAL_Driver/Src/stm32f4xx_hal_tim.o
 .text.TIM_OC2_SetConfig
                0x0800badc       0xec ./Drivers/STM32F4xx_HAL_Driver/Src/stm32f4xx_hal_tim.o
                0x0800badc                TIM_OC2_SetConfig
 .text.TIM_OC3_SetConfig
                0x0800bbc8       0xe8 ./Drivers/STM32F4xx_HAL_Driver/Src/stm32f4xx_hal_tim.o
 .text.TIM_OC4_SetConfig
                0x0800bcb0       0xac ./Drivers/STM32F4xx_HAL_Driver/Src/stm32f4xx_hal_tim.o
 .text.TIM_SlaveTimer_SetConfig
                0x0800bd5c      0x122 ./Drivers/STM32F4xx_HAL_Driver/Src/stm32f4xx_hal_tim.o
 *fill*         0x0800be7e        0x2 
 .text.TIM_TI1_SetConfig
                0x0800be80       0xe8 ./Drivers/STM32F4xx_HAL_Driver/Src/stm32f4xx_hal_tim.o
                0x0800be80                TIM_TI1_SetConfig
 .text.TIM_TI1_ConfigInputStage
                0x0800bf68       0x5e ./Drivers/STM32F4xx_HAL_Driver/Src/stm32f4xx_hal_tim.o
 .text.TIM_TI2_SetConfig
                0x0800bfc6       0x7a ./Drivers/STM32F4xx_HAL_Driver/Src/stm32f4xx_hal_tim.o
 .text.TIM_TI2_ConfigInputStage
                0x0800c040       0x60 ./Drivers/STM32F4xx_HAL_Driver/Src/stm32f4xx_hal_tim.o
 .text.TIM_TI3_SetConfig
                0x0800c0a0       0x78 ./Drivers/STM32F4xx_HAL_Driver/Src/stm32f4xx_hal_tim.o
 .text.TIM_TI4_SetConfig
                0x0800c118       0x7a ./Drivers/STM32F4xx_HAL_Driver/Src/stm32f4xx_hal_tim.o
 .text.TIM_ITRx_SetConfig
                0x0800c192       0x36 ./Drivers/STM32F4xx_HAL_Driver/Src/stm32f4xx_hal_tim.o
 .text.TIM_ETR_SetConfig
                0x0800c1c8       0x40 ./Drivers/STM32F4xx_HAL_Driver/Src/stm32f4xx_hal_tim.o
                0x0800c1c8                TIM_ETR_SetConfig
 .text.TIM_CCxChannelCmd
                0x0800c208       0x4a ./Drivers/STM32F4xx_HAL_Driver/Src/stm32f4xx_hal_tim.o
                0x0800c208                TIM_CCxChannelCmd
 *fill*         0x0800c252        0x2 
 .text.HAL_TIMEx_MasterConfigSynchronization
                0x0800c254       0xf8 ./Drivers/STM32F4xx_HAL_Driver/Src/stm32f4xx_hal_tim_ex.o
                0x0800c254                HAL_TIMEx_MasterConfigSynchronization
 .text.HAL_TIMEx_CommutCallback
                0x0800c34c       0x14 ./Drivers/STM32F4xx_HAL_Driver/Src/stm32f4xx_hal_tim_ex.o
                0x0800c34c                HAL_TIMEx_CommutCallback
 .text.HAL_TIMEx_BreakCallback
                0x0800c360       0x14 ./Drivers/STM32F4xx_HAL_Driver/Src/stm32f4xx_hal_tim_ex.o
                0x0800c360                HAL_TIMEx_BreakCallback
 .text.HAL_UART_Init
                0x0800c374       0xa0 ./Drivers/STM32F4xx_HAL_Driver/Src/stm32f4xx_hal_uart.o
                0x0800c374                HAL_UART_Init
 .text.HAL_UART_Transmit
                0x0800c414      0x116 ./Drivers/STM32F4xx_HAL_Driver/Src/stm32f4xx_hal_uart.o
                0x0800c414                HAL_UART_Transmit
 .text.HAL_UART_Receive
                0x0800c52a      0x12e ./Drivers/STM32F4xx_HAL_Driver/Src/stm32f4xx_hal_uart.o
                0x0800c52a                HAL_UART_Receive
 .text.UART_WaitOnFlagUntilTimeout
                0x0800c658       0xb2 ./Drivers/STM32F4xx_HAL_Driver/Src/stm32f4xx_hal_uart.o
 .text.UART_EndRxTransfer
                0x0800c70a       0xc6 ./Drivers/STM32F4xx_HAL_Driver/Src/stm32f4xx_hal_uart.o
 .text.UART_SetConfig
                0x0800c7d0      0x4e8 ./Drivers/STM32F4xx_HAL_Driver/Src/stm32f4xx_hal_uart.o
 .text.swapfunc
                0x0800ccb8       0x32 /opt/stm32cubeide/plugins/com.st.stm32cube.ide.mcu.externaltools.gnu-tools-for-stm32.13.3.rel1.linux64_1.0.0.202410170706/tools/bin/../lib/gcc/arm-none-eabi/13.3.1/../../../../arm-none-eabi/lib/thumb/v7e-m+fp/hard/libc_nano.a(libc_a-qsort.o)
 .text.med3.constprop.0
                0x0800ccea       0x40 /opt/stm32cubeide/plugins/com.st.stm32cube.ide.mcu.externaltools.gnu-tools-for-stm32.13.3.rel1.linux64_1.0.0.202410170706/tools/bin/../lib/gcc/arm-none-eabi/13.3.1/../../../../arm-none-eabi/lib/thumb/v7e-m+fp/hard/libc_nano.a(libc_a-qsort.o)
 .text.qsort    0x0800cd2a      0x28e /opt/stm32cubeide/plugins/com.st.stm32cube.ide.mcu.externaltools.gnu-tools-for-stm32.13.3.rel1.linux64_1.0.0.202410170706/tools/bin/../lib/gcc/arm-none-eabi/13.3.1/../../../../arm-none-eabi/lib/thumb/v7e-m+fp/hard/libc_nano.a(libc_a-qsort.o)
                0x0800cd2a                qsort
 .text._vsnprintf_r
                0x0800cfb8       0x5c /opt/stm32cubeide/plugins/com.st.stm32cube.ide.mcu.externaltools.gnu-tools-for-stm32.13.3.rel1.linux64_1.0.0.202410170706/tools/bin/../lib/gcc/arm-none-eabi/13.3.1/../../../../arm-none-eabi/lib/thumb/v7e-m+fp/hard/libc_nano.a(libc_a-vsnprintf.o)
                0x0800cfb8                _vsnprintf_r
                0x0800cfb8                _vsniprintf_r
 .text.vsnprintf
                0x0800d014       0x1c /opt/stm32cubeide/plugins/com.st.stm32cube.ide.mcu.externaltools.gnu-tools-for-stm32.13.3.rel1.linux64_1.0.0.202410170706/tools/bin/../lib/gcc/arm-none-eabi/13.3.1/../../../../arm-none-eabi/lib/thumb/v7e-m+fp/hard/libc_nano.a(libc_a-vsnprintf.o)
                0x0800d014                vsnprintf
                0x0800d014                vsniprintf
 .text.memset   0x0800d030       0x10 /opt/stm32cubeide/plugins/com.st.stm32cube.ide.mcu.externaltools.gnu-tools-for-stm32.13.3.rel1.linux64_1.0.0.202410170706/tools/bin/../lib/gcc/arm-none-eabi/13.3.1/../../../../arm-none-eabi/lib/thumb/v7e-m+fp/hard/libc_nano.a(libc_a-memset.o)
                0x0800d030                memset
 .text.__errno  0x0800d040        0xc /opt/stm32cubeide/plugins/com.st.stm32cube.ide.mcu.externaltools.gnu-tools-for-stm32.13.3.rel1.linux64_1.0.0.202410170706/tools/bin/../lib/gcc/arm-none-eabi/13.3.1/../../../../arm-none-eabi/lib/thumb/v7e-m+fp/hard/libc_nano.a(libc_a-errno.o)
                0x0800d040                __errno
 .text.__libc_init_array
                0x0800d04c       0x48 /opt/stm32cubeide/plugins/com.st.stm32cube.ide.mcu.externaltools.gnu-tools-for-stm32.13.3.rel1.linux64_1.0.0.202410170706/tools/bin/../lib/gcc/arm-none-eabi/13.3.1/../../../../arm-none-eabi/lib/thumb/v7e-m+fp/hard/libc_nano.a(libc_a-init.o)
                0x0800d04c                __libc_init_array
 .text.__retarget_lock_acquire_recursive
                0x0800d094        0x2 /opt/stm32cubeide/plugins/com.st.stm32cube.ide.mcu.externaltools.gnu-tools-for-stm32.13.3.rel1.linux64_1.0.0.202410170706/tools/bin/../lib/gcc/arm-none-eabi/13.3.1/../../../../arm-none-eabi/lib/thumb/v7e-m+fp/hard/libc_nano.a(libc_a-lock.o)
                0x0800d094                __retarget_lock_acquire_recursive
 .text.__retarget_lock_release_recursive
                0x0800d096        0x2 /opt/stm32cubeide/plugins/com.st.stm32cube.ide.mcu.externaltools.gnu-tools-for-stm32.13.3.rel1.linux64_1.0.0.202410170706/tools/bin/../lib/gcc/arm-none-eabi/13.3.1/../../../../arm-none-eabi/lib/thumb/v7e-m+fp/hard/libc_nano.a(libc_a-lock.o)
                0x0800d096                __retarget_lock_release_recursive
 .text.memcpy   0x0800d098       0x1c /opt/stm32cubeide/plugins/com.st.stm32cube.ide.mcu.externaltools.gnu-tools-for-stm32.13.3.rel1.linux64_1.0.0.202410170706/tools/bin/../lib/gcc/arm-none-eabi/13.3.1/../../../../arm-none-eabi/lib/thumb/v7e-m+fp/hard/libc_nano.a(libc_a-memcpy-stub.o)
                0x0800d098                memcpy
 .text._free_r  0x0800d0b4       0x94 /opt/stm32cubeide/plugins/com.st.stm32cube.ide.mcu.externaltools.gnu-tools-for-stm32.13.3.rel1.linux64_1.0.0.202410170706/tools/bin/../lib/gcc/arm-none-eabi/13.3.1/../../../../arm-none-eabi/lib/thumb/v7e-m+fp/hard/libc_nano.a(libc_a-freer.o)
                0x0800d0b4                _free_r
 .text.sbrk_aligned
                0x0800d148       0x44 /opt/stm32cubeide/plugins/com.st.stm32cube.ide.mcu.externaltools.gnu-tools-for-stm32.13.3.rel1.linux64_1.0.0.202410170706/tools/bin/../lib/gcc/arm-none-eabi/13.3.1/../../../../arm-none-eabi/lib/thumb/v7e-m+fp/hard/libc_nano.a(libc_a-mallocr.o)
 .text._malloc_r
                0x0800d18c      0x100 /opt/stm32cubeide/plugins/com.st.stm32cube.ide.mcu.externaltools.gnu-tools-for-stm32.13.3.rel1.linux64_1.0.0.202410170706/tools/bin/../lib/gcc/arm-none-eabi/13.3.1/../../../../arm-none-eabi/lib/thumb/v7e-m+fp/hard/libc_nano.a(libc_a-mallocr.o)
                0x0800d18c                _malloc_r
 .text.__malloc_lock
                0x0800d28c        0xc /opt/stm32cubeide/plugins/com.st.stm32cube.ide.mcu.externaltools.gnu-tools-for-stm32.13.3.rel1.linux64_1.0.0.202410170706/tools/bin/../lib/gcc/arm-none-eabi/13.3.1/../../../../arm-none-eabi/lib/thumb/v7e-m+fp/hard/libc_nano.a(libc_a-mlock.o)
                0x0800d28c                __malloc_lock
 .text.__malloc_unlock
                0x0800d298        0xc /opt/stm32cubeide/plugins/com.st.stm32cube.ide.mcu.externaltools.gnu-tools-for-stm32.13.3.rel1.linux64_1.0.0.202410170706/tools/bin/../lib/gcc/arm-none-eabi/13.3.1/../../../../arm-none-eabi/lib/thumb/v7e-m+fp/hard/libc_nano.a(libc_a-mlock.o)
                0x0800d298                __malloc_unlock
 .text.__ssputs_r
                0x0800d2a4       0xb6 /opt/stm32cubeide/plugins/com.st.stm32cube.ide.mcu.externaltools.gnu-tools-for-stm32.13.3.rel1.linux64_1.0.0.202410170706/tools/bin/../lib/gcc/arm-none-eabi/13.3.1/../../../../arm-none-eabi/lib/thumb/v7e-m+fp/hard/libc_nano.a(libc_a-nano-svfprintf.o)
                0x0800d2a4                __ssputs_r
 *fill*         0x0800d35a        0x2 
 .text._svfprintf_r
                0x0800d35c      0x1f8 /opt/stm32cubeide/plugins/com.st.stm32cube.ide.mcu.externaltools.gnu-tools-for-stm32.13.3.rel1.linux64_1.0.0.202410170706/tools/bin/../lib/gcc/arm-none-eabi/13.3.1/../../../../arm-none-eabi/lib/thumb/v7e-m+fp/hard/libc_nano.a(libc_a-nano-svfprintf.o)
                0x0800d35c                _svfprintf_r
                0x0800d35c                _svfiprintf_r
 .text._printf_common
                0x0800d554       0xda /opt/stm32cubeide/plugins/com.st.stm32cube.ide.mcu.externaltools.gnu-tools-for-stm32.13.3.rel1.linux64_1.0.0.202410170706/tools/bin/../lib/gcc/arm-none-eabi/13.3.1/../../../../arm-none-eabi/lib/thumb/v7e-m+fp/hard/libc_nano.a(libc_a-nano-vfprintf_i.o)
                0x0800d554                _printf_common
 *fill*         0x0800d62e        0x2 
 .text._printf_i
                0x0800d630      0x23c /opt/stm32cubeide/plugins/com.st.stm32cube.ide.mcu.externaltools.gnu-tools-for-stm32.13.3.rel1.linux64_1.0.0.202410170706/tools/bin/../lib/gcc/arm-none-eabi/13.3.1/../../../../arm-none-eabi/lib/thumb/v7e-m+fp/hard/libc_nano.a(libc_a-nano-vfprintf_i.o)
                0x0800d630                _printf_i
 .text.memmove  0x0800d86c       0x34 /opt/stm32cubeide/plugins/com.st.stm32cube.ide.mcu.externaltools.gnu-tools-for-stm32.13.3.rel1.linux64_1.0.0.202410170706/tools/bin/../lib/gcc/arm-none-eabi/13.3.1/../../../../arm-none-eabi/lib/thumb/v7e-m+fp/hard/libc_nano.a(libc_a-memmove.o)
                0x0800d86c                memmove
 .text._sbrk_r  0x0800d8a0       0x20 /opt/stm32cubeide/plugins/com.st.stm32cube.ide.mcu.externaltools.gnu-tools-for-stm32.13.3.rel1.linux64_1.0.0.202410170706/tools/bin/../lib/gcc/arm-none-eabi/13.3.1/../../../../arm-none-eabi/lib/thumb/v7e-m+fp/hard/libc_nano.a(libc_a-sbrkr.o)
                0x0800d8a0                _sbrk_r
 .text._realloc_r
                0x0800d8c0       0x5c /opt/stm32cubeide/plugins/com.st.stm32cube.ide.mcu.externaltools.gnu-tools-for-stm32.13.3.rel1.linux64_1.0.0.202410170706/tools/bin/../lib/gcc/arm-none-eabi/13.3.1/../../../../arm-none-eabi/lib/thumb/v7e-m+fp/hard/libc_nano.a(libc_a-reallocr.o)
                0x0800d8c0                _realloc_r
 .text._malloc_usable_size_r
                0x0800d91c       0x10 /opt/stm32cubeide/plugins/com.st.stm32cube.ide.mcu.externaltools.gnu-tools-for-stm32.13.3.rel1.linux64_1.0.0.202410170706/tools/bin/../lib/gcc/arm-none-eabi/13.3.1/../../../../arm-none-eabi/lib/thumb/v7e-m+fp/hard/libc_nano.a(libc_a-msizer.o)
                0x0800d91c                _malloc_usable_size_r
 .text.lroundf  0x0800d92c       0x5a /opt/stm32cubeide/plugins/com.st.stm32cube.ide.mcu.externaltools.gnu-tools-for-stm32.13.3.rel1.linux64_1.0.0.202410170706/tools/bin/../lib/gcc/arm-none-eabi/13.3.1/../../../../arm-none-eabi/lib/thumb/v7e-m+fp/hard/libm.a(libm_a-sf_lround.o)
                0x0800d92c                lroundf
 *fill*         0x0800d986        0x2 
 .text.ceilf    0x0800d988       0x84 /opt/stm32cubeide/plugins/com.st.stm32cube.ide.mcu.externaltools.gnu-tools-for-stm32.13.3.rel1.linux64_1.0.0.202410170706/tools/bin/../lib/gcc/arm-none-eabi/13.3.1/../../../../arm-none-eabi/lib/thumb/v7e-m+fp/hard/libm.a(libm_a-sf_ceil.o)
                0x0800d988                ceilf
 .text.floorf   0x0800da0c       0x88 /opt/stm32cubeide/plugins/com.st.stm32cube.ide.mcu.externaltools.gnu-tools-for-stm32.13.3.rel1.linux64_1.0.0.202410170706/tools/bin/../lib/gcc/arm-none-eabi/13.3.1/../../../../arm-none-eabi/lib/thumb/v7e-m+fp/hard/libm.a(libm_a-sf_floor.o)
                0x0800da0c                floorf
 *(.glue_7)
 .glue_7        0x0800da94        0x0 linker stubs
 *(.glue_7t)
 .glue_7t       0x0800da94        0x0 linker stubs
 *(.eh_frame)
 .eh_frame      0x0800da94        0x0 /opt/stm32cubeide/plugins/com.st.stm32cube.ide.mcu.externaltools.gnu-tools-for-stm32.13.3.rel1.linux64_1.0.0.202410170706/tools/bin/../lib/gcc/arm-none-eabi/13.3.1/thumb/v7e-m+fp/hard/crtbegin.o
 *(.init)
 .init          0x0800da94        0x4 /opt/stm32cubeide/plugins/com.st.stm32cube.ide.mcu.externaltools.gnu-tools-for-stm32.13.3.rel1.linux64_1.0.0.202410170706/tools/bin/../lib/gcc/arm-none-eabi/13.3.1/thumb/v7e-m+fp/hard/crti.o
                0x0800da94                _init
 .init          0x0800da98        0x8 /opt/stm32cubeide/plugins/com.st.stm32cube.ide.mcu.externaltools.gnu-tools-for-stm32.13.3.rel1.linux64_1.0.0.202410170706/tools/bin/../lib/gcc/arm-none-eabi/13.3.1/thumb/v7e-m+fp/hard/crtn.o
 *(.fini)
 .fini          0x0800daa0        0x4 /opt/stm32cubeide/plugins/com.st.stm32cube.ide.mcu.externaltools.gnu-tools-for-stm32.13.3.rel1.linux64_1.0.0.202410170706/tools/bin/../lib/gcc/arm-none-eabi/13.3.1/thumb/v7e-m+fp/hard/crti.o
                0x0800daa0                _fini
 .fini          0x0800daa4        0x8 /opt/stm32cubeide/plugins/com.st.stm32cube.ide.mcu.externaltools.gnu-tools-for-stm32.13.3.rel1.linux64_1.0.0.202410170706/tools/bin/../lib/gcc/arm-none-eabi/13.3.1/thumb/v7e-m+fp/hard/crtn.o
                0x0800daac                        . = ALIGN (0x4)
                0x0800daac                        _etext = .

.vfp11_veneer   0x0800daac        0x0
 .vfp11_veneer  0x0800daac        0x0 linker stubs

.v4_bx          0x0800daac        0x0
 .v4_bx         0x0800daac        0x0 linker stubs

.iplt           0x0800daac        0x0
 .iplt          0x0800daac        0x0 /opt/stm32cubeide/plugins/com.st.stm32cube.ide.mcu.externaltools.gnu-tools-for-stm32.13.3.rel1.linux64_1.0.0.202410170706/tools/bin/../lib/gcc/arm-none-eabi/13.3.1/thumb/v7e-m+fp/hard/crtbegin.o

.rodata         0x0800daac     0x1578
                0x0800daac                        . = ALIGN (0x4)
 *(.rodata)
 .rodata        0x0800daac       0x30 ./Core/Src/dbms/can.o
 .rodata        0x0800dadc       0x71 ./Core/Src/dbms/charging.o
 *fill*         0x0800db4d        0x3 
 .rodata        0x0800db50       0x21 ./Core/Src/dbms/dbms.o
 *fill*         0x0800db71        0x3 
 .rodata        0x0800db74       0x37 ./Core/Src/dbms/stack.o
 *fill*         0x0800dbab        0x1 
 .rodata        0x0800dbac        0xb ./Core/Src/dbms/vinterface.o
 *fill*         0x0800dbb7        0x1 
 .rodata        0x0800dbb8       0x17 ./Core/Src/dbms/faults/faultcheck.o
 *fill*         0x0800dbcf        0x1 
 .rodata        0x0800dbd0        0x8 ./Core/Src/main.o
 *(.rodata*)
 .rodata.leds   0x0800dbd8       0x30 ./Core/Src/dbms/ledctl.o
 .rodata.system_led_patterns
                0x0800dc08       0x48 ./Core/Src/dbms/ledctl.o
 .rodata.therm_voltages
                0x0800dc50      0x1e4 ./Core/Src/dbms/model/data.o
 .rodata.therm_temps
                0x0800de34      0x1e4 ./Core/Src/dbms/model/data.o
 .rodata.ocv_t_low
                0x0800e018      0x324 ./Core/Src/dbms/model/data.o
                0x0800e018                ocv_t_low
 .rodata.ocv_t_high
                0x0800e33c      0x324 ./Core/Src/dbms/model/data.o
                0x0800e33c                ocv_t_high
 .rodata.rc_t_low
                0x0800e660      0x4bc ./Core/Src/dbms/model/data.o
                0x0800e660                rc_t_low
 .rodata.rc_t_high
                0x0800eb1c      0x4bc ./Core/Src/dbms/model/data.o
                0x0800eb1c                rc_t_high
 .rodata.AHBPrescTable
                0x0800efd8       0x10 ./Core/Src/system_stm32f4xx.o
                0x0800efd8                AHBPrescTable
 .rodata.APBPrescTable
                0x0800efe8        0x8 ./Core/Src/system_stm32f4xx.o
                0x0800efe8                APBPrescTable
 .rodata._svfprintf_r.str1.1
                0x0800eff0       0x33 /opt/stm32cubeide/plugins/com.st.stm32cube.ide.mcu.externaltools.gnu-tools-for-stm32.13.3.rel1.linux64_1.0.0.202410170706/tools/bin/../lib/gcc/arm-none-eabi/13.3.1/../../../../arm-none-eabi/lib/thumb/v7e-m+fp/hard/libc_nano.a(libc_a-nano-svfprintf.o)
                                 0x11 (size before relaxing)
 .rodata._printf_i.str1.1
                0x0800f023       0x22 /opt/stm32cubeide/plugins/com.st.stm32cube.ide.mcu.externaltools.gnu-tools-for-stm32.13.3.rel1.linux64_1.0.0.202410170706/tools/bin/../lib/gcc/arm-none-eabi/13.3.1/../../../../arm-none-eabi/lib/thumb/v7e-m+fp/hard/libc_nano.a(libc_a-nano-vfprintf_i.o)
                0x0800f048                        . = ALIGN (0x4)
 *fill*         0x0800f023        0x1 

.ARM.extab      0x0800f024        0x0
                0x0800f024                        . = ALIGN (0x4)
 *(.ARM.extab* .gnu.linkonce.armextab.*)
                0x0800f024                        . = ALIGN (0x4)

.ARM            0x0800f024        0x8
                0x0800f024                        . = ALIGN (0x4)
                0x0800f024                        __exidx_start = .
 *(.ARM.exidx*)
 .ARM.exidx     0x0800f024        0x8 /opt/stm32cubeide/plugins/com.st.stm32cube.ide.mcu.externaltools.gnu-tools-for-stm32.13.3.rel1.linux64_1.0.0.202410170706/tools/bin/../lib/gcc/arm-none-eabi/13.3.1/../../../../arm-none-eabi/lib/thumb/v7e-m+fp/hard/libc_nano.a(libc_a-memchr.o)
 .ARM.exidx     0x0800f02c        0x0 /opt/stm32cubeide/plugins/com.st.stm32cube.ide.mcu.externaltools.gnu-tools-for-stm32.13.3.rel1.linux64_1.0.0.202410170706/tools/bin/../lib/gcc/arm-none-eabi/13.3.1/thumb/v7e-m+fp/hard/libgcc.a(_udivmoddi4.o)
                                  0x8 (size before relaxing)
                0x0800f02c                        __exidx_end = .
                0x0800f02c                        . = ALIGN (0x4)

.preinit_array  0x0800f02c        0x0
                0x0800f02c                        . = ALIGN (0x4)
                0x0800f02c                        PROVIDE (__preinit_array_start = .)
 *(.preinit_array*)
                0x0800f02c                        PROVIDE (__preinit_array_end = .)
                0x0800f02c                        . = ALIGN (0x4)

.init_array     0x0800f02c        0x4
                0x0800f02c                        . = ALIGN (0x4)
                0x0800f02c                        PROVIDE (__init_array_start = .)
 *(SORT_BY_NAME(.init_array.*))
 *(.init_array*)
 .init_array    0x0800f02c        0x4 /opt/stm32cubeide/plugins/com.st.stm32cube.ide.mcu.externaltools.gnu-tools-for-stm32.13.3.rel1.linux64_1.0.0.202410170706/tools/bin/../lib/gcc/arm-none-eabi/13.3.1/thumb/v7e-m+fp/hard/crtbegin.o
                0x0800f030                        PROVIDE (__init_array_end = .)
                0x0800f030                        . = ALIGN (0x4)

.fini_array     0x0800f030        0x4
                0x0800f030                        . = ALIGN (0x4)
                [!provide]                        PROVIDE (__fini_array_start = .)
 *(SORT_BY_NAME(.fini_array.*))
 *(.fini_array*)
 .fini_array    0x0800f030        0x4 /opt/stm32cubeide/plugins/com.st.stm32cube.ide.mcu.externaltools.gnu-tools-for-stm32.13.3.rel1.linux64_1.0.0.202410170706/tools/bin/../lib/gcc/arm-none-eabi/13.3.1/thumb/v7e-m+fp/hard/crtbegin.o
                [!provide]                        PROVIDE (__fini_array_end = .)
                0x0800f034                        . = ALIGN (0x4)
                0x0800f034                        _sidata = LOADADDR (.data)

.rel.dyn        0x0800f034        0x0
 .rel.iplt      0x0800f034        0x0 /opt/stm32cubeide/plugins/com.st.stm32cube.ide.mcu.externaltools.gnu-tools-for-stm32.13.3.rel1.linux64_1.0.0.202410170706/tools/bin/../lib/gcc/arm-none-eabi/13.3.1/thumb/v7e-m+fp/hard/crtbegin.o

.data           0x20000000      0x2b4 load address 0x0800f034
                0x20000000                        . = ALIGN (0x4)
                0x20000000                        _sdata = .
 *(.data)
 *(.data*)
 .data.bal_times
                0x20000000       0x10 ./Core/Src/dbms/charging.o
 .data.frame_set_metric_cycle.2
                0x20000010        0x8 ./Core/Src/dbms/isense.o
 .data.frame_set_stop_mode.1
                0x20000018        0x8 ./Core/Src/dbms/isense.o
 .data.frame_set_run_mode.0
                0x20000020        0x8 ./Core/Src/dbms/isense.o
 .data.FRAME_WAKE_STACK.7
                0x20000028        0x7 ./Core/Src/dbms/stack.o
 *fill*         0x2000002f        0x1 
 .data.FRAME_SHUTDOWN_STACK.6
                0x20000030        0x6 ./Core/Src/dbms/stack.o
 *fill*         0x20000036        0x2 
 .data.FRAME_ENABLE_AUTO_ADDR.5
                0x20000038        0x6 ./Core/Src/dbms/stack.o
 *fill*         0x2000003e        0x2 
 .data.FRAME_SET_ALL_STACK.4
                0x20000040        0x6 ./Core/Src/dbms/stack.o
 *fill*         0x20000046        0x2 
 .data.FRAME_SET_ADC_CONT_RUN.3
                0x20000048        0x6 ./Core/Src/dbms/stack.o
 *fill*         0x2000004e        0x2 
 .data.frame.1  0x20000050        0x8 ./Core/Src/dbms/vinterface.o
 .data.crc16_table
                0x20000058      0x200 ./Core/Src/dbms/utils/crc.o
 .data.SystemCoreClock
                0x20000258        0x4 ./Core/Src/system_stm32f4xx.o
                0x20000258                SystemCoreClock
 .data.uwTickPrio
                0x2000025c        0x4 ./Drivers/STM32F4xx_HAL_Driver/Src/stm32f4xx_hal.o
                0x2000025c                uwTickPrio
 .data.uwTickFreq
                0x20000260        0x1 ./Drivers/STM32F4xx_HAL_Driver/Src/stm32f4xx_hal.o
                0x20000260                uwTickFreq
 *fill*         0x20000261        0x3 
 .data._impure_ptr
                0x20000264        0x4 /opt/stm32cubeide/plugins/com.st.stm32cube.ide.mcu.externaltools.gnu-tools-for-stm32.13.3.rel1.linux64_1.0.0.202410170706/tools/bin/../lib/gcc/arm-none-eabi/13.3.1/../../../../arm-none-eabi/lib/thumb/v7e-m+fp/hard/libc_nano.a(libc_a-impure.o)
                0x20000264                _impure_ptr
 .data._impure_data
                0x20000268       0x4c /opt/stm32cubeide/plugins/com.st.stm32cube.ide.mcu.externaltools.gnu-tools-for-stm32.13.3.rel1.linux64_1.0.0.202410170706/tools/bin/../lib/gcc/arm-none-eabi/13.3.1/../../../../arm-none-eabi/lib/thumb/v7e-m+fp/hard/libc_nano.a(libc_a-impure.o)
                0x20000268                _impure_data
 *(.RamFunc)
 *(.RamFunc*)
                0x200002b4                        . = ALIGN (0x4)
                0x200002b4                        _edata = .

.igot.plt       0x200002b4        0x0 load address 0x0800f2e8
 .igot.plt      0x200002b4        0x0 /opt/stm32cubeide/plugins/com.st.stm32cube.ide.mcu.externaltools.gnu-tools-for-stm32.13.3.rel1.linux64_1.0.0.202410170706/tools/bin/../lib/gcc/arm-none-eabi/13.3.1/thumb/v7e-m+fp/hard/crtbegin.o
                0x200002b4                        . = ALIGN (0x4)

.bss            0x200002b8     0x1928 load address 0x0800f2e8
                0x200002b8                        _sbss = .
                0x200002b8                        __bss_start__ = _sbss
 *(.bss)
 .bss           0x200002b8       0x1c /opt/stm32cubeide/plugins/com.st.stm32cube.ide.mcu.externaltools.gnu-tools-for-stm32.13.3.rel1.linux64_1.0.0.202410170706/tools/bin/../lib/gcc/arm-none-eabi/13.3.1/thumb/v7e-m+fp/hard/crtbegin.o
 *(.bss*)
 *fill*         0x200002d4        0x4 
 .bss.snapshot_storage
                0x200002d8       0xc0 ./Core/Src/dbms/blackbox.o
 .bss.mem_settings
                0x20000398       0x64 ./Core/Src/dbms/dbms.o
 .bss.last_blink_time.1
                0x200003fc        0x4 ./Core/Src/dbms/ledctl.o
 .bss.blink_on.0
                0x20000400        0x1 ./Core/Src/dbms/ledctl.o
 *fill*         0x20000401        0x3 
 .bss.rollover.2
                0x20000404        0x4 ./Core/Src/dbms/sched.o
 .bss.last_cnt.1
                0x20000408        0x4 ./Core/Src/dbms/sched.o
 *fill*         0x2000040c        0x4 
 .bss.high_us.0
                0x20000410        0x8 ./Core/Src/dbms/sched.o
 .bss.rx_buffer_v.2
                0x20000418      0x400 ./Core/Src/dbms/stack.o
 .bss.rx_buffer_t.1
                0x20000818      0x400 ./Core/Src/dbms/stack.o
 .bss.data.0    0x20000c18        0x8 ./Core/Src/dbms/vinterface.o
 .bss.hadc1     0x20000c20       0x48 ./Core/Src/main.o
                0x20000c20                hadc1
 .bss.hcan2     0x20000c68       0x28 ./Core/Src/main.o
                0x20000c68                hcan2
 .bss.hi2c2     0x20000c90       0x54 ./Core/Src/main.o
                0x20000c90                hi2c2
 .bss.htim1     0x20000ce4       0x48 ./Core/Src/main.o
                0x20000ce4                htim1
 .bss.htim2     0x20000d2c       0x48 ./Core/Src/main.o
                0x20000d2c                htim2
 .bss.htim3     0x20000d74       0x48 ./Core/Src/main.o
                0x20000d74                htim3
 .bss.huart4    0x20000dbc       0x48 ./Core/Src/main.o
                0x20000dbc                huart4
 *fill*         0x20000e04        0x4 
 .bss.dbms_ctx  0x20000e08      0xc88 ./Core/Src/main.o
 .bss.__sbrk_heap_end
                0x20001a90        0x4 ./Core/Src/sysmem.o
 .bss.uwTick    0x20001a94        0x4 ./Drivers/STM32F4xx_HAL_Driver/Src/stm32f4xx_hal.o
                0x20001a94                uwTick
 .bss.__sf      0x20001a98      0x138 /opt/stm32cubeide/plugins/com.st.stm32cube.ide.mcu.externaltools.gnu-tools-for-stm32.13.3.rel1.linux64_1.0.0.202410170706/tools/bin/../lib/gcc/arm-none-eabi/13.3.1/../../../../arm-none-eabi/lib/thumb/v7e-m+fp/hard/libc_nano.a(libc_a-findfp.o)
                0x20001a98                __sf
 .bss.errno     0x20001bd0        0x4 /opt/stm32cubeide/plugins/com.st.stm32cube.ide.mcu.externaltools.gnu-tools-for-stm32.13.3.rel1.linux64_1.0.0.202410170706/tools/bin/../lib/gcc/arm-none-eabi/13.3.1/../../../../arm-none-eabi/lib/thumb/v7e-m+fp/hard/libc_nano.a(libc_a-reent.o)
                0x20001bd0                errno
 .bss.__lock___malloc_recursive_mutex
                0x20001bd4        0x1 /opt/stm32cubeide/plugins/com.st.stm32cube.ide.mcu.externaltools.gnu-tools-for-stm32.13.3.rel1.linux64_1.0.0.202410170706/tools/bin/../lib/gcc/arm-none-eabi/13.3.1/../../../../arm-none-eabi/lib/thumb/v7e-m+fp/hard/libc_nano.a(libc_a-lock.o)
                0x20001bd4                __lock___malloc_recursive_mutex
 *fill*         0x20001bd5        0x3 
 .bss.__malloc_sbrk_start
                0x20001bd8        0x4 /opt/stm32cubeide/plugins/com.st.stm32cube.ide.mcu.externaltools.gnu-tools-for-stm32.13.3.rel1.linux64_1.0.0.202410170706/tools/bin/../lib/gcc/arm-none-eabi/13.3.1/../../../../arm-none-eabi/lib/thumb/v7e-m+fp/hard/libc_nano.a(libc_a-mallocr.o)
                0x20001bd8                __malloc_sbrk_start
 .bss.__malloc_free_list
                0x20001bdc        0x4 /opt/stm32cubeide/plugins/com.st.stm32cube.ide.mcu.externaltools.gnu-tools-for-stm32.13.3.rel1.linux64_1.0.0.202410170706/tools/bin/../lib/gcc/arm-none-eabi/13.3.1/../../../../arm-none-eabi/lib/thumb/v7e-m+fp/hard/libc_nano.a(libc_a-mallocr.o)
                0x20001bdc                __malloc_free_list
 *(COMMON)
                0x20001be0                        . = ALIGN (0x4)
                0x20001be0                        _ebss = .
                0x20001be0                        __bss_end__ = _ebss

._user_heap_stack
                0x20001be0      0x600 load address 0x0800f2e8
                0x20001be0                        . = ALIGN (0x8)
                [!provide]                        PROVIDE (end = .)
                0x20001be0                        PROVIDE (_end = .)
                0x20001de0                        . = (. + _Min_Heap_Size)
 *fill*         0x20001be0      0x200 
                0x200021e0                        . = (. + _Min_Stack_Size)
 *fill*         0x20001de0      0x400 
                0x200021e0                        . = ALIGN (0x8)

/DISCARD/
 libc.a(*)
 libm.a(*)
 libgcc.a(*)

.ARM.attributes
                0x00000000       0x30
 *(.ARM.attributes)
 .ARM.attributes
                0x00000000       0x22 /opt/stm32cubeide/plugins/com.st.stm32cube.ide.mcu.externaltools.gnu-tools-for-stm32.13.3.rel1.linux64_1.0.0.202410170706/tools/bin/../lib/gcc/arm-none-eabi/13.3.1/thumb/v7e-m+fp/hard/crti.o
 .ARM.attributes
                0x00000022       0x34 /opt/stm32cubeide/plugins/com.st.stm32cube.ide.mcu.externaltools.gnu-tools-for-stm32.13.3.rel1.linux64_1.0.0.202410170706/tools/bin/../lib/gcc/arm-none-eabi/13.3.1/thumb/v7e-m+fp/hard/crtbegin.o
 .ARM.attributes
                0x00000056       0x34 ./Core/Src/dbms/blackbox.o
 .ARM.attributes
                0x0000008a       0x34 ./Core/Src/dbms/bridge.o
 .ARM.attributes
                0x000000be       0x34 ./Core/Src/dbms/can.o
 .ARM.attributes
                0x000000f2       0x34 ./Core/Src/dbms/charging.o
 .ARM.attributes
                0x00000126       0x34 ./Core/Src/dbms/dbms.o
 .ARM.attributes
                0x0000015a       0x34 ./Core/Src/dbms/elcon.o
 .ARM.attributes
                0x0000018e       0x34 ./Core/Src/dbms/fan.o
 .ARM.attributes
                0x000001c2       0x34 ./Core/Src/dbms/isense.o
 .ARM.attributes
                0x000001f6       0x34 ./Core/Src/dbms/j1772.o
 .ARM.attributes
                0x0000022a       0x34 ./Core/Src/dbms/ledctl.o
 .ARM.attributes
                0x0000025e       0x34 ./Core/Src/dbms/sched.o
 .ARM.attributes
                0x00000292       0x34 ./Core/Src/dbms/settings.o
 .ARM.attributes
                0x000002c6       0x34 ./Core/Src/dbms/stack.o
 .ARM.attributes
                0x000002fa       0x34 ./Core/Src/dbms/storage.o
 .ARM.attributes
                0x0000032e       0x34 ./Core/Src/dbms/vinterface.o
 .ARM.attributes
                0x00000362       0x34 ./Core/Src/dbms/faults/faultcheck.o
 .ARM.attributes
                0x00000396       0x34 ./Core/Src/dbms/faults/faults.o
 .ARM.attributes
                0x000003ca       0x34 ./Core/Src/dbms/model/data.o
 .ARM.attributes
                0x000003fe       0x34 ./Core/Src/dbms/model/model.o
 .ARM.attributes
                0x00000432       0x34 ./Core/Src/dbms/utils/crc.o
 .ARM.attributes
                0x00000466       0x34 ./Core/Src/dbms/utils/eswap.o
 .ARM.attributes
                0x0000049a       0x34 ./Core/Src/dbms/utils/lut.o
 .ARM.attributes
                0x000004ce       0x34 ./Core/Src/main.o
 .ARM.attributes
                0x00000502       0x34 ./Core/Src/stm32f4xx_hal_msp.o
 .ARM.attributes
                0x00000536       0x34 ./Core/Src/stm32f4xx_it.o
 .ARM.attributes
                0x0000056a       0x34 ./Core/Src/sysmem.o
 .ARM.attributes
                0x0000059e       0x34 ./Core/Src/system_stm32f4xx.o
 .ARM.attributes
                0x000005d2       0x21 ./Core/Startup/startup_stm32f446retx.o
 .ARM.attributes
                0x000005f3       0x34 ./Drivers/STM32F4xx_HAL_Driver/Src/stm32f4xx_hal.o
 .ARM.attributes
                0x00000627       0x34 ./Drivers/STM32F4xx_HAL_Driver/Src/stm32f4xx_hal_adc.o
 .ARM.attributes
                0x0000065b       0x34 ./Drivers/STM32F4xx_HAL_Driver/Src/stm32f4xx_hal_can.o
 .ARM.attributes
                0x0000068f       0x34 ./Drivers/STM32F4xx_HAL_Driver/Src/stm32f4xx_hal_cortex.o
 .ARM.attributes
                0x000006c3       0x34 ./Drivers/STM32F4xx_HAL_Driver/Src/stm32f4xx_hal_gpio.o
 .ARM.attributes
                0x000006f7       0x34 ./Drivers/STM32F4xx_HAL_Driver/Src/stm32f4xx_hal_i2c.o
 .ARM.attributes
                0x0000072b       0x34 ./Drivers/STM32F4xx_HAL_Driver/Src/stm32f4xx_hal_rcc.o
 .ARM.attributes
                0x0000075f       0x34 ./Drivers/STM32F4xx_HAL_Driver/Src/stm32f4xx_hal_rcc_ex.o
 .ARM.attributes
                0x00000793       0x34 ./Drivers/STM32F4xx_HAL_Driver/Src/stm32f4xx_hal_tim.o
 .ARM.attributes
                0x000007c7       0x34 ./Drivers/STM32F4xx_HAL_Driver/Src/stm32f4xx_hal_tim_ex.o
 .ARM.attributes
                0x000007fb       0x34 ./Drivers/STM32F4xx_HAL_Driver/Src/stm32f4xx_hal_uart.o
 .ARM.attributes
                0x0000082f       0x34 /opt/stm32cubeide/plugins/com.st.stm32cube.ide.mcu.externaltools.gnu-tools-for-stm32.13.3.rel1.linux64_1.0.0.202410170706/tools/bin/../lib/gcc/arm-none-eabi/13.3.1/../../../../arm-none-eabi/lib/thumb/v7e-m+fp/hard/libc_nano.a(libc_a-qsort.o)
 .ARM.attributes
                0x00000863       0x34 /opt/stm32cubeide/plugins/com.st.stm32cube.ide.mcu.externaltools.gnu-tools-for-stm32.13.3.rel1.linux64_1.0.0.202410170706/tools/bin/../lib/gcc/arm-none-eabi/13.3.1/../../../../arm-none-eabi/lib/thumb/v7e-m+fp/hard/libc_nano.a(libc_a-findfp.o)
 .ARM.attributes
                0x00000897       0x34 /opt/stm32cubeide/plugins/com.st.stm32cube.ide.mcu.externaltools.gnu-tools-for-stm32.13.3.rel1.linux64_1.0.0.202410170706/tools/bin/../lib/gcc/arm-none-eabi/13.3.1/../../../../arm-none-eabi/lib/thumb/v7e-m+fp/hard/libc_nano.a(libc_a-vsnprintf.o)
 .ARM.attributes
                0x000008cb       0x34 /opt/stm32cubeide/plugins/com.st.stm32cube.ide.mcu.externaltools.gnu-tools-for-stm32.13.3.rel1.linux64_1.0.0.202410170706/tools/bin/../lib/gcc/arm-none-eabi/13.3.1/../../../../arm-none-eabi/lib/thumb/v7e-m+fp/hard/libc_nano.a(libc_a-memset.o)
 .ARM.attributes
                0x000008ff       0x34 /opt/stm32cubeide/plugins/com.st.stm32cube.ide.mcu.externaltools.gnu-tools-for-stm32.13.3.rel1.linux64_1.0.0.202410170706/tools/bin/../lib/gcc/arm-none-eabi/13.3.1/../../../../arm-none-eabi/lib/thumb/v7e-m+fp/hard/libc_nano.a(libc_a-reent.o)
 .ARM.attributes
                0x00000933       0x34 /opt/stm32cubeide/plugins/com.st.stm32cube.ide.mcu.externaltools.gnu-tools-for-stm32.13.3.rel1.linux64_1.0.0.202410170706/tools/bin/../lib/gcc/arm-none-eabi/13.3.1/../../../../arm-none-eabi/lib/thumb/v7e-m+fp/hard/libc_nano.a(libc_a-impure.o)
 .ARM.attributes
                0x00000967       0x34 /opt/stm32cubeide/plugins/com.st.stm32cube.ide.mcu.externaltools.gnu-tools-for-stm32.13.3.rel1.linux64_1.0.0.202410170706/tools/bin/../lib/gcc/arm-none-eabi/13.3.1/../../../../arm-none-eabi/lib/thumb/v7e-m+fp/hard/libc_nano.a(libc_a-errno.o)
 .ARM.attributes
                0x0000099b       0x34 /opt/stm32cubeide/plugins/com.st.stm32cube.ide.mcu.externaltools.gnu-tools-for-stm32.13.3.rel1.linux64_1.0.0.202410170706/tools/bin/../lib/gcc/arm-none-eabi/13.3.1/../../../../arm-none-eabi/lib/thumb/v7e-m+fp/hard/libc_nano.a(libc_a-init.o)
 .ARM.attributes
                0x000009cf       0x34 /opt/stm32cubeide/plugins/com.st.stm32cube.ide.mcu.externaltools.gnu-tools-for-stm32.13.3.rel1.linux64_1.0.0.202410170706/tools/bin/../lib/gcc/arm-none-eabi/13.3.1/../../../../arm-none-eabi/lib/thumb/v7e-m+fp/hard/libc_nano.a(libc_a-lock.o)
 .ARM.attributes
                0x00000a03       0x34 /opt/stm32cubeide/plugins/com.st.stm32cube.ide.mcu.externaltools.gnu-tools-for-stm32.13.3.rel1.linux64_1.0.0.202410170706/tools/bin/../lib/gcc/arm-none-eabi/13.3.1/../../../../arm-none-eabi/lib/thumb/v7e-m+fp/hard/libc_nano.a(libc_a-memcpy-stub.o)
 .ARM.attributes
                0x00000a37       0x34 /opt/stm32cubeide/plugins/com.st.stm32cube.ide.mcu.externaltools.gnu-tools-for-stm32.13.3.rel1.linux64_1.0.0.202410170706/tools/bin/../lib/gcc/arm-none-eabi/13.3.1/../../../../arm-none-eabi/lib/thumb/v7e-m+fp/hard/libc_nano.a(libc_a-freer.o)
 .ARM.attributes
                0x00000a6b       0x34 /opt/stm32cubeide/plugins/com.st.stm32cube.ide.mcu.externaltools.gnu-tools-for-stm32.13.3.rel1.linux64_1.0.0.202410170706/tools/bin/../lib/gcc/arm-none-eabi/13.3.1/../../../../arm-none-eabi/lib/thumb/v7e-m+fp/hard/libc_nano.a(libc_a-mallocr.o)
 .ARM.attributes
                0x00000a9f       0x34 /opt/stm32cubeide/plugins/com.st.stm32cube.ide.mcu.externaltools.gnu-tools-for-stm32.13.3.rel1.linux64_1.0.0.202410170706/tools/bin/../lib/gcc/arm-none-eabi/13.3.1/../../../../arm-none-eabi/lib/thumb/v7e-m+fp/hard/libc_nano.a(libc_a-mlock.o)
 .ARM.attributes
                0x00000ad3       0x34 /opt/stm32cubeide/plugins/com.st.stm32cube.ide.mcu.externaltools.gnu-tools-for-stm32.13.3.rel1.linux64_1.0.0.202410170706/tools/bin/../lib/gcc/arm-none-eabi/13.3.1/../../../../arm-none-eabi/lib/thumb/v7e-m+fp/hard/libc_nano.a(libc_a-nano-svfprintf.o)
 .ARM.attributes
                0x00000b07       0x34 /opt/stm32cubeide/plugins/com.st.stm32cube.ide.mcu.externaltools.gnu-tools-for-stm32.13.3.rel1.linux64_1.0.0.202410170706/tools/bin/../lib/gcc/arm-none-eabi/13.3.1/../../../../arm-none-eabi/lib/thumb/v7e-m+fp/hard/libc_nano.a(libc_a-nano-vfprintf_i.o)
 .ARM.attributes
                0x00000b3b       0x34 /opt/stm32cubeide/plugins/com.st.stm32cube.ide.mcu.externaltools.gnu-tools-for-stm32.13.3.rel1.linux64_1.0.0.202410170706/tools/bin/../lib/gcc/arm-none-eabi/13.3.1/../../../../arm-none-eabi/lib/thumb/v7e-m+fp/hard/libc_nano.a(libc_a-memmove.o)
 .ARM.attributes
                0x00000b6f       0x34 /opt/stm32cubeide/plugins/com.st.stm32cube.ide.mcu.externaltools.gnu-tools-for-stm32.13.3.rel1.linux64_1.0.0.202410170706/tools/bin/../lib/gcc/arm-none-eabi/13.3.1/../../../../arm-none-eabi/lib/thumb/v7e-m+fp/hard/libc_nano.a(libc_a-sbrkr.o)
 .ARM.attributes
                0x00000ba3       0x1c /opt/stm32cubeide/plugins/com.st.stm32cube.ide.mcu.externaltools.gnu-tools-for-stm32.13.3.rel1.linux64_1.0.0.202410170706/tools/bin/../lib/gcc/arm-none-eabi/13.3.1/../../../../arm-none-eabi/lib/thumb/v7e-m+fp/hard/libc_nano.a(libc_a-memchr.o)
 .ARM.attributes
                0x00000bbf       0x34 /opt/stm32cubeide/plugins/com.st.stm32cube.ide.mcu.externaltools.gnu-tools-for-stm32.13.3.rel1.linux64_1.0.0.202410170706/tools/bin/../lib/gcc/arm-none-eabi/13.3.1/../../../../arm-none-eabi/lib/thumb/v7e-m+fp/hard/libc_nano.a(libc_a-reallocr.o)
 .ARM.attributes
                0x00000bf3       0x34 /opt/stm32cubeide/plugins/com.st.stm32cube.ide.mcu.externaltools.gnu-tools-for-stm32.13.3.rel1.linux64_1.0.0.202410170706/tools/bin/../lib/gcc/arm-none-eabi/13.3.1/../../../../arm-none-eabi/lib/thumb/v7e-m+fp/hard/libc_nano.a(libc_a-msizer.o)
 .ARM.attributes
                0x00000c27       0x34 /opt/stm32cubeide/plugins/com.st.stm32cube.ide.mcu.externaltools.gnu-tools-for-stm32.13.3.rel1.linux64_1.0.0.202410170706/tools/bin/../lib/gcc/arm-none-eabi/13.3.1/../../../../arm-none-eabi/lib/thumb/v7e-m+fp/hard/libm.a(libm_a-sf_lround.o)
 .ARM.attributes
                0x00000c5b       0x34 /opt/stm32cubeide/plugins/com.st.stm32cube.ide.mcu.externaltools.gnu-tools-for-stm32.13.3.rel1.linux64_1.0.0.202410170706/tools/bin/../lib/gcc/arm-none-eabi/13.3.1/../../../../arm-none-eabi/lib/thumb/v7e-m+fp/hard/libm.a(libm_a-sf_ceil.o)
 .ARM.attributes
                0x00000c8f       0x34 /opt/stm32cubeide/plugins/com.st.stm32cube.ide.mcu.externaltools.gnu-tools-for-stm32.13.3.rel1.linux64_1.0.0.202410170706/tools/bin/../lib/gcc/arm-none-eabi/13.3.1/../../../../arm-none-eabi/lib/thumb/v7e-m+fp/hard/libm.a(libm_a-sf_floor.o)
 .ARM.attributes
                0x00000cc3       0x22 /opt/stm32cubeide/plugins/com.st.stm32cube.ide.mcu.externaltools.gnu-tools-for-stm32.13.3.rel1.linux64_1.0.0.202410170706/tools/bin/../lib/gcc/arm-none-eabi/13.3.1/thumb/v7e-m+fp/hard/libgcc.a(_arm_addsubdf3.o)
 .ARM.attributes
                0x00000ce5       0x22 /opt/stm32cubeide/plugins/com.st.stm32cube.ide.mcu.externaltools.gnu-tools-for-stm32.13.3.rel1.linux64_1.0.0.202410170706/tools/bin/../lib/gcc/arm-none-eabi/13.3.1/thumb/v7e-m+fp/hard/libgcc.a(_arm_muldivdf3.o)
 .ARM.attributes
                0x00000d07       0x22 /opt/stm32cubeide/plugins/com.st.stm32cube.ide.mcu.externaltools.gnu-tools-for-stm32.13.3.rel1.linux64_1.0.0.202410170706/tools/bin/../lib/gcc/arm-none-eabi/13.3.1/thumb/v7e-m+fp/hard/libgcc.a(_arm_fixdfsi.o)
 .ARM.attributes
                0x00000d29       0x22 /opt/stm32cubeide/plugins/com.st.stm32cube.ide.mcu.externaltools.gnu-tools-for-stm32.13.3.rel1.linux64_1.0.0.202410170706/tools/bin/../lib/gcc/arm-none-eabi/13.3.1/thumb/v7e-m+fp/hard/libgcc.a(_arm_fixunsdfsi.o)
 .ARM.attributes
                0x00000d4b       0x22 /opt/stm32cubeide/plugins/com.st.stm32cube.ide.mcu.externaltools.gnu-tools-for-stm32.13.3.rel1.linux64_1.0.0.202410170706/tools/bin/../lib/gcc/arm-none-eabi/13.3.1/thumb/v7e-m+fp/hard/libgcc.a(_arm_truncdfsf2.o)
 .ARM.attributes
                0x00000d6d       0x22 /opt/stm32cubeide/plugins/com.st.stm32cube.ide.mcu.externaltools.gnu-tools-for-stm32.13.3.rel1.linux64_1.0.0.202410170706/tools/bin/../lib/gcc/arm-none-eabi/13.3.1/thumb/v7e-m+fp/hard/libgcc.a(_aeabi_uldivmod.o)
 .ARM.attributes
                0x00000d8f       0x34 /opt/stm32cubeide/plugins/com.st.stm32cube.ide.mcu.externaltools.gnu-tools-for-stm32.13.3.rel1.linux64_1.0.0.202410170706/tools/bin/../lib/gcc/arm-none-eabi/13.3.1/thumb/v7e-m+fp/hard/libgcc.a(_udivmoddi4.o)