../Core/Src/stm32f4xx_hal_msp.c:63:6:HAL_MspInit	8	static
../Core/Src/stm32f4xx_hal_msp.c:86:6:HAL_ADC_MspInit	40	static
../Core/Src/stm32f4xx_hal_msp.c:120:6:HAL_ADC_MspDeInit	0	static
../Core/Src/stm32f4xx_hal_msp.c:148:6:HAL_CAN_MspInit	40	static
../Core/Src/stm32f4xx_hal_msp.c:191:6:HAL_CAN_MspDeInit	8	static
../Core/Src/stm32f4xx_hal_msp.c:224:6:HAL_TIM_Base_MspInit	8	static
../Core/Src/stm32f4xx_hal_msp.c:247:6:HAL_TIM_Base_MspDeInit	0	static
../Core/Src/stm32f4xx_hal_msp.c:269:6:HAL_UART_MspInit	40	static
../Core/Src/stm32f4xx_hal_msp.c:306:6:HAL_UART_MspDeInit	0	static
