../Core/Src/dbms/fault_handler.c:4:6:ControllerSetFault	16	static
../Core/Src/dbms/fault_handler.c:10:6:ControllerClearFault	16	static
../Core/Src/dbms/fault_handler.c:16:6:ControllerHasFault	16	static
../Core/Src/dbms/fault_handler.c:22:6:BridgeSetFaultSummary	16	static
../Core/Src/dbms/fault_handler.c:27:6:BridgeSetFault	16	static
../Core/Src/dbms/fault_handler.c:33:6:BridgeClearFault	16	static
../Core/Src/dbms/fault_handler.c:39:6:BridgeHasFault	16	static
../Core/Src/dbms/fault_handler.c:45:6:StackSetFaultSummary	16	static
../Core/Src/dbms/fault_handler.c:49:6:HasAnyFaults	24	static
../Core/Src/dbms/fault_handler.c:60:6:ClearAllFaults	24	static
../Core/Src/dbms/fault_handler.c:71:6:CheckVoltageFaults	32	static
../Core/Src/dbms/fault_handler.c:103:6:CheckTemperatureFaults	32	static
../Core/Src/dbms/fault_handler.c:117:6:CheckCurrentFaults	24	static
../Core/Src/dbms/fault_handler.c:125:6:ThrowHardFault	16	static
../Core/Src/dbms/fault_handler.c:133:5:SaveFaultState	24	static
../Core/Src/dbms/fault_handler.c:144:5:LoadFaultState	24	static
