../Core/Src/dbms/stack_controller.c:13:6:__PrintStackRxFrame	32	static
../Core/Src/dbms/stack_controller.c:27:5:SendStackFrame	24	static
../Core/Src/dbms/stack_controller.c:36:5:SendStackFrameSetCrc	32	static
../Core/Src/dbms/stack_controller.c:57:6:SetBrr	16	static
../Core/Src/dbms/stack_controller.c:69:5:SendStackWakeBlip	24	static
../Core/Src/dbms/stack_controller.c:98:5:SendStackShutdownBlip	24	static
../Core/Src/dbms/stack_controller.c:119:5:StackWake	24	static
../Core/Src/dbms/stack_controller.c:144:5:StackShutdown	24	static
../Core/Src/dbms/stack_controller.c:168:6:SendOtpEccDatain	32	static
../Core/Src/dbms/stack_controller.c:185:6:SendAutoAddr	32	static
../Core/Src/dbms/stack_controller.c:199:6:SendSetStackTop	40	static
../Core/Src/dbms/stack_controller.c:221:6:ReadOtpEccDatain	32	static
../Core/Src/dbms/stack_controller.c:237:6:StackAutoAddr	16	static
../Core/Src/dbms/stack_controller.c:264:6:StackSetNumActiveCells	24	static
../Core/Src/dbms/stack_controller.c:272:6:StackSetupGpio	32	static
../Core/Src/dbms/stack_controller.c:282:6:StackSetupTempReadings	176	static
../Core/Src/dbms/stack_controller.c:323:6:StackSetupVoltReadings	16	static
../Core/Src/dbms/stack_controller.c:329:5:FillStackFrame	32	static
../Core/Src/dbms/stack_controller.c:345:5:FillStackFrames	32	static
../Core/Src/dbms/stack_controller.c:354:6:StackUpdateVoltReadings	200	static
../Core/Src/dbms/stack_controller.c:397:5:ToggleMonitorChipLed	32	static
../Core/Src/dbms/stack_controller.c:412:5:ToggleAllMonitorChipLeds	32	static
