../Core/Src/dbms/stack_controller.c:15:6:__PrintStackRxFrame	32	static
../Core/Src/dbms/stack_controller.c:29:5:SendStackFrame	24	static
../Core/Src/dbms/stack_controller.c:37:5:SendStackFrameSetCrc	32	static
../Core/Src/dbms/stack_controller.c:57:6:SetBrr	16	static
../Core/Src/dbms/stack_controller.c:69:5:SendStackWakeBlip	24	static
../Core/Src/dbms/stack_controller.c:98:5:SendStackShutdownBlip	24	static
../Core/Src/dbms/stack_controller.c:119:5:StackWake	24	static
../Core/Src/dbms/stack_controller.c:144:5:StackShutdown	24	static
../Core/Src/dbms/stack_controller.c:168:6:SendOtpEccDatain	32	static
../Core/Src/dbms/stack_controller.c:185:6:SendAutoAddr	32	static
../Core/Src/dbms/stack_controller.c:200:6:SendSetStackTop	40	static
../Core/Src/dbms/stack_controller.c:221:6:ReadOtpEccDatain	32	static
../Core/Src/dbms/stack_controller.c:237:6:StackAutoAddr	16	static
../Core/Src/dbms/stack_controller.c:264:6:StackSetNumActiveCells	24	static
../Core/Src/dbms/stack_controller.c:273:6:StackSetupGpio	40	static
../Core/Src/dbms/stack_controller.c:291:6:StackSetupVoltReadings	16	static
../Core/Src/dbms/stack_controller.c:297:10:CalcStackFrameCrc	16	static
../Core/Src/dbms/stack_controller.c:303:6:FillStackFrame	24	static
../Core/Src/dbms/stack_controller.c:313:6:FillStackFrames	32	static
../Core/Src/dbms/stack_controller.c:321:6:StackUpdateVoltReadings	392	static
../Core/Src/dbms/stack_controller.c:381:6:StackUpdateVoltReadingSingle	88	static
../Core/Src/dbms/stack_controller.c:466:6:StackUpdateTempReadings	392	static
../Core/Src/dbms/stack_controller.c:528:6:FillMissingTempReadings	56	static
../Core/Src/dbms/stack_controller.c:560:5:ToggleMonitorChipLed	32	static
../Core/Src/dbms/stack_controller.c:576:5:ToggleAllMonitorChipLeds	32	static
../Core/Src/dbms/stack_controller.c:593:6:MonitorLedBlink	32	static
../Core/Src/dbms/stack_controller.c:619:5:Bridge_Dev_Conf_FAULT_EN	64	static
../Core/Src/dbms/stack_controller.c:662:5:Stack_Dev_Conf_FAULT_EN	32	static
../Core/Src/dbms/stack_controller.c:674:5:Read_Bridge_Fault_Comm	64	static
../Core/Src/dbms/stack_controller.c:724:5:SetFaultMasks	32	static
../Core/Src/dbms/stack_controller.c:737:5:PollFaultSummary	392	static
