../Core/Src/dbms/stack_controller.c:12:6:__PrintStackRxFrame	32	static
../Core/Src/dbms/stack_controller.c:26:5:SendStackFrame	24	static
../Core/Src/dbms/stack_controller.c:34:5:SendStackFrameSetCrc	32	static
../Core/Src/dbms/stack_controller.c:54:6:SetBrr	16	static
../Core/Src/dbms/stack_controller.c:66:5:SendStackWakeBlip	24	static
../Core/Src/dbms/stack_controller.c:95:5:SendStackShutdownBlip	24	static
../Core/Src/dbms/stack_controller.c:116:5:StackWake	24	static
../Core/Src/dbms/stack_controller.c:141:5:StackShutdown	24	static
../Core/Src/dbms/stack_controller.c:165:6:SendOtpEccDatain	32	static
../Core/Src/dbms/stack_controller.c:182:6:SendAutoAddr	32	static
../Core/Src/dbms/stack_controller.c:197:6:SendSetStackTop	40	static
../Core/Src/dbms/stack_controller.c:218:6:ReadOtpEccDatain	32	static
../Core/Src/dbms/stack_controller.c:234:6:StackAutoAddr	16	static
../Core/Src/dbms/stack_controller.c:261:6:StackSetNumActiveCells	24	static
../Core/Src/dbms/stack_controller.c:270:6:StackSetupGpio	40	static
../Core/Src/dbms/stack_controller.c:288:6:StackSetupVoltReadings	16	static
../Core/Src/dbms/stack_controller.c:294:10:CalcStackFrameCrc	16	static
../Core/Src/dbms/stack_controller.c:300:6:FillStackFrame	24	static
../Core/Src/dbms/stack_controller.c:310:6:FillStackFrames	32	static
../Core/Src/dbms/stack_controller.c:318:6:StackUpdateVoltReadings	208	static
../Core/Src/dbms/stack_controller.c:388:6:StackUpdateTempReadings	184	static
../Core/Src/dbms/stack_controller.c:448:6:FillMissingTempReadings	40	static
../Core/Src/dbms/stack_controller.c:474:5:ToggleMonitorChipLed	32	static
../Core/Src/dbms/stack_controller.c:490:5:ToggleAllMonitorChipLeds	32	static
../Core/Src/dbms/stack_controller.c:507:6:MonitorLedBlink	32	static
../Core/Src/dbms/stack_controller.c:534:5:PollFaultRegisters	208	static
../Core/Src/dbms/stack_controller.c:582:6:StackUpdateFaultReadings	24	static
