../Core/Src/dbms/vehicle_interface.c:6:5:ConfigCan	136	static
../Core/Src/dbms/vehicle_interface.c:130:5:ConfigPwmLines	16	static
../Core/Src/dbms/vehicle_interface.c:136:5:SetPwmStates	32	static
../Core/Src/dbms/vehicle_interface.c:148:5:CanTransmit	40	static
../Core/Src/dbms/vehicle_interface.c:184:6:CanLog	556	static
../Core/Src/dbms/vehicle_interface.c:207:5:SendCellVoltages	72	static
../Core/Src/dbms/vehicle_interface.c:236:5:SendCellTemps	72	static
../Core/Src/dbms/vehicle_interface.c:264:6:FillShortModuleName	48	static
../Core/Src/dbms/vehicle_interface.c:280:5:CanReportFault	24	static
../Core/Src/dbms/vehicle_interface.c:322:5:CanTxHeartbeat	16	static
../Core/Src/dbms/vehicle_interface.c:331:5:HandleCanConfig	48	static
../Core/Src/dbms/vehicle_interface.c:370:5:SendMetric	24	static
../Core/Src/dbms/vehicle_interface.c:384:5:SendMetrics	16	static
../Core/Src/dbms/vehicle_interface.c:452:6:ConfigCurrentSensor	16	static
../Core/Src/dbms/vehicle_interface.c:479:9:UnpackCurrentSensorData	144	static
