../Core/Src/main.c:82:5:main	8	static
../Core/Src/main.c:140:6:SystemClock_Config	88	static
../Core/Src/main.c:188:13:MX_ADC1_Init	24	static
../Core/Src/main.c:240:13:MX_CAN2_Init	8	static
../Core/Src/main.c:277:13:MX_I2C2_Init	8	static
../Core/Src/main.c:311:13:MX_TIM1_Init	32	static
../Core/Src/main.c:357:13:MX_UART4_Init	8	static
../Core/Src/main.c:390:13:MX_GPIO_Init	40	static
../Core/Src/main.c:439:6:HAL_CAN_RxFifo0MsgPendingCallback	88	static
../Core/Src/main.c:451:6:HAL_CAN_RxFifo1MsgPendingCallback	88	static
../Core/Src/main.c:469:6:Error_Handler	8	static,ignoring_inline_asm
