../Core/Src/dbms/stack_controller.c:40:6:DelayUs	0	static
../Core/Src/dbms/stack_controller.c:51:10:CalcCrc16	8	static
../Core/Src/dbms/stack_controller.c:62:6:SendStackFrame	0	static
../Core/Src/dbms/stack_controller.c:67:6:SendStackFrameSetCrc	24	static
../Core/Src/dbms/stack_controller.c:77:6:RecvStackFrame	8	static
../Core/Src/dbms/stack_controller.c:85:6:SetBrr	0	static
../Core/Src/dbms/stack_controller.c:94:6:SendStackWakeBlip	16	static
../Core/Src/dbms/stack_controller.c:104:6:SendStackShutdownBlip	16	static
../Core/Src/dbms/stack_controller.c:115:6:StackWake	16	static
../Core/Src/dbms/stack_controller.c:125:6:StackShutdown	16	static
../Core/Src/dbms/stack_controller.c:135:6:SendOtpEccDatain	24	static
../Core/Src/dbms/stack_controller.c:146:6:SendAutoAddr	24	static
../Core/Src/dbms/stack_controller.c:156:6:SendSetStackTop	24	static
../Core/Src/dbms/stack_controller.c:165:6:ReadOtpEccDatain	24	static
../Core/Src/dbms/stack_controller.c:176:6:StackAutoAddr	8	static
../Core/Src/dbms/stack_controller.c:199:6:StackSetNumActiveCells	16	static
../Core/Src/dbms/stack_controller.c:207:6:StackSetupGpio	0	static
../Core/Src/dbms/stack_controller.c:212:6:StackSetupTempReadings	0	static
../Core/Src/dbms/stack_controller.c:217:6:StackSetupVoltReadings	16	static
../Core/Src/dbms/stack_controller.c:223:6:StackUpdateVoltReadings	16	static
